Archive member included to satisfy reference by file (symbol)

app/libapp.a(stdlib.c.obj)    (--whole-archive)
app/libapp.a(activity.c.obj)  (--whole-archive)
app/libapp.a(kscan.c.obj)     (--whole-archive)
app/libapp.a(matrix_transform.c.obj)
                              (--whole-archive)
app/libapp.a(sensors.c.obj)   (--whole-archive)
app/libapp.a(event_manager.c.obj)
                              (--whole-archive)
app/libapp.a(ext_power_generic.c.obj)
                              (--whole-archive)
app/libapp.a(activity_state_changed.c.obj)
                              (--whole-archive)
app/libapp.a(position_state_changed.c.obj)
                              (--whole-archive)
app/libapp.a(sensor_event.c.obj)
                              (--whole-archive)
app/libapp.a(usb_conn_state_changed.c.obj)
                              (--whole-archive)
app/libapp.a(behavior_reset.c.obj)
                              (--whole-archive)
app/libapp.a(behavior_ext_power.c.obj)
                              (--whole-archive)
app/libapp.a(hid.c.obj)       (--whole-archive)
app/libapp.a(behavior_key_press.c.obj)
                              (--whole-archive)
app/libapp.a(behavior_hold_tap.c.obj)
                              (--whole-archive)
app/libapp.a(behavior_sticky_key.c.obj)
                              (--whole-archive)
app/libapp.a(behavior_caps_word.c.obj)
                              (--whole-archive)
app/libapp.a(behavior_key_repeat.c.obj)
                              (--whole-archive)
app/libapp.a(behavior_macro.c.obj)
                              (--whole-archive)
app/libapp.a(behavior_momentary_layer.c.obj)
                              (--whole-archive)
app/libapp.a(behavior_mod_morph.c.obj)
                              (--whole-archive)
app/libapp.a(behavior_outputs.c.obj)
                              (--whole-archive)
app/libapp.a(behavior_tap_dance.c.obj)
                              (--whole-archive)
app/libapp.a(behavior_toggle_layer.c.obj)
                              (--whole-archive)
app/libapp.a(behavior_to_layer.c.obj)
                              (--whole-archive)
app/libapp.a(behavior_transparent.c.obj)
                              (--whole-archive)
app/libapp.a(behavior_none.c.obj)
                              (--whole-archive)
app/libapp.a(behavior_sensor_rotate_key_press.c.obj)
                              (--whole-archive)
app/libapp.a(combo.c.obj)     (--whole-archive)
app/libapp.a(behavior_queue.c.obj)
                              (--whole-archive)
app/libapp.a(conditional_layer.c.obj)
                              (--whole-archive)
app/libapp.a(endpoints.c.obj)
                              (--whole-archive)
app/libapp.a(endpoint_selection_changed.c.obj)
                              (--whole-archive)
app/libapp.a(hid_listener.c.obj)
                              (--whole-archive)
app/libapp.a(keymap.c.obj)    (--whole-archive)
app/libapp.a(layer_state_changed.c.obj)
                              (--whole-archive)
app/libapp.a(modifiers_state_changed.c.obj)
                              (--whole-archive)
app/libapp.a(keycode_state_changed.c.obj)
                              (--whole-archive)
app/libapp.a(ble_active_profile_changed.c.obj)
                              (--whole-archive)
app/libapp.a(behavior_bt.c.obj)
                              (--whole-archive)
app/libapp.a(ble.c.obj)       (--whole-archive)
app/libapp.a(hog.c.obj)       (--whole-archive)
app/libapp.a(battery_state_changed.c.obj)
                              (--whole-archive)
app/libapp.a(battery.c.obj)   (--whole-archive)
app/libapp.a(split_peripheral_status_changed.c.obj)
                              (--whole-archive)
app/libapp.a(central.c.obj)   (--whole-archive)
app/libapp.a(usb.c.obj)       (--whole-archive)
app/libapp.a(usb_hid.c.obj)   (--whole-archive)
app/libapp.a(main.c.obj)      (--whole-archive)
zephyr/libzephyr.a(cbprintf.c.obj)
                              (--whole-archive)
zephyr/libzephyr.a(cbprintf_packaged.c.obj)
                              (--whole-archive)
zephyr/libzephyr.a(crc32c_sw.c.obj)
                              (--whole-archive)
zephyr/libzephyr.a(crc32_sw.c.obj)
                              (--whole-archive)
zephyr/libzephyr.a(crc16_sw.c.obj)
                              (--whole-archive)
zephyr/libzephyr.a(crc8_sw.c.obj)
                              (--whole-archive)
zephyr/libzephyr.a(crc7_sw.c.obj)
                              (--whole-archive)
zephyr/libzephyr.a(dec.c.obj)
                              (--whole-archive)
zephyr/libzephyr.a(fdtable.c.obj)
                              (--whole-archive)
zephyr/libzephyr.a(hex.c.obj)
                              (--whole-archive)
zephyr/libzephyr.a(notify.c.obj)
                              (--whole-archive)
zephyr/libzephyr.a(printk.c.obj)
                              (--whole-archive)
zephyr/libzephyr.a(onoff.c.obj)
                              (--whole-archive)
[...]
Memory Configuration

Name             Origin             Length             Attributes
FLASH            0x0000000000026000 0x00000000000c6000 xr
SRAM             0x0000000020000000 0x0000000000040000 xw
IDT_LIST         0x00000000fffff7ff 0x0000000000000800 xw
*default*        0x0000000000000000 0xffffffffffffffff

Linker script and memory map

LOAD zephyr/CMakeFiles/zephyr_pre1.dir/misc/empty_file.c.obj
LOAD zephyr/CMakeFiles/zephyr_pre1.dir/dev_handles.c.obj
LOAD zephyr/CMakeFiles/offsets.dir/./arch/arm/core/offsets/offsets.c.obj
                0x0000000000000020                _region_min_align = 0x20

.rel.plt        0x0000000000026000        0x0
 *(SORT_BY_ALIGNMENT(.rel.plt))
                [!provide]                        PROVIDE (__rel_iplt_start = .)
 *(SORT_BY_ALIGNMENT(.rel.iplt))
 .rel.iplt      0x0000000000026000        0x0 app/libapp.a(stdlib.c.obj)
                [!provide]                        PROVIDE (__rel_iplt_end = .)

.rela.plt       0x0000000000000000        0x0
 *(SORT_BY_ALIGNMENT(.rela.plt))
                [!provide]                        PROVIDE (__rela_iplt_start = .)
 *(SORT_BY_ALIGNMENT(.rela.iplt))
                [!provide]                        PROVIDE (__rela_iplt_end = .)

.rel.dyn
 *(SORT_BY_ALIGNMENT(.rel.*))

.rela.dyn
 *(SORT_BY_ALIGNMENT(.rela.*))

/DISCARD/
 *(SORT_BY_ALIGNMENT(.plt))

/DISCARD/
 *(SORT_BY_ALIGNMENT(.iplt))
                0x0000000000026000                __rom_region_start = 0x26000

rom_start       0x0000000000026000      0x100
                0x0000000000000000                . = 0x0
                0x0000000000000000                . = ALIGN (0x4)
                0x0000000000000000                . = ALIGN (0x80)
                0x0000000000000000                . = ALIGN (0x100)
                0x0000000000026000                _vector_start = .
 *(SORT_BY_ALIGNMENT(.exc_vector_table))
 *(SORT_BY_ALIGNMENT(.exc_vector_table.*))
 .exc_vector_table._vector_table_section
                0x0000000000026000       0x40 zephyr/arch/arch/arm/core/aarch32/cortex_m/libarch__arm__core__aarch32__cortex_m.a(vector_table.S.obj)
                0x0000000000026000                _vector_table
 *(SORT_BY_ALIGNMENT(.gnu.linkonce.irq_vector_table*))
 .gnu.linkonce.irq_vector_table
                0x0000000000026040       0xc0 zephyr/arch/common/libisr_tables.a(isr_tables.c.obj)
                0x0000000000026040                _irq_vector_table
 *(SORT_BY_ALIGNMENT(.vectors))
                0x0000000000026100                _vector_end = .

text            0x0000000000026100    0x2b188
                0x0000000000026100                __text_region_start = .
 *(SORT_BY_ALIGNMENT(.text))
 .text          0x0000000000026100       0x30 /opt/zephyr-sdk/arm-zephyr-eabi/bin/../lib/gcc/arm-zephyr-eabi/12.1.0/thumb/v7e-m/nofp/libgcc.a(_aeabi_uldivmod.o)
                0x0000000000026100                __aeabi_uldivmod
 .text          0x0000000000026130        0x4 /opt/zephyr-sdk/arm-zephyr-eabi/bin/../lib/gcc/arm-zephyr-eabi/12.1.0/thumb/v7e-m/nofp/libgcc.a(_dvmd_tls.o)
                0x0000000000026130                __aeabi_ldiv0
                0x0000000000026130                __aeabi_idiv0
 .text          0x0000000000026134      0x2a0 /opt/zephyr-sdk/arm-zephyr-eabi/bin/../lib/gcc/arm-zephyr-eabi/12.1.0/thumb/v7e-m/nofp/libgcc.a(_udivmoddi4.o)
                0x0000000000026134                __udivmoddi4
 *(SORT_BY_ALIGNMENT(.text.*))
 *fill*         0x00000000000263d4        0x4 
 .text.bt_init  0x00000000000263d8      0x420 zephyr/subsys/bluetooth/host/libsubsys__bluetooth__host.a(hci_core.c.obj)
 .text.ull_drift_ticks_get
                0x00000000000267f8       0x94 zephyr/subsys/bluetooth/controller/libsubsys__bluetooth__controller.a(ull.c.obj)
                0x00000000000267f8                ull_drift_ticks_get
 *fill*         0x000000000002688c        0x4 
 .text.ll_adv_enable
                0x0000000000026890      0x460 zephyr/subsys/bluetooth/controller/libsubsys__bluetooth__controller.a(ull_adv.c.obj)
                0x0000000000026890                ll_adv_enable
 .text.ull_adv_time_update
                0x0000000000026cf0       0xb0 zephyr/subsys/bluetooth/controller/libsubsys__bluetooth__controller.a(ull_adv.c.obj)
                0x0000000000026cf0                ull_adv_time_update
 .text.ll_scan_params_set
                0x0000000000026da0       0x70 zephyr/subsys/bluetooth/controller/libsubsys__bluetooth__controller.a(ull_scan.c.obj)
                0x0000000000026da0                ll_scan_params_set
 .text.ull_scan_params_set
                0x0000000000026e10       0x54 zephyr/subsys/bluetooth/controller/libsubsys__bluetooth__controller.a(ull_scan.c.obj)
                0x0000000000026e10                ull_scan_params_set
 *fill*         0x0000000000026e64        0x4 
 .text.ull_scan_enable
                0x0000000000026e68      0x170 zephyr/subsys/bluetooth/controller/libsubsys__bluetooth__controller.a(ull_scan.c.obj)
                0x0000000000026e68                ull_scan_enable
 .text.event_conn_upd_prep
                0x0000000000026fd8      0x750 zephyr/subsys/bluetooth/controller/libsubsys__bluetooth__controller.a(ull_conn.c.obj)
 .text.ull_periph_setup
                0x0000000000027728      0x4cc zephyr/subsys/bluetooth/controller/libsubsys__bluetooth__controller.a(ull_peripheral.c.obj)
                0x0000000000027728                ull_periph_setup
 *fill*         0x0000000000027bf4        0x4 
 .text.ll_create_connection
                0x0000000000027bf8      0x4cc zephyr/subsys/bluetooth/controller/libsubsys__bluetooth__controller.a(ull_central.c.obj)
                0x0000000000027bf8                ll_create_connection
 *fill*         0x00000000000280c4        0x4 
 .text.ull_central_setup
                0x00000000000280c8      0x280 zephyr/subsys/bluetooth/controller/libsubsys__bluetooth__controller.a(ull_central.c.obj)
                0x00000000000280c8                ull_central_setup
 .text.ull_sched_after_mstr_slot_get
                0x0000000000028348      0x11c zephyr/subsys/bluetooth/controller/libsubsys__bluetooth__controller.a(ull_sched.c.obj)
                0x0000000000028348                ull_sched_after_mstr_slot_get
 *fill*         0x0000000000028464        0x4 
 .text.after_mstr_offset_get
                0x0000000000028468       0x94 zephyr/subsys/bluetooth/controller/libsubsys__bluetooth__controller.a(ull_sched.c.obj)
 *fill*         0x00000000000284fc        0x4 
 .text.ull_sched_mfy_win_offset_select
                0x0000000000028500      0x10c zephyr/subsys/bluetooth/controller/libsubsys__bluetooth__controller.a(ull_sched.c.obj)
                0x0000000000028500                ull_sched_mfy_win_offset_select
 *fill*         0x000000000002860c        0x4 
 .text.isr_window
                0x0000000000028610       0x9c zephyr/subsys/bluetooth/controller/libsubsys__bluetooth__controller.a(lll_scan.c.obj)
 *fill*         0x00000000000286ac        0x4 
 .text.isr_rx   0x00000000000286b0      0x550 zephyr/subsys/bluetooth/controller/libsubsys__bluetooth__controller.a(lll_scan.c.obj)
 .text.nrf_flash_sync_exe
                0x0000000000028c00       0xf8 zephyr/drivers/flash/libdrivers__flash.a(soc_flash_nrf_ticker.c.obj)
                0x0000000000028c00                nrf_flash_sync_exe
 .text.nrf_flash_sync_check_time_limit
                0x0000000000028cf8       0x48 zephyr/drivers/flash/libdrivers__flash.a(soc_flash_nrf_ticker.c.obj)
                0x0000000000028cf8                nrf_flash_sync_check_time_limit
 .text.activity_expiry_function
                0x0000000000028d40        0xc app/libapp.a(activity.c.obj)
                0x0000000000028d40                activity_expiry_function
 .text.activity_init
                0x0000000000028d4c       0x3c app/libapp.a(activity.c.obj)
                0x0000000000028d4c                activity_init
 .text.raise_event
                0x0000000000028d88       0x18 app/libapp.a(activity.c.obj)
                0x0000000000028d88                raise_event
 .text.set_state
                0x0000000000028da0       0x18 app/libapp.a(activity.c.obj)
                0x0000000000028da0                set_state
 .text.activity_event_listener
                0x0000000000028db8       0x2c app/libapp.a(activity.c.obj)
                0x0000000000028db8                activity_event_listener
 .text.activity_work_handler
                0x0000000000028de4       0x38 app/libapp.a(activity.c.obj)
                0x0000000000028de4                activity_work_handler
 .text.zmk_kscan_process_msgq
                0x0000000000028e1c       0x68 app/libapp.a(kscan.c.obj)
                0x0000000000028e1c                zmk_kscan_process_msgq
 .text.zmk_kscan_callback
                0x0000000000028e84       0x2c app/libapp.a(kscan.c.obj)
 .text.zmk_kscan_init
                0x0000000000028eb0       0x3c app/libapp.a(kscan.c.obj)
                0x0000000000028eb0                zmk_kscan_init
 .text.zmk_matrix_transform_row_column_to_position
                0x0000000000028eec       0x14 app/libapp.a(matrix_transform.c.obj)
                0x0000000000028eec                zmk_matrix_transform_row_column_to_position
 .text.zmk_event_manager_handle_from
                0x0000000000028f00       0x5c app/libapp.a(event_manager.c.obj)
                0x0000000000028f00                zmk_event_manager_handle_from
 .text.new_zmk_activity_state_changed
                0x0000000000028f5c       0x18 app/libapp.a(activity_state_changed.c.obj)
                0x0000000000028f5c                new_zmk_activity_state_changed
 .text.new_zmk_position_state_changed
                0x0000000000028f74       0x38 app/libapp.a(position_state_changed.c.obj)
                0x0000000000028f74                new_zmk_position_state_changed
 .text.as_zmk_position_state_changed
                0x0000000000028fac       0x14 app/libapp.a(position_state_changed.c.obj)
                0x0000000000028fac                as_zmk_position_state_changed
 .text.new_zmk_usb_conn_state_changed
                0x0000000000028fc0       0x18 app/libapp.a(usb_conn_state_changed.c.obj)
                0x0000000000028fc0                new_zmk_usb_conn_state_changed
 .text.on_keymap_binding_pressed
                0x0000000000028fd8       0x58 app/libapp.a(behavior_ext_power.c.obj)
 .text.on_keymap_binding_convert_central_state_dependent_params
                0x0000000000029030       0x40 app/libapp.a(behavior_ext_power.c.obj)
 .text.zmk_hid_register_mod
                0x0000000000029070       0x34 app/libapp.a(hid.c.obj)
                0x0000000000029070                zmk_hid_register_mod
 .text.zmk_hid_unregister_mod
                0x00000000000290a4       0x44 app/libapp.a(hid.c.obj)
                0x00000000000290a4                zmk_hid_unregister_mod
 .text.zmk_hid_implicit_modifiers_press
                0x00000000000290e8       0x1c app/libapp.a(hid.c.obj)
                0x00000000000290e8                zmk_hid_implicit_modifiers_press
 .text.zmk_hid_implicit_modifiers_release
                0x0000000000029104       0x1c app/libapp.a(hid.c.obj)
                0x0000000000029104                zmk_hid_implicit_modifiers_release
 .text.zmk_hid_keyboard_press
                0x0000000000029120       0x30 app/libapp.a(hid.c.obj)
                0x0000000000029120                zmk_hid_keyboard_press
 .text.zmk_hid_keyboard_release
                0x0000000000029150       0x34 app/libapp.a(hid.c.obj)
                0x0000000000029150                zmk_hid_keyboard_release
 .text.zmk_hid_keyboard_clear
                0x0000000000029184       0x10 app/libapp.a(hid.c.obj)
                0x0000000000029184                zmk_hid_keyboard_clear
 .text.zmk_hid_consumer_press
                0x0000000000029194       0x28 app/libapp.a(hid.c.obj)
                0x0000000000029194                zmk_hid_consumer_press
 .text.zmk_hid_consumer_release
                0x00000000000291bc       0x28 app/libapp.a(hid.c.obj)
                0x00000000000291bc                zmk_hid_consumer_release
 .text.zmk_hid_consumer_clear
                0x00000000000291e4       0x10 app/libapp.a(hid.c.obj)
                0x00000000000291e4                zmk_hid_consumer_clear
 .text.zmk_hid_get_keyboard_report
                0x00000000000291f4        0x8 app/libapp.a(hid.c.obj)
                0x00000000000291f4                zmk_hid_get_keyboard_report
 .text.zmk_hid_get_consumer_report
                0x00000000000291fc        0x8 app/libapp.a(hid.c.obj)
                0x00000000000291fc                zmk_hid_get_consumer_report
 .text.handle_control_binding
                0x0000000000029204       0x6c app/libapp.a(behavior_macro.c.obj)
 .text.behavior_macro_init
                0x0000000000029270       0x5c app/libapp.a(behavior_macro.c.obj)
 .text.find_tap_dance
                0x00000000000292cc       0x2c app/libapp.a(behavior_tap_dance.c.obj)
 .text.behavior_tap_dance_init
                0x00000000000292f8       0x40 app/libapp.a(behavior_tap_dance.c.obj)
 .text.on_tap_dance_binding_pressed
                0x0000000000029338       0xf4 app/libapp.a(behavior_tap_dance.c.obj)
 .text.tap_dance_position_state_changed_listener
                0x000000000002942c       0x70 app/libapp.a(behavior_tap_dance.c.obj)
 .text.behavior_queue_process_next
                0x000000000002949c       0xec app/libapp.a(behavior_queue.c.obj)
 .text.zmk_behavior_queue_add
                0x0000000000029588       0x58 app/libapp.a(behavior_queue.c.obj)
                0x0000000000029588                zmk_behavior_queue_add
 .text.layer_state_changed_listener
                0x00000000000295e0       0x60 app/libapp.a(conditional_layer.c.obj)
 .text.send_keyboard_report
                0x0000000000029640       0x30 app/libapp.a(endpoints.c.obj)
 .text.send_consumer_report
                0x0000000000029670       0x30 app/libapp.a(endpoints.c.obj)
 .text.endpoints_save_preferred_work
                0x00000000000296a0       0x14 app/libapp.a(endpoints.c.obj)
 .text.zmk_endpoints_init
                0x00000000000296b4       0x34 app/libapp.a(endpoints.c.obj)
 .text.update_current_endpoint
                0x00000000000296e8       0x58 app/libapp.a(endpoints.c.obj)
 .text.endpoints_handle_set
                0x0000000000029740       0x3c app/libapp.a(endpoints.c.obj)
 .text.new_zmk_endpoint_selection_changed
                0x000000000002977c       0x18 app/libapp.a(endpoint_selection_changed.c.obj)
                0x000000000002977c                new_zmk_endpoint_selection_changed
 .text.set_layer_state
                0x0000000000029794       0x70 app/libapp.a(keymap.c.obj)
 .text.zmk_keymap_layer_state
                0x0000000000029804        0xc app/libapp.a(keymap.c.obj)
                0x0000000000029804                zmk_keymap_layer_state
 .text.zmk_keymap_layer_active
                0x0000000000029810        0xc app/libapp.a(keymap.c.obj)
                0x0000000000029810                zmk_keymap_layer_active
 .text.zmk_keymap_apply_position_state
                0x000000000002981c      0x100 app/libapp.a(keymap.c.obj)
                0x000000000002981c                zmk_keymap_apply_position_state
 .text.zmk_keymap_position_state_changed
                0x000000000002991c       0x54 app/libapp.a(keymap.c.obj)
                0x000000000002991c                zmk_keymap_position_state_changed
 .text.new_zmk_layer_state_changed
                0x0000000000029970       0x2c app/libapp.a(layer_state_changed.c.obj)
                0x0000000000029970                new_zmk_layer_state_changed
 .text.new_zmk_keycode_state_changed
                0x000000000002999c       0x38 app/libapp.a(keycode_state_changed.c.obj)
                0x000000000002999c                new_zmk_keycode_state_changed
 .text.as_zmk_keycode_state_changed
                0x00000000000299d4       0x14 app/libapp.a(keycode_state_changed.c.obj)
                0x00000000000299d4                as_zmk_keycode_state_changed
 .text.new_zmk_ble_active_profile_changed
                0x00000000000299e8       0x2c app/libapp.a(ble_active_profile_changed.c.obj)
                0x00000000000299e8                new_zmk_ble_active_profile_changed
 .text.raise_profile_changed_event
                0x0000000000029a14       0x30 app/libapp.a(ble.c.obj)
 .text.ble_save_profile_work
                0x0000000000029a44       0x14 app/libapp.a(ble.c.obj)
 .text.bt_addr_le_to_str.constprop.0.isra.0
                0x0000000000029a58       0x78 app/libapp.a(ble.c.obj)
 .text.ble_profiles_handle_set
                0x0000000000029ad0       0xbc app/libapp.a(ble.c.obj)
 .text.disconnected
                0x0000000000029b8c       0x60 app/libapp.a(ble.c.obj)
 .text.zmk_ble_active_profile_is_open
                0x0000000000029bec       0x38 app/libapp.a(ble.c.obj)
                0x0000000000029bec                zmk_ble_active_profile_is_open
 .text.set_profile_address
                0x0000000000029c24       0x58 app/libapp.a(ble.c.obj)
                0x0000000000029c24                set_profile_address
 .text.zmk_ble_active_profile_is_connected
                0x0000000000029c7c       0x48 app/libapp.a(ble.c.obj)
                0x0000000000029c7c                zmk_ble_active_profile_is_connected
 .text.update_advertising
                0x0000000000029cc4       0xa8 app/libapp.a(ble.c.obj)
                0x0000000000029cc4                update_advertising
 .text.auth_pairing_complete
                0x0000000000029d6c       0x44 app/libapp.a(ble.c.obj)
 .text.connected
                0x0000000000029db0       0x78 app/libapp.a(ble.c.obj)
 .text.zmk_ble_init
                0x0000000000029e28       0x60 app/libapp.a(ble.c.obj)
 .text.zmk_ble_active_profile_addr
                0x0000000000029e88       0x1c app/libapp.a(ble.c.obj)
                0x0000000000029e88                zmk_ble_active_profile_addr
 .text.zmk_ble_set_peripheral_addr
                0x0000000000029ea4       0x24 app/libapp.a(ble.c.obj)
                0x0000000000029ea4                zmk_ble_set_peripheral_addr
 .text.read_hids_report_map
                0x0000000000029ec8       0x1c app/libapp.a(hog.c.obj)
 .text.zmk_hog_init
                0x0000000000029ee4       0x28 app/libapp.a(hog.c.obj)
                0x0000000000029ee4                zmk_hog_init
 .text.send_keyboard_report_callback
                0x0000000000029f0c       0x58 app/libapp.a(hog.c.obj)
                0x0000000000029f0c                send_keyboard_report_callback
 .text.send_consumer_report_callback
                0x0000000000029f64       0x5c app/libapp.a(hog.c.obj)
                0x0000000000029f64                send_consumer_report_callback
 .text.zmk_hog_send_keyboard_report
                0x0000000000029fc0       0x4c app/libapp.a(hog.c.obj)
                0x0000000000029fc0                zmk_hog_send_keyboard_report
 .text.zmk_hog_send_consumer_report
                0x000000000002a00c       0x50 app/libapp.a(hog.c.obj)
                0x000000000002a00c                zmk_hog_send_consumer_report
 .text.new_zmk_battery_state_changed
                0x000000000002a05c       0x18 app/libapp.a(battery_state_changed.c.obj)
                0x000000000002a05c                new_zmk_battery_state_changed
 .text.zmk_battery_timer
                0x000000000002a074        0xc app/libapp.a(battery.c.obj)
 .text.zmk_battery_update.constprop.0
                0x000000000002a080       0x48 app/libapp.a(battery.c.obj)
 .text.zmk_battery_init
                0x000000000002a0c8       0x38 app/libapp.a(battery.c.obj)
 .text.start_scan
                0x000000000002a100       0x24 app/libapp.a(central.c.obj)
 .text.zmk_split_bt_central_init
                0x000000000002a124       0x30 app/libapp.a(central.c.obj)
                0x000000000002a124                zmk_split_bt_central_init
 .text.split_bt_invoke_behavior_payload
                0x000000000002a154       0x60 app/libapp.a(central.c.obj)
 .text.bt_addr_le_to_str.constprop.0.isra.0
                0x000000000002a1b4       0x78 app/libapp.a(central.c.obj)
 .text.split_central_device_found
                0x000000000002a22c       0x28 app/libapp.a(central.c.obj)
 .text.peripheral_event_work_callback
                0x000000000002a254       0x38 app/libapp.a(central.c.obj)
                0x000000000002a254                peripheral_event_work_callback
 .text.split_central_split_run_callback
                0x000000000002a28c       0x4c app/libapp.a(central.c.obj)
                0x000000000002a28c                split_central_split_run_callback
 .text.peripheral_slot_index_for_conn
                0x000000000002a2d8       0x14 app/libapp.a(central.c.obj)
                0x000000000002a2d8                peripheral_slot_index_for_conn
 .text.peripheral_slot_for_conn
                0x000000000002a2ec       0x1c app/libapp.a(central.c.obj)
                0x000000000002a2ec                peripheral_slot_for_conn
 .text.split_central_process_connection
                0x000000000002a308       0x54 app/libapp.a(central.c.obj)
 .text.split_central_service_discovery_func
                0x000000000002a35c       0x7c app/libapp.a(central.c.obj)
 .text.split_central_notify_func
                0x000000000002a3d8       0xc4 app/libapp.a(central.c.obj)
 .text.split_central_chrc_discovery_func
                0x000000000002a49c       0xe8 app/libapp.a(central.c.obj)
 .text.release_peripheral_slot
                0x000000000002a584       0xbc app/libapp.a(central.c.obj)
                0x000000000002a584                release_peripheral_slot
 .text.reserve_peripheral_slot
                0x000000000002a640       0x20 app/libapp.a(central.c.obj)
                0x000000000002a640                reserve_peripheral_slot
 .text.split_central_eir_found
                0x000000000002a660      0x118 app/libapp.a(central.c.obj)
 .text.confirm_peripheral_slot_conn
                0x000000000002a778       0x1c app/libapp.a(central.c.obj)
                0x000000000002a778                confirm_peripheral_slot_conn
 .text.usb_status_cb
                0x000000000002a794       0x14 app/libapp.a(usb.c.obj)
                0x000000000002a794                usb_status_cb
 .text.zmk_usb_init
                0x000000000002a7a8       0x18 app/libapp.a(usb.c.obj)
 .text.zmk_usb_get_status
                0x000000000002a7c0        0xc app/libapp.a(usb.c.obj)
                0x000000000002a7c0                zmk_usb_get_status
 .text.zmk_usb_get_conn_state
                0x000000000002a7cc       0x28 app/libapp.a(usb.c.obj)
                0x000000000002a7cc                zmk_usb_get_conn_state
 .text.zmk_usb_hid_init
                0x000000000002a7f4       0x38 app/libapp.a(usb_hid.c.obj)
 .text.in_ready_cb
                0x000000000002a82c        0xc app/libapp.a(usb_hid.c.obj)
 .text.zmk_usb_hid_send_report
                0x000000000002a838       0x5c app/libapp.a(usb_hid.c.obj)
                0x000000000002a838                zmk_usb_hid_send_report
 .text.main     0x000000000002a894        0xc app/libapp.a(main.c.obj)
                0x000000000002a894                main
 .text.crc8_ccitt
                0x000000000002a8a0       0x2c zephyr/libzephyr.a(crc8_sw.c.obj)
                0x000000000002a8a0                crc8_ccitt
 .text.char_out
                0x000000000002a8cc       0x10 zephyr/libzephyr.a(printk.c.obj)
 .text.vprintk  0x000000000002a8dc       0x1c zephyr/libzephyr.a(printk.c.obj)
                0x000000000002a8dc                vprintk
 .text.vsnprintk
                0x000000000002a8f8       0x28 zephyr/libzephyr.a(printk.c.obj)
                0x000000000002a8f8                vsnprintk
 .text.process_event
                0x000000000002a920      0x21c zephyr/libzephyr.a(onoff.c.obj)
 .text.cbvprintf
                0x000000000002ab3c      0x448 zephyr/libzephyr.a(cbprintf_nano.c.obj)
                0x000000000002ab3c                cbvprintf
 .text.sys_reboot
                0x000000000002af84       0x28 zephyr/libzephyr.a(reboot.c.obj)
                0x000000000002af84                sys_reboot
 .text.read_pnp_id
                0x000000000002afac       0x1c zephyr/libzephyr.a(dis.c.obj)
 .text.read_blvl
                0x000000000002afc8       0x28 zephyr/libzephyr.a(bas.c.obj)
 .text.bt_bas_set_battery_level
                0x000000000002aff0       0x50 zephyr/libzephyr.a(bas.c.obj)
                0x000000000002aff0                bt_bas_set_battery_level
 .text.nvs_recover_last_ate
                0x000000000002b040       0x64 zephyr/libzephyr.a(nvs.c.obj)
 .text.nvs_init
                0x000000000002b0a4      0x2d0 zephyr/libzephyr.a(nvs.c.obj)
                0x000000000002b0a4                nvs_init
 .text.nvs_write
                0x000000000002b374      0x1a0 zephyr/libzephyr.a(nvs.c.obj)
                0x000000000002b374                nvs_write
 .text.class_handler
                0x000000000002b514       0x40 zephyr/libzephyr.a(usb_device.c.obj)
 .text.custom_handler
                0x000000000002b554       0x60 zephyr/libzephyr.a(usb_device.c.obj)
 .text.vendor_handler
                0x000000000002b5b4       0x3c zephyr/libzephyr.a(usb_device.c.obj)
 .text.set_endpoint
                0x000000000002b5f0       0x54 zephyr/libzephyr.a(usb_device.c.obj)
 .text.usb_reset_alt_setting
                0x000000000002b644       0x10 zephyr/libzephyr.a(usb_device.c.obj)
 .text.is_ep_valid.part.0
                0x000000000002b654       0x38 zephyr/libzephyr.a(usb_device.c.obj)
 .text.usb_handle_request.constprop.0
                0x000000000002b68c       0x2c zephyr/libzephyr.a(usb_device.c.obj)
 .text.forward_status_cb
                0x000000000002b6b8       0xa0 zephyr/libzephyr.a(usb_device.c.obj)
 .text.usb_halt_endpoint_req.isra.0
                0x000000000002b758       0x50 zephyr/libzephyr.a(usb_device.c.obj)
 .text.usb_handle_standard_request
                0x000000000002b7a8      0x2f0 zephyr/libzephyr.a(usb_device.c.obj)
 .text.usb_data_to_host
                0x000000000002ba98       0x54 zephyr/libzephyr.a(usb_device.c.obj)
 .text.usb_handle_control_transfer
                0x000000000002baec       0xdc zephyr/libzephyr.a(usb_device.c.obj)
 .text.usb_wakeup_request
                0x000000000002bbc8       0x18 zephyr/libzephyr.a(usb_device.c.obj)
                0x000000000002bbc8                usb_wakeup_request
 .text.usb_set_config
                0x000000000002bbe0       0x2c zephyr/libzephyr.a(usb_device.c.obj)
                0x000000000002bbe0                usb_set_config
 .text.usb_device_init
                0x000000000002bc0c       0x28 zephyr/libzephyr.a(usb_device.c.obj)
 .text.usb_enable
                0x000000000002bc34       0xf4 zephyr/libzephyr.a(usb_device.c.obj)
                0x000000000002bc34                usb_enable
 .text.usb_update_sn_string_descriptor
                0x000000000002bd28       0x88 zephyr/libzephyr.a(usb_descriptor.c.obj)
                0x000000000002bd28                usb_update_sn_string_descriptor
 .text.usb_get_device_descriptor
                0x000000000002bdb0      0x1ac zephyr/libzephyr.a(usb_descriptor.c.obj)
                0x000000000002bdb0                usb_get_device_descriptor
 .text.usb_ep_get_transfer
                0x000000000002bf5c       0x2c zephyr/libzephyr.a(usb_transfer.c.obj)
 .text.usb_transfer_work
                0x000000000002bf88      0x110 zephyr/libzephyr.a(usb_transfer.c.obj)
 .text.usb_cancel_transfer
                0x000000000002c098       0x3c zephyr/libzephyr.a(usb_transfer.c.obj)
                0x000000000002c098                usb_cancel_transfer
 .text.usb_cancel_transfers
                0x000000000002c0d4       0x48 zephyr/libzephyr.a(usb_transfer.c.obj)
                0x000000000002c0d4                usb_cancel_transfers
 .text.usb_transfer_init
                0x000000000002c11c       0x34 zephyr/libzephyr.a(usb_transfer.c.obj)
                0x000000000002c11c                usb_transfer_init
 .text.flash_area_open
                0x000000000002c150       0x3c zephyr/libzephyr.a(flash_map.c.obj)
                0x000000000002c150                flash_area_open
 .text.flash_area_get_sectors
                0x000000000002c18c       0x68 zephyr/libzephyr.a(flash_map_layout.c.obj)
                0x000000000002c18c                flash_area_get_sectors
 .text.settings_save_one
                0x000000000002c1f4       0x4c zephyr/libzephyr.a(settings_store.c.obj)
                0x000000000002c1f4                settings_save_one
 .text.settings_src_register
                0x000000000002c240       0x1c zephyr/libzephyr.a(settings_store.c.obj)
                0x000000000002c240                settings_src_register
 .text.settings_dst_register
                0x000000000002c25c        0xc zephyr/libzephyr.a(settings_store.c.obj)
                0x000000000002c25c                settings_dst_register
 .text.settings_load_subtree
                0x000000000002c268       0x4c zephyr/libzephyr.a(settings_store.c.obj)
                0x000000000002c268                settings_load_subtree
 .text.settings_load_subtree_direct
                0x000000000002c2b4       0x40 zephyr/libzephyr.a(settings_store.c.obj)
                0x000000000002c2b4                settings_load_subtree_direct
 .text.settings_store_init
                0x000000000002c2f4       0x10 zephyr/libzephyr.a(settings_store.c.obj)
                0x000000000002c2f4                settings_store_init
 .text.settings_init
                0x000000000002c304       0x10 zephyr/libzephyr.a(settings.c.obj)
                0x000000000002c304                settings_init
 .text.settings_register
                0x000000000002c314       0x80 zephyr/libzephyr.a(settings.c.obj)
                0x000000000002c314                settings_register
 .text.settings_parse_and_lookup
                0x000000000002c394       0x98 zephyr/libzephyr.a(settings.c.obj)
                0x000000000002c394                settings_parse_and_lookup
 .text.settings_commit_subtree
                0x000000000002c42c       0x70 zephyr/libzephyr.a(settings.c.obj)
                0x000000000002c42c                settings_commit_subtree
 .text.settings_subsys_init
                0x000000000002c49c       0x24 zephyr/libzephyr.a(settings_init.c.obj)
                0x000000000002c49c                settings_subsys_init
 .text.settings_nvs_load
                0x000000000002c4c0       0xbc zephyr/libzephyr.a(settings_nvs.c.obj)
 .text.settings_backend_init
                0x000000000002c57c       0x98 zephyr/libzephyr.a(settings_nvs.c.obj)
                0x000000000002c57c                settings_backend_init
 .text.pm_state_notify
                0x000000000002c614       0x5c zephyr/libzephyr.a(pm.c.obj)
 .text.atomic_clear_bit.constprop.0
                0x000000000002c670       0x30 zephyr/libzephyr.a(pm.c.obj)
 .text.pm_system_resume
                0x000000000002c6a0       0x84 zephyr/libzephyr.a(pm.c.obj)
                0x000000000002c6a0                pm_system_resume
 .text.pm_system_suspend
                0x000000000002c724       0xf8 zephyr/libzephyr.a(pm.c.obj)
                0x000000000002c724                pm_system_suspend
 .text.pm_constraint_get
                0x000000000002c81c       0x1c zephyr/libzephyr.a(constraint.c.obj)
                0x000000000002c81c                pm_constraint_get
 .text.pm_state_cpu_get_all
                0x000000000002c838       0x10 zephyr/libzephyr.a(state.c.obj)
                0x000000000002c838                pm_state_cpu_get_all
 .text.pm_policy_next_state
                0x000000000002c848       0x80 zephyr/libzephyr.a(residency.c.obj)
                0x000000000002c848                pm_policy_next_state
 .text.uECC_get_rng
                0x000000000002c8c8        0xc zephyr/libzephyr.a(ecc.c.obj)
                0x000000000002c8c8                uECC_get_rng
 .text.vli_mmod_fast_secp256r1
                0x000000000002c8d4      0x184 zephyr/libzephyr.a(ecc.c.obj)
                0x000000000002c8d4                vli_mmod_fast_secp256r1
 .text.sub_bytes
                0x000000000002ca58       0x18 zephyr/libzephyr.a(aes_encrypt.c.obj)
 .text.tc_aes128_set_encrypt_key
                0x000000000002ca70       0xa4 zephyr/libzephyr.a(aes_encrypt.c.obj)
                0x000000000002ca70                tc_aes128_set_encrypt_key
 .text.z_arm_cpu_idle_init
                0x000000000002cb14        0xc zephyr/arch/arch/arm/core/aarch32/libarch__arm__core__aarch32.a(cpu_idle.S.obj)
                0x000000000002cb14                z_arm_cpu_idle_init
 .text.arch_cpu_idle
                0x000000000002cb20       0x1c zephyr/arch/arch/arm/core/aarch32/libarch__arm__core__aarch32.a(cpu_idle.S.obj)
                0x000000000002cb20                arch_cpu_idle
 .text.arch_cpu_atomic_idle
                0x000000000002cb3c       0x14 zephyr/arch/arch/arm/core/aarch32/libarch__arm__core__aarch32.a(cpu_idle.S.obj)
                0x000000000002cb3c                arch_cpu_atomic_idle
 .text.arch_irq_enable
                0x000000000002cb50       0x1c zephyr/arch/arch/arm/core/aarch32/libarch__arm__core__aarch32.a(irq_manage.c.obj)
                0x000000000002cb50                arch_irq_enable
 .text.arch_irq_disable
                0x000000000002cb6c       0x28 zephyr/arch/arch/arm/core/aarch32/libarch__arm__core__aarch32.a(irq_manage.c.obj)
                0x000000000002cb6c                arch_irq_disable
 .text.arch_irq_is_enabled
                0x000000000002cb94       0x1c zephyr/arch/arch/arm/core/aarch32/libarch__arm__core__aarch32.a(irq_manage.c.obj)
                0x000000000002cb94                arch_irq_is_enabled
 .text.z_arm_irq_priority_set
                0x000000000002cbb0       0x30 zephyr/arch/arch/arm/core/aarch32/libarch__arm__core__aarch32.a(irq_manage.c.obj)
                0x000000000002cbb0                z_arm_irq_priority_set
 .text._arch_isr_direct_pm
                0x000000000002cbe0       0x1c zephyr/arch/arch/arm/core/aarch32/libarch__arm__core__aarch32.a(irq_manage.c.obj)
                0x000000000002cbe0                _arch_isr_direct_pm
 .text.z_SysNmiOnReset
                0x000000000002cbfc        0x8 zephyr/arch/arch/arm/core/aarch32/libarch__arm__core__aarch32.a(nmi_on_reset.S.obj)
                0x000000000002cbfc                z_SysNmiOnReset
 .text.z_arm_prep_c
                0x000000000002cc04       0x48 zephyr/arch/arch/arm/core/aarch32/libarch__arm__core__aarch32.a(prep_c.c.obj)
                0x000000000002cc04                z_arm_prep_c
 .text.arch_swap
                0x000000000002cc4c       0x34 zephyr/arch/arch/arm/core/aarch32/libarch__arm__core__aarch32.a(swap.c.obj)
                0x000000000002cc4c                arch_swap
 .text.z_arm_pendsv
                0x000000000002cc80       0x48 zephyr/arch/arch/arm/core/aarch32/libarch__arm__core__aarch32.a(swap_helper.S.obj)
                0x000000000002cc80                z_arm_pendsv
 .text.z_arm_svc
                0x000000000002ccc8       0x20 zephyr/arch/arch/arm/core/aarch32/libarch__arm__core__aarch32.a(swap_helper.S.obj)
                0x000000000002ccc8                z_arm_svc
 .text.arch_new_thread
                0x000000000002cce8       0x38 zephyr/arch/arch/arm/core/aarch32/libarch__arm__core__aarch32.a(thread.c.obj)
                0x000000000002cce8                arch_new_thread
 .text.arch_switch_to_main_thread
                0x000000000002cd20       0x24 zephyr/arch/arch/arm/core/aarch32/libarch__arm__core__aarch32.a(thread.c.obj)
                0x000000000002cd20                arch_switch_to_main_thread
 .text._isr_wrapper
                0x000000000002cd44       0x40 zephyr/arch/arch/arm/core/aarch32/libarch__arm__core__aarch32.a(isr_wrapper.S.obj)
                0x000000000002cd44                _isr_wrapper
 .text._HandlerModeExit
                0x000000000002cd84       0x1c zephyr/arch/arch/arm/core/aarch32/cortex_m/libarch__arm__core__aarch32__cortex_m.a(exc_exit.S.obj)
                0x000000000002cd84                z_arm_exc_exit
                0x000000000002cd84                z_arm_int_exit
 .text.bus_fault.constprop.0
                0x000000000002cda0       0x3c zephyr/arch/arch/arm/core/aarch32/cortex_m/libarch__arm__core__aarch32__cortex_m.a(fault.c.obj)
 .text.mem_manage_fault.constprop.0
                0x000000000002cddc       0x40 zephyr/arch/arch/arm/core/aarch32/cortex_m/libarch__arm__core__aarch32__cortex_m.a(fault.c.obj)
 .text.z_arm_fault
                0x000000000002ce1c      0x108 zephyr/arch/arch/arm/core/aarch32/cortex_m/libarch__arm__core__aarch32__cortex_m.a(fault.c.obj)
                0x000000000002ce1c                z_arm_fault
 .text.z_arm_fault_init
                0x000000000002cf24       0x10 zephyr/arch/arch/arm/core/aarch32/cortex_m/libarch__arm__core__aarch32__cortex_m.a(fault.c.obj)
                0x000000000002cf24                z_arm_fault_init
 .text.__fault  0x000000000002cf34       0x14 zephyr/arch/arch/arm/core/aarch32/cortex_m/libarch__arm__core__aarch32__cortex_m.a(fault_s.S.obj)
                0x000000000002cf34                z_arm_bus_fault
                0x000000000002cf34                z_arm_usage_fault
                0x000000000002cf34                z_arm_mpu_fault
                0x000000000002cf34                z_arm_exc_spurious
                0x000000000002cf34                z_arm_debug_monitor
                0x000000000002cf34                z_arm_hard_fault
 .text.z_arm_interrupt_init
                0x000000000002cf48       0x18 zephyr/arch/arch/arm/core/aarch32/cortex_m/libarch__arm__core__aarch32__cortex_m.a(irq_init.c.obj)
                0x000000000002cf48                z_arm_interrupt_init
 .text._reset_section
                0x000000000002cf60       0x30 zephyr/arch/arch/arm/core/aarch32/cortex_m/libarch__arm__core__aarch32__cortex_m.a(reset.S.obj)
                0x000000000002cf60                z_arm_reset
                0x000000000002cf60                __start
 .text.z_impl_k_thread_abort
                0x000000000002cf90       0x24 zephyr/arch/arch/arm/core/aarch32/cortex_m/libarch__arm__core__aarch32__cortex_m.a(thread_abort.c.obj)
                0x000000000002cf90                z_impl_k_thread_abort
 .text.z_arm_configure_static_mpu_regions
                0x000000000002cfb4       0x18 zephyr/arch/arch/arm/core/aarch32/mpu/libarch__arm__core__aarch32__mpu.a(arm_core_mpu.c.obj)
                0x000000000002cfb4                z_arm_configure_static_mpu_regions
 .text.mpu_configure_regions
                0x000000000002cfcc       0x88 zephyr/arch/arch/arm/core/aarch32/mpu/libarch__arm__core__aarch32__mpu.a(arm_mpu.c.obj)
 .text.arm_core_mpu_enable
                0x000000000002d054       0x18 zephyr/arch/arch/arm/core/aarch32/mpu/libarch__arm__core__aarch32__mpu.a(arm_mpu.c.obj)
                0x000000000002d054                arm_core_mpu_enable
 .text.arm_core_mpu_disable
                0x000000000002d06c       0x14 zephyr/arch/arch/arm/core/aarch32/mpu/libarch__arm__core__aarch32__mpu.a(arm_mpu.c.obj)
                0x000000000002d06c                arm_core_mpu_disable
 .text.arm_core_mpu_configure_static_mpu_regions
                0x000000000002d080       0x14 zephyr/arch/arch/arm/core/aarch32/mpu/libarch__arm__core__aarch32__mpu.a(arm_mpu.c.obj)
                0x000000000002d080                arm_core_mpu_configure_static_mpu_regions
 .text.z_arm_mpu_init
                0x000000000002d094       0x60 zephyr/arch/arch/arm/core/aarch32/mpu/libarch__arm__core__aarch32__mpu.a(arm_mpu.c.obj)
                0x000000000002d094                z_arm_mpu_init
 .text.sprintf  0x000000000002d0f4       0x30 zephyr/lib/libc/minimal/liblib__libc__minimal.a(sprintf.c.obj)
                0x000000000002d0f4                sprintf
 .text.nordicsemi_nrf52_init
                0x000000000002d124       0x30 zephyr/soc/arm/nordic_nrf/nrf52/libsoc__arm__nordic_nrf__nrf52.a(soc.c.obj)
 .text.sys_arch_reboot
                0x000000000002d154       0x2c zephyr/soc/arm/nordic_nrf/nrf52/libsoc__arm__nordic_nrf__nrf52.a(soc.c.obj)
                0x000000000002d154                sys_arch_reboot
 .text.arch_busy_wait
                0x000000000002d180       0x14 zephyr/soc/arm/nordic_nrf/nrf52/libsoc__arm__nordic_nrf__nrf52.a(soc.c.obj)
                0x000000000002d180                arch_busy_wait
 .text.pinmux_borne_init
                0x000000000002d194       0x64 zephyr/boards/boards/arm/borne/lib..__app__boards__arm__borne-keyboard.a(pinmux.c.obj)
 .text.le_gen_dhkey
                0x000000000002d1f8       0x98 zephyr/subsys/bluetooth/host/libsubsys__bluetooth__host.a(hci_ecc.c.obj)
 .text.ecc_thread
                0x000000000002d290      0x19c zephyr/subsys/bluetooth/host/libsubsys__bluetooth__host.a(hci_ecc.c.obj)
 .text.bt_hci_ecc_send
                0x000000000002d42c       0xdc zephyr/subsys/bluetooth/host/libsubsys__bluetooth__host.a(hci_ecc.c.obj)
                0x000000000002d42c                bt_hci_ecc_send
 .text.bt_hci_ecc_init
                0x000000000002d508       0x48 zephyr/subsys/bluetooth/host/libsubsys__bluetooth__host.a(hci_ecc.c.obj)
                0x000000000002d508                bt_hci_ecc_init
 .text.save_id  0x000000000002d550       0x18 zephyr/subsys/bluetooth/host/libsubsys__bluetooth__host.a(settings.c.obj)
 .text.set      0x000000000002d568       0x68 zephyr/subsys/bluetooth/host/libsubsys__bluetooth__host.a(settings.c.obj)
 .text.bt_settings_encode_key
                0x000000000002d5d0       0x60 zephyr/subsys/bluetooth/host/libsubsys__bluetooth__host.a(settings.c.obj)
                0x000000000002d5d0                bt_settings_encode_key
 .text.bt_settings_save_id
                0x000000000002d630        0xc zephyr/subsys/bluetooth/host/libsubsys__bluetooth__host.a(settings.c.obj)
                0x000000000002d630                bt_settings_save_id
 .text.commit   0x000000000002d63c       0x60 zephyr/subsys/bluetooth/host/libsubsys__bluetooth__host.a(settings.c.obj)
 .text.uuid_to_uuid128
                0x000000000002d69c       0x6c zephyr/subsys/bluetooth/host/libsubsys__bluetooth__host.a(uuid.c.obj)
 .text.bt_uuid_to_str
                0x000000000002d708       0xbc zephyr/subsys/bluetooth/host/libsubsys__bluetooth__host.a(uuid.c.obj)
                0x000000000002d708                bt_uuid_to_str
 .text.bt_buf_get_rx
                0x000000000002d7c4       0x20 zephyr/subsys/bluetooth/host/libsubsys__bluetooth__host.a(buf.c.obj)
                0x000000000002d7c4                bt_buf_get_rx
 .text.bt_buf_get_cmd_complete
                0x000000000002d7e4       0x34 zephyr/subsys/bluetooth/host/libsubsys__bluetooth__host.a(buf.c.obj)
                0x000000000002d7e4                bt_buf_get_cmd_complete
 .text.bt_buf_get_evt
                0x000000000002d818       0x58 zephyr/subsys/bluetooth/host/libsubsys__bluetooth__host.a(buf.c.obj)
                0x000000000002d818                bt_buf_get_evt
 .text.unpair   0x000000000002d870       0x74 zephyr/subsys/bluetooth/host/libsubsys__bluetooth__host.a(hci_core.c.obj)
 .text.hci_disconn_complete_prio
                0x000000000002d8e4       0x48 zephyr/subsys/bluetooth/host/libsubsys__bluetooth__host.a(hci_core.c.obj)
 .text.hci_le_meta_event
                0x000000000002d92c       0x20 zephyr/subsys/bluetooth/host/libsubsys__bluetooth__host.a(hci_core.c.obj)
 .text.find_pending_connect.part.0
                0x000000000002d94c       0x3c zephyr/subsys/bluetooth/host/libsubsys__bluetooth__host.a(hci_core.c.obj)
 .text.hci_cmd_done
                0x000000000002d988       0xbc zephyr/subsys/bluetooth/host/libsubsys__bluetooth__host.a(hci_core.c.obj)
 .text.hci_cmd_status
                0x000000000002da44       0x2c zephyr/subsys/bluetooth/host/libsubsys__bluetooth__host.a(hci_core.c.obj)
 .text.hci_cmd_complete
                0x000000000002da70       0x30 zephyr/subsys/bluetooth/host/libsubsys__bluetooth__host.a(hci_core.c.obj)
 .text.hci_tx_thread
                0x000000000002daa0      0x130 zephyr/subsys/bluetooth/host/libsubsys__bluetooth__host.a(hci_core.c.obj)
 .text.bt_hci_cmd_state_set_init
                0x000000000002dbd0       0x24 zephyr/subsys/bluetooth/host/libsubsys__bluetooth__host.a(hci_core.c.obj)
                0x000000000002dbd0                bt_hci_cmd_state_set_init
 .text.bt_hci_cmd_create
                0x000000000002dbf4       0x74 zephyr/subsys/bluetooth/host/libsubsys__bluetooth__host.a(hci_core.c.obj)
                0x000000000002dbf4                bt_hci_cmd_create
 .text.bt_hci_cmd_send
                0x000000000002dc68       0x44 zephyr/subsys/bluetooth/host/libsubsys__bluetooth__host.a(hci_core.c.obj)
                0x000000000002dc68                bt_hci_cmd_send
 .text.bt_hci_cmd_send_sync
                0x000000000002dcac       0xc4 zephyr/subsys/bluetooth/host/libsubsys__bluetooth__host.a(hci_core.c.obj)
                0x000000000002dcac                bt_hci_cmd_send_sync
 .text.bt_get_phy
                0x000000000002dd70       0x14 zephyr/subsys/bluetooth/host/libsubsys__bluetooth__host.a(hci_core.c.obj)
                0x000000000002dd70                bt_get_phy
 .text.bt_le_create_conn_legacy
                0x000000000002dd84       0xc4 zephyr/subsys/bluetooth/host/libsubsys__bluetooth__host.a(hci_core.c.obj)
                0x000000000002dd84                bt_le_create_conn_legacy
 .text.bt_le_create_conn_cancel
                0x000000000002de48       0x34 zephyr/subsys/bluetooth/host/libsubsys__bluetooth__host.a(hci_core.c.obj)
                0x000000000002de48                bt_le_create_conn_cancel
 .text.conn_auto_initiate
                0x000000000002de7c       0xc8 zephyr/subsys/bluetooth/host/libsubsys__bluetooth__host.a(hci_core.c.obj)
 .text.bt_hci_le_enh_conn_complete
                0x000000000002df44      0x230 zephyr/subsys/bluetooth/host/libsubsys__bluetooth__host.a(hci_core.c.obj)
                0x000000000002df44                bt_hci_le_enh_conn_complete
 .text.bt_unpair
                0x000000000002e174       0x4c zephyr/subsys/bluetooth/host/libsubsys__bluetooth__host.a(hci_core.c.obj)
                0x000000000002e174                bt_unpair
 .text.bt_security_err_get
                0x000000000002e1c0       0x10 zephyr/subsys/bluetooth/host/libsubsys__bluetooth__host.a(hci_core.c.obj)
                0x000000000002e1c0                bt_security_err_get
 .text.hci_event_prio
                0x000000000002e1d0       0xa4 zephyr/subsys/bluetooth/host/libsubsys__bluetooth__host.a(hci_core.c.obj)
                0x000000000002e1d0                hci_event_prio
 .text.bt_recv  0x000000000002e274      0x108 zephyr/subsys/bluetooth/host/libsubsys__bluetooth__host.a(hci_core.c.obj)
                0x000000000002e274                bt_recv
 .text.bt_recv_prio
                0x000000000002e37c       0x3c zephyr/subsys/bluetooth/host/libsubsys__bluetooth__host.a(hci_core.c.obj)
                0x000000000002e37c                bt_recv_prio
 .text.bt_hci_driver_register
                0x000000000002e3b8       0x28 zephyr/subsys/bluetooth/host/libsubsys__bluetooth__host.a(hci_core.c.obj)
                0x000000000002e3b8                bt_hci_driver_register
 .text.bt_finalize_init
                0x000000000002e3e0       0x18 zephyr/subsys/bluetooth/host/libsubsys__bluetooth__host.a(hci_core.c.obj)
                0x000000000002e3e0                bt_finalize_init
 .text.init_work
                0x000000000002e3f8       0x18 zephyr/subsys/bluetooth/host/libsubsys__bluetooth__host.a(hci_core.c.obj)
 .text.bt_enable
                0x000000000002e410       0xa4 zephyr/subsys/bluetooth/host/libsubsys__bluetooth__host.a(hci_core.c.obj)
                0x000000000002e410                bt_enable
 .text.bt_get_name
                0x000000000002e4b4        0x8 zephyr/subsys/bluetooth/host/libsubsys__bluetooth__host.a(hci_core.c.obj)
                0x000000000002e4b4                bt_get_name
 .text.id_find  0x000000000002e4bc       0x34 zephyr/subsys/bluetooth/host/libsubsys__bluetooth__host.a(id.c.obj)
 .text.set_random_address
                0x000000000002e4f0       0x58 zephyr/subsys/bluetooth/host/libsubsys__bluetooth__host.a(id.c.obj)
 .text.id_create.constprop.0
                0x000000000002e548       0x78 zephyr/subsys/bluetooth/host/libsubsys__bluetooth__host.a(id.c.obj)
 .text.bt_id_adv_random_addr_check
                0x000000000002e5c0       0x1c zephyr/subsys/bluetooth/host/libsubsys__bluetooth__host.a(id.c.obj)
                0x000000000002e5c0                bt_id_adv_random_addr_check
 .text.bt_id_pending_keys_update
                0x000000000002e5dc       0x34 zephyr/subsys/bluetooth/host/libsubsys__bluetooth__host.a(id.c.obj)
                0x000000000002e5dc                bt_id_pending_keys_update
 .text.bt_id_add
                0x000000000002e610      0x14c zephyr/subsys/bluetooth/host/libsubsys__bluetooth__host.a(id.c.obj)
                0x000000000002e610                bt_id_add
 .text.bt_id_del
                0x000000000002e75c      0x12c zephyr/subsys/bluetooth/host/libsubsys__bluetooth__host.a(id.c.obj)
                0x000000000002e75c                bt_id_del
 .text.bt_id_create
                0x000000000002e888       0x94 zephyr/subsys/bluetooth/host/libsubsys__bluetooth__host.a(id.c.obj)
                0x000000000002e888                bt_id_create
 .text.bt_id_read_public_addr
                0x000000000002e91c       0x70 zephyr/subsys/bluetooth/host/libsubsys__bluetooth__host.a(id.c.obj)
                0x000000000002e91c                bt_id_read_public_addr
 .text.bt_setup_public_id_addr
                0x000000000002e98c       0x20 zephyr/subsys/bluetooth/host/libsubsys__bluetooth__host.a(id.c.obj)
                0x000000000002e98c                bt_setup_public_id_addr
 .text.bt_read_static_addr
                0x000000000002e9ac       0x60 zephyr/subsys/bluetooth/host/libsubsys__bluetooth__host.a(id.c.obj)
                0x000000000002e9ac                bt_read_static_addr
 .text.bt_setup_random_id_addr
                0x000000000002ea0c       0x5c zephyr/subsys/bluetooth/host/libsubsys__bluetooth__host.a(id.c.obj)
                0x000000000002ea0c                bt_setup_random_id_addr
 .text.bt_id_set_create_conn_own_addr
                0x000000000002ea68       0x24 zephyr/subsys/bluetooth/host/libsubsys__bluetooth__host.a(id.c.obj)
                0x000000000002ea68                bt_id_set_create_conn_own_addr
 .text.bt_id_set_scan_own_addr
                0x000000000002ea8c       0x38 zephyr/subsys/bluetooth/host/libsubsys__bluetooth__host.a(id.c.obj)
                0x000000000002ea8c                bt_id_set_scan_own_addr
 .text.bt_id_set_adv_own_addr
                0x000000000002eac4       0xdc zephyr/subsys/bluetooth/host/libsubsys__bluetooth__host.a(id.c.obj)
                0x000000000002eac4                bt_id_set_adv_own_addr
 .text.valid_adv_param
                0x000000000002eba0       0x88 zephyr/subsys/bluetooth/host/libsubsys__bluetooth__host.a(adv.c.obj)
 .text.le_adv_start_add_conn
                0x000000000002ec28       0x88 zephyr/subsys/bluetooth/host/libsubsys__bluetooth__host.a(adv.c.obj)
 .text.bt_le_ext_adv_foreach
                0x000000000002ecb0        0xc zephyr/subsys/bluetooth/host/libsubsys__bluetooth__host.a(adv.c.obj)
                0x000000000002ecb0                bt_le_ext_adv_foreach
 .text.bt_le_adv_lookup_legacy
                0x000000000002ecbc        0x8 zephyr/subsys/bluetooth/host/libsubsys__bluetooth__host.a(adv.c.obj)
                0x000000000002ecbc                bt_le_adv_lookup_legacy
 .text.bt_le_adv_start_legacy
                0x000000000002ecc4      0x24c zephyr/subsys/bluetooth/host/libsubsys__bluetooth__host.a(adv.c.obj)
                0x000000000002ecc4                bt_le_adv_start_legacy
 .text.bt_le_adv_start
                0x000000000002ef10       0x64 zephyr/subsys/bluetooth/host/libsubsys__bluetooth__host.a(adv.c.obj)
                0x000000000002ef10                bt_le_adv_start
 .text.bt_le_adv_stop
                0x000000000002ef74       0xbc zephyr/subsys/bluetooth/host/libsubsys__bluetooth__host.a(adv.c.obj)
                0x000000000002ef74                bt_le_adv_stop
 .text.bt_le_adv_resume
                0x000000000002f030       0x88 zephyr/subsys/bluetooth/host/libsubsys__bluetooth__host.a(adv.c.obj)
                0x000000000002f030                bt_le_adv_resume
 .text.atomic_get.constprop.0
                0x000000000002f0b8       0x14 zephyr/subsys/bluetooth/host/libsubsys__bluetooth__host.a(scan.c.obj)
 .text.bt_le_scan_set_enable_legacy
                0x000000000002f0cc       0x60 zephyr/subsys/bluetooth/host/libsubsys__bluetooth__host.a(scan.c.obj)
 .text.start_le_scan_legacy
                0x000000000002f12c       0xa4 zephyr/subsys/bluetooth/host/libsubsys__bluetooth__host.a(scan.c.obj)
 .text.bt_scan_reset
                0x000000000002f1d0        0xc zephyr/subsys/bluetooth/host/libsubsys__bluetooth__host.a(scan.c.obj)
                0x000000000002f1d0                bt_scan_reset
 .text.bt_le_scan_update
                0x000000000002f1dc       0x80 zephyr/subsys/bluetooth/host/libsubsys__bluetooth__host.a(scan.c.obj)
                0x000000000002f1dc                bt_le_scan_update
 .text.bt_hci_le_adv_report
                0x000000000002f25c      0x1e8 zephyr/subsys/bluetooth/host/libsubsys__bluetooth__host.a(scan.c.obj)
                0x000000000002f25c                bt_hci_le_adv_report
 .text.bt_le_scan_start
                0x000000000002f444       0xf8 zephyr/subsys/bluetooth/host/libsubsys__bluetooth__host.a(scan.c.obj)
                0x000000000002f444                bt_le_scan_start
 .text.bt_le_scan_stop
                0x000000000002f53c       0x2c zephyr/subsys/bluetooth/host/libsubsys__bluetooth__host.a(scan.c.obj)
                0x000000000002f53c                bt_le_scan_stop
 .text.bt_pub_key_is_debug
                0x000000000002f568       0x18 zephyr/subsys/bluetooth/host/libsubsys__bluetooth__host.a(ecc.c.obj)
                0x000000000002f568                bt_pub_key_is_debug
 .text.bt_pub_key_gen
                0x000000000002f580       0xd4 zephyr/subsys/bluetooth/host/libsubsys__bluetooth__host.a(ecc.c.obj)
                0x000000000002f580                bt_pub_key_gen
 .text.bt_pub_key_get
                0x000000000002f654       0x20 zephyr/subsys/bluetooth/host/libsubsys__bluetooth__host.a(ecc.c.obj)
                0x000000000002f654                bt_pub_key_get
 .text.bt_dh_key_gen
                0x000000000002f674       0x88 zephyr/subsys/bluetooth/host/libsubsys__bluetooth__host.a(ecc.c.obj)
                0x000000000002f674                bt_dh_key_gen
 .text.bt_hci_evt_le_pkey_complete
                0x000000000002f6fc       0x7c zephyr/subsys/bluetooth/host/libsubsys__bluetooth__host.a(ecc.c.obj)
                0x000000000002f6fc                bt_hci_evt_le_pkey_complete
 .text.bt_hci_evt_le_dhkey_complete
                0x000000000002f778       0x1c zephyr/subsys/bluetooth/host/libsubsys__bluetooth__host.a(ecc.c.obj)
                0x000000000002f778                bt_hci_evt_le_dhkey_complete
 .text.tx_free  0x000000000002f794       0x14 zephyr/subsys/bluetooth/host/libsubsys__bluetooth__host.a(conn.c.obj)
 .text.notify_connected
                0x000000000002f7a8       0x48 zephyr/subsys/bluetooth/host/libsubsys__bluetooth__host.a(conn.c.obj)
 .text.send_frag
                0x000000000002f7f0      0x128 zephyr/subsys/bluetooth/host/libsubsys__bluetooth__host.a(conn.c.obj)
 .text.bt_conn_get_pkts
                0x000000000002f918        0x8 zephyr/subsys/bluetooth/host/libsubsys__bluetooth__host.a(conn.c.obj)
                0x000000000002f918                bt_conn_get_pkts
 .text.bt_conn_new
                0x000000000002f920       0x64 zephyr/subsys/bluetooth/host/libsubsys__bluetooth__host.a(conn.c.obj)
                0x000000000002f920                bt_conn_new
 .text.bt_conn_send_cb
                0x000000000002f984       0x6c zephyr/subsys/bluetooth/host/libsubsys__bluetooth__host.a(conn.c.obj)
                0x000000000002f984                bt_conn_send_cb
 .text.bt_conn_prepare_events
                0x000000000002f9f0       0x78 zephyr/subsys/bluetooth/host/libsubsys__bluetooth__host.a(conn.c.obj)
                0x000000000002f9f0                bt_conn_prepare_events
 .text.bt_conn_lookup_handle
                0x000000000002fa68       0x10 zephyr/subsys/bluetooth/host/libsubsys__bluetooth__host.a(conn.c.obj)
                0x000000000002fa68                bt_conn_lookup_handle
 .text.bt_conn_set_state
                0x000000000002fa78      0x1a0 zephyr/subsys/bluetooth/host/libsubsys__bluetooth__host.a(conn.c.obj)
                0x000000000002fa78                bt_conn_set_state
 .text.bt_conn_index
                0x000000000002fc18       0x18 zephyr/subsys/bluetooth/host/libsubsys__bluetooth__host.a(conn.c.obj)
                0x000000000002fc18                bt_conn_index
 .text.bt_conn_create_pdu_timeout
                0x000000000002fc30       0x24 zephyr/subsys/bluetooth/host/libsubsys__bluetooth__host.a(conn.c.obj)
                0x000000000002fc30                bt_conn_create_pdu_timeout
 .text.notify_le_param_updated
                0x000000000002fc54       0x84 zephyr/subsys/bluetooth/host/libsubsys__bluetooth__host.a(conn.c.obj)
                0x000000000002fc54                notify_le_param_updated
 .text.notify_le_phy_updated
                0x000000000002fcd8       0x44 zephyr/subsys/bluetooth/host/libsubsys__bluetooth__host.a(conn.c.obj)
                0x000000000002fcd8                notify_le_phy_updated
 .text.le_param_req
                0x000000000002fd1c       0x74 zephyr/subsys/bluetooth/host/libsubsys__bluetooth__host.a(conn.c.obj)
                0x000000000002fd1c                le_param_req
 .text.bt_conn_identity_resolved
                0x000000000002fd90       0x5c zephyr/subsys/bluetooth/host/libsubsys__bluetooth__host.a(conn.c.obj)
                0x000000000002fd90                bt_conn_identity_resolved
 .text.bt_conn_security_changed
                0x000000000002fdec       0x4c zephyr/subsys/bluetooth/host/libsubsys__bluetooth__host.a(conn.c.obj)
                0x000000000002fdec                bt_conn_security_changed
 .text.bt_conn_cb_register
                0x000000000002fe38       0x10 zephyr/subsys/bluetooth/host/libsubsys__bluetooth__host.a(conn.c.obj)
                0x000000000002fe38                bt_conn_cb_register
 .text.bt_conn_add_le
                0x000000000002fe48       0x38 zephyr/subsys/bluetooth/host/libsubsys__bluetooth__host.a(conn.c.obj)
                0x000000000002fe48                bt_conn_add_le
 .text.bt_conn_lookup_addr_le
                0x000000000002fe80       0x48 zephyr/subsys/bluetooth/host/libsubsys__bluetooth__host.a(conn.c.obj)
                0x000000000002fe80                bt_conn_lookup_addr_le
 .text.bt_conn_lookup_state_le
                0x000000000002fec8       0x5c zephyr/subsys/bluetooth/host/libsubsys__bluetooth__host.a(conn.c.obj)
                0x000000000002fec8                bt_conn_lookup_state_le
 .text.bt_conn_get_info
                0x000000000002ff24       0x5c zephyr/subsys/bluetooth/host/libsubsys__bluetooth__host.a(conn.c.obj)
                0x000000000002ff24                bt_conn_get_info
 .text.bt_conn_le_create
                0x000000000002ff80      0x154 zephyr/subsys/bluetooth/host/libsubsys__bluetooth__host.a(conn.c.obj)
                0x000000000002ff80                bt_conn_le_create
 .text.bt_le_set_auto_conn
                0x00000000000300d4       0xc8 zephyr/subsys/bluetooth/host/libsubsys__bluetooth__host.a(conn.c.obj)
                0x00000000000300d4                bt_le_set_auto_conn
 .text.send_conn_le_param_update
                0x000000000003019c       0x68 zephyr/subsys/bluetooth/host/libsubsys__bluetooth__host.a(conn.c.obj)
 .text.deferred_work
                0x0000000000030204       0xb8 zephyr/subsys/bluetooth/host/libsubsys__bluetooth__host.a(conn.c.obj)
 .text.bt_conn_create_frag_timeout
                0x00000000000302bc        0xc zephyr/subsys/bluetooth/host/libsubsys__bluetooth__host.a(conn.c.obj)
                0x00000000000302bc                bt_conn_create_frag_timeout
 .text.create_frag
                0x00000000000302c8       0x6c zephyr/subsys/bluetooth/host/libsubsys__bluetooth__host.a(conn.c.obj)
 .text.bt_conn_process_tx
                0x0000000000030334       0xc0 zephyr/subsys/bluetooth/host/libsubsys__bluetooth__host.a(conn.c.obj)
                0x0000000000030334                bt_conn_process_tx
 .text.bt_conn_auth_cb_register
                0x00000000000303f4       0x34 zephyr/subsys/bluetooth/host/libsubsys__bluetooth__host.a(conn.c.obj)
                0x00000000000303f4                bt_conn_auth_cb_register
 .text.bt_conn_init
                0x0000000000030428       0x74 zephyr/subsys/bluetooth/host/libsubsys__bluetooth__host.a(conn.c.obj)
                0x0000000000030428                bt_conn_init
 .text.l2cap_accept
                0x000000000003049c       0x30 zephyr/subsys/bluetooth/host/libsubsys__bluetooth__host.a(l2cap.c.obj)
 .text.bt_l2cap_connected
                0x00000000000304cc       0xb8 zephyr/subsys/bluetooth/host/libsubsys__bluetooth__host.a(l2cap.c.obj)
                0x00000000000304cc                bt_l2cap_connected
 .text.bt_l2cap_update_conn_param
                0x0000000000030584       0x64 zephyr/subsys/bluetooth/host/libsubsys__bluetooth__host.a(l2cap.c.obj)
                0x0000000000030584                bt_l2cap_update_conn_param
 .text.att_cfm_sent
                0x00000000000305e8       0x10 zephyr/subsys/bluetooth/host/libsubsys__bluetooth__host.a(att.c.obj)
 .text.att_rsp_sent
                0x00000000000305f8       0x10 zephyr/subsys/bluetooth/host/libsubsys__bluetooth__host.a(att.c.obj)
 .text.att_req_sent
                0x0000000000030608       0x10 zephyr/subsys/bluetooth/host/libsubsys__bluetooth__host.a(att.c.obj)
 .text.att_op_get_type
                0x0000000000030618       0x64 zephyr/subsys/bluetooth/host/libsubsys__bluetooth__host.a(att.c.obj)
 .text.bt_att_released
                0x000000000003067c       0x18 zephyr/subsys/bluetooth/host/libsubsys__bluetooth__host.a(att.c.obj)
 .text.bt_att_accept
                0x0000000000030694       0x90 zephyr/subsys/bluetooth/host/libsubsys__bluetooth__host.a(att.c.obj)
 .text.read_group_cb
                0x0000000000030724       0xac zephyr/subsys/bluetooth/host/libsubsys__bluetooth__host.a(att.c.obj)
 .text.chan_send
                0x00000000000307d0       0xc4 zephyr/subsys/bluetooth/host/libsubsys__bluetooth__host.a(att.c.obj)
 .text.read_type_cb
                0x0000000000030894       0xa0 zephyr/subsys/bluetooth/host/libsubsys__bluetooth__host.a(att.c.obj)
 .text.bt_att_connected
                0x0000000000030934       0x68 zephyr/subsys/bluetooth/host/libsubsys__bluetooth__host.a(att.c.obj)
 .text.att_indicate
                0x000000000003099c       0x3c zephyr/subsys/bluetooth/host/libsubsys__bluetooth__host.a(att.c.obj)
 .text.send_err_rsp.part.0
                0x00000000000309d8       0x40 zephyr/subsys/bluetooth/host/libsubsys__bluetooth__host.a(att.c.obj)
 .text.bt_att_recv
                0x0000000000030a18       0xf8 zephyr/subsys/bluetooth/host/libsubsys__bluetooth__host.a(att.c.obj)
 .text.att_write_rsp.constprop.0
                0x0000000000030b10       0xb4 zephyr/subsys/bluetooth/host/libsubsys__bluetooth__host.a(att.c.obj)
 .text.att_read_group_req
                0x0000000000030bc4       0xf8 zephyr/subsys/bluetooth/host/libsubsys__bluetooth__host.a(att.c.obj)
 .text.att_read_mult_req
                0x0000000000030cbc       0x9c zephyr/subsys/bluetooth/host/libsubsys__bluetooth__host.a(att.c.obj)
 .text.att_read_rsp
                0x0000000000030d58       0x94 zephyr/subsys/bluetooth/host/libsubsys__bluetooth__host.a(att.c.obj)
 .text.att_read_type_req
                0x0000000000030dec       0xc0 zephyr/subsys/bluetooth/host/libsubsys__bluetooth__host.a(att.c.obj)
 .text.att_find_type_req
                0x0000000000030eac       0xcc zephyr/subsys/bluetooth/host/libsubsys__bluetooth__host.a(att.c.obj)
 .text.att_find_info_req
                0x0000000000030f78       0x78 zephyr/subsys/bluetooth/host/libsubsys__bluetooth__host.a(att.c.obj)
 .text.att_mtu_req
                0x0000000000030ff0       0x70 zephyr/subsys/bluetooth/host/libsubsys__bluetooth__host.a(att.c.obj)
 .text.bt_att_req_alloc
                0x0000000000031060       0x44 zephyr/subsys/bluetooth/host/libsubsys__bluetooth__host.a(att.c.obj)
                0x0000000000031060                bt_att_req_alloc
 .text.bt_att_req_free
                0x00000000000310a4       0x24 zephyr/subsys/bluetooth/host/libsubsys__bluetooth__host.a(att.c.obj)
                0x00000000000310a4                bt_att_req_free
 .text.att_handle_rsp
                0x00000000000310c8       0x70 zephyr/subsys/bluetooth/host/libsubsys__bluetooth__host.a(att.c.obj)
 .text.att_error_rsp
                0x0000000000031138       0x68 zephyr/subsys/bluetooth/host/libsubsys__bluetooth__host.a(att.c.obj)
 .text.bt_att_disconnected
                0x00000000000311a0       0xb4 zephyr/subsys/bluetooth/host/libsubsys__bluetooth__host.a(att.c.obj)
 .text.bt_att_req_cancel
                0x0000000000031254       0x60 zephyr/subsys/bluetooth/host/libsubsys__bluetooth__host.a(att.c.obj)
                0x0000000000031254                bt_att_req_cancel
 .text.db_hash_set
                0x00000000000312b4       0x18 zephyr/subsys/bluetooth/host/libsubsys__bluetooth__host.a(gatt.c.obj)
 .text.find_cf_cfg
                0x00000000000312cc       0x44 zephyr/subsys/bluetooth/host/libsubsys__bluetooth__host.a(gatt.c.obj)
 .text.find_sc_cfg
                0x0000000000031310       0x38 zephyr/subsys/bluetooth/host/libsubsys__bluetooth__host.a(gatt.c.obj)
 .text.gatt_sub_find
                0x0000000000031348       0x44 zephyr/subsys/bluetooth/host/libsubsys__bluetooth__host.a(gatt.c.obj)
 .text.find_cf_cfg_by_addr
                0x000000000003138c       0x38 zephyr/subsys/bluetooth/host/libsubsys__bluetooth__host.a(gatt.c.obj)
 .text.ccc_load
                0x00000000000313c4       0x88 zephyr/subsys/bluetooth/host/libsubsys__bluetooth__host.a(gatt.c.obj)
 .text.sc_store
                0x000000000003144c       0x40 zephyr/subsys/bluetooth/host/libsubsys__bluetooth__host.a(gatt.c.obj)
 .text.db_hash_commit
                0x000000000003148c       0x20 zephyr/subsys/bluetooth/host/libsubsys__bluetooth__host.a(gatt.c.obj)
 .text.bt_gatt_attr_write_ccc
                0x00000000000314ac       0xe8 zephyr/subsys/bluetooth/host/libsubsys__bluetooth__host.a(gatt.c.obj)
                0x00000000000314ac                bt_gatt_attr_write_ccc
 .text.gatt_write_ccc
                0x0000000000031594       0x24 zephyr/subsys/bluetooth/host/libsubsys__bluetooth__host.a(gatt.c.obj)
 .text.remove_peer_from_attr
                0x00000000000315b8       0x28 zephyr/subsys/bluetooth/host/libsubsys__bluetooth__host.a(gatt.c.obj)
 .text.convert_to_id_on_match
                0x00000000000315e0       0x34 zephyr/subsys/bluetooth/host/libsubsys__bluetooth__host.a(gatt.c.obj)
 .text.ccc_save
                0x0000000000031614       0x38 zephyr/subsys/bluetooth/host/libsubsys__bluetooth__host.a(gatt.c.obj)
 .text.bt_gatt_store_cf.isra.0
                0x000000000003164c       0x60 zephyr/subsys/bluetooth/host/libsubsys__bluetooth__host.a(gatt.c.obj)
 .text.bt_gatt_clear_sc
                0x00000000000316ac       0x4c zephyr/subsys/bluetooth/host/libsubsys__bluetooth__host.a(gatt.c.obj)
 .text.disconnected_cb
                0x00000000000316f8       0xa4 zephyr/subsys/bluetooth/host/libsubsys__bluetooth__host.a(gatt.c.obj)
 .text.read_ppcp
                0x000000000003179c       0x3c zephyr/subsys/bluetooth/host/libsubsys__bluetooth__host.a(gatt.c.obj)
 .text.sc_commit
                0x00000000000317d8       0x30 zephyr/subsys/bluetooth/host/libsubsys__bluetooth__host.a(gatt.c.obj)
 .text.sc_indicate_rsp
                0x0000000000031808       0x48 zephyr/subsys/bluetooth/host/libsubsys__bluetooth__host.a(gatt.c.obj)
 .text.bt_gatt_init
                0x0000000000031850       0xd4 zephyr/subsys/bluetooth/host/libsubsys__bluetooth__host.a(gatt.c.obj)
                0x0000000000031850                bt_gatt_init
 .text.bt_gatt_attr_get_handle
                0x0000000000031924       0x60 zephyr/subsys/bluetooth/host/libsubsys__bluetooth__host.a(gatt.c.obj)
                0x0000000000031924                bt_gatt_attr_get_handle
 .text.bt_gatt_foreach_attr_type
                0x0000000000031984       0xb4 zephyr/subsys/bluetooth/host/libsubsys__bluetooth__host.a(gatt.c.obj)
                0x0000000000031984                bt_gatt_foreach_attr_type
 .text.db_hash_gen
                0x0000000000031a38       0x74 zephyr/subsys/bluetooth/host/libsubsys__bluetooth__host.a(gatt.c.obj)
 .text.db_hash_process
                0x0000000000031aac       0xc0 zephyr/subsys/bluetooth/host/libsubsys__bluetooth__host.a(gatt.c.obj)
 .text.ccc_set_direct
                0x0000000000031b6c       0x98 zephyr/subsys/bluetooth/host/libsubsys__bluetooth__host.a(gatt.c.obj)
 .text.gatt_indicate
                0x0000000000031c04       0x9c zephyr/subsys/bluetooth/host/libsubsys__bluetooth__host.a(gatt.c.obj)
 .text.bt_gatt_indicate
                0x0000000000031ca0       0xf0 zephyr/subsys/bluetooth/host/libsubsys__bluetooth__host.a(gatt.c.obj)
                0x0000000000031ca0                bt_gatt_indicate
 .text.sc_process
                0x0000000000031d90       0x5c zephyr/subsys/bluetooth/host/libsubsys__bluetooth__host.a(gatt.c.obj)
 .text.bt_gatt_notify_cb
                0x0000000000031dec       0xe8 zephyr/subsys/bluetooth/host/libsubsys__bluetooth__host.a(gatt.c.obj)
                0x0000000000031dec                bt_gatt_notify_cb
 .text.notify_cb
                0x0000000000031ed4      0x108 zephyr/subsys/bluetooth/host/libsubsys__bluetooth__host.a(gatt.c.obj)
 .text.update_ccc
                0x0000000000031fdc       0xe0 zephyr/subsys/bluetooth/host/libsubsys__bluetooth__host.a(gatt.c.obj)
 .text.bt_gatt_discover
                0x00000000000320bc      0x168 zephyr/subsys/bluetooth/host/libsubsys__bluetooth__host.a(gatt.c.obj)
                0x00000000000320bc                bt_gatt_discover
 .text.gatt_read_type_rsp
                0x0000000000032224      0x2a4 zephyr/subsys/bluetooth/host/libsubsys__bluetooth__host.a(gatt.c.obj)
 .text.bt_gatt_subscribe
                0x00000000000324c8       0xec zephyr/subsys/bluetooth/host/libsubsys__bluetooth__host.a(gatt.c.obj)
                0x00000000000324c8                bt_gatt_subscribe
 .text.bt_gatt_connected
                0x00000000000325b4       0xb0 zephyr/subsys/bluetooth/host/libsubsys__bluetooth__host.a(gatt.c.obj)
                0x00000000000325b4                bt_gatt_connected
 .text.bt_gatt_att_max_mtu_changed
                0x0000000000032664       0x28 zephyr/subsys/bluetooth/host/libsubsys__bluetooth__host.a(gatt.c.obj)
                0x0000000000032664                bt_gatt_att_max_mtu_changed
 .text.bt_gatt_encrypt_change
                0x000000000003268c       0x20 zephyr/subsys/bluetooth/host/libsubsys__bluetooth__host.a(gatt.c.obj)
                0x000000000003268c                bt_gatt_encrypt_change
 .text.db_hash_read
                0x00000000000326ac       0x60 zephyr/subsys/bluetooth/host/libsubsys__bluetooth__host.a(gatt.c.obj)
 .text.bt_gatt_store_ccc
                0x000000000003270c       0x60 zephyr/subsys/bluetooth/host/libsubsys__bluetooth__host.a(gatt.c.obj)
                0x000000000003270c                bt_gatt_store_ccc
 .text.bt_gatt_identity_resolved
                0x000000000003276c       0x30 zephyr/subsys/bluetooth/host/libsubsys__bluetooth__host.a(gatt.c.obj)
 .text.bt_gatt_clear
                0x000000000003279c      0x118 zephyr/subsys/bluetooth/host/libsubsys__bluetooth__host.a(gatt.c.obj)
                0x000000000003279c                bt_gatt_clear
 .text.bt_gatt_disconnected
                0x00000000000328b4      0x148 zephyr/subsys/bluetooth/host/libsubsys__bluetooth__host.a(gatt.c.obj)
                0x00000000000328b4                bt_gatt_disconnected
 .text.get_io_capa
                0x00000000000329fc       0x4c zephyr/subsys/bluetooth/host/libsubsys__bluetooth__host.a(smp.c.obj)
 .text.get_pair_method
                0x0000000000032a48       0x44 zephyr/subsys/bluetooth/host/libsubsys__bluetooth__host.a(smp.c.obj)
 .text.bt_smp_accept
                0x0000000000032a8c       0x3c zephyr/subsys/bluetooth/host/libsubsys__bluetooth__host.a(smp.c.obj)
 .text.smp_find
                0x0000000000032ac8       0x28 zephyr/subsys/bluetooth/host/libsubsys__bluetooth__host.a(smp.c.obj)
 .text.smp_g2   0x0000000000032af0       0x68 zephyr/subsys/bluetooth/host/libsubsys__bluetooth__host.a(smp.c.obj)
 .text.get_auth.constprop.0
                0x0000000000032b58       0x3c zephyr/subsys/bluetooth/host/libsubsys__bluetooth__host.a(smp.c.obj)
 .text.smp_f5   0x0000000000032b94       0xd0 zephyr/subsys/bluetooth/host/libsubsys__bluetooth__host.a(smp.c.obj)
 .text.sc_smp_check_confirm
                0x0000000000032c64       0x68 zephyr/subsys/bluetooth/host/libsubsys__bluetooth__host.a(smp.c.obj)
 .text.sec_level_reachable.isra.0
                0x0000000000032ccc       0x60 zephyr/subsys/bluetooth/host/libsubsys__bluetooth__host.a(smp.c.obj)
 .text.display_passkey
                0x0000000000032d2c       0x54 zephyr/subsys/bluetooth/host/libsubsys__bluetooth__host.a(smp.c.obj)
 .text.smp_init
                0x0000000000032d80       0x38 zephyr/subsys/bluetooth/host/libsubsys__bluetooth__host.a(smp.c.obj)
 .text.smp_dhkey_generate
                0x0000000000032db8       0x2c zephyr/subsys/bluetooth/host/libsubsys__bluetooth__host.a(smp.c.obj)
 .text.smp_send_pairing_req
                0x0000000000032de4      0x108 zephyr/subsys/bluetooth/host/libsubsys__bluetooth__host.a(smp.c.obj)
 .text.smp_security_request
                0x0000000000032eec       0xc4 zephyr/subsys/bluetooth/host/libsubsys__bluetooth__host.a(smp.c.obj)
 .text.sc_send_public_key
                0x0000000000032fb0       0x44 zephyr/subsys/bluetooth/host/libsubsys__bluetooth__host.a(smp.c.obj)
 .text.smp_send_pairing_confirm
                0x0000000000032ff4       0x78 zephyr/subsys/bluetooth/host/libsubsys__bluetooth__host.a(smp.c.obj)
 .text.smp_pairing_random
                0x000000000003306c      0x1d8 zephyr/subsys/bluetooth/host/libsubsys__bluetooth__host.a(smp.c.obj)
 .text.smp_public_key_periph
                0x0000000000033244       0xbc zephyr/subsys/bluetooth/host/libsubsys__bluetooth__host.a(smp.c.obj)
 .text.smp_public_key
                0x0000000000033300      0x164 zephyr/subsys/bluetooth/host/libsubsys__bluetooth__host.a(smp.c.obj)
 .text.bt_smp_connected
                0x0000000000033464       0x1c zephyr/subsys/bluetooth/host/libsubsys__bluetooth__host.a(smp.c.obj)
 .text.smp_pairing_accept_query
                0x0000000000033480       0x58 zephyr/subsys/bluetooth/host/libsubsys__bluetooth__host.a(smp.c.obj)
 .text.smp_pairing_rsp
                0x00000000000334d8      0x12c zephyr/subsys/bluetooth/host/libsubsys__bluetooth__host.a(smp.c.obj)
 .text.smp_pairing_req
                0x0000000000033604      0x190 zephyr/subsys/bluetooth/host/libsubsys__bluetooth__host.a(smp.c.obj)
 .text.smp_pairing_complete
                0x0000000000033794       0xc0 zephyr/subsys/bluetooth/host/libsubsys__bluetooth__host.a(smp.c.obj)
 .text.bt_smp_recv
                0x0000000000033854       0x78 zephyr/subsys/bluetooth/host/libsubsys__bluetooth__host.a(smp.c.obj)
 .text.bt_smp_pkey_ready
                0x00000000000338cc       0x68 zephyr/subsys/bluetooth/host/libsubsys__bluetooth__host.a(smp.c.obj)
 .text.smp_pairing_failed
                0x0000000000033934       0x48 zephyr/subsys/bluetooth/host/libsubsys__bluetooth__host.a(smp.c.obj)
 .text.bt_smp_encrypt_change
                0x000000000003397c       0xf8 zephyr/subsys/bluetooth/host/libsubsys__bluetooth__host.a(smp.c.obj)
 .text.bt_smp_init
                0x0000000000033a74       0x38 zephyr/subsys/bluetooth/host/libsubsys__bluetooth__host.a(smp.c.obj)
                0x0000000000033a74                bt_smp_init
 .text.bt_keys_get_addr
                0x0000000000033aac       0x84 zephyr/subsys/bluetooth/host/libsubsys__bluetooth__host.a(keys.c.obj)
                0x0000000000033aac                bt_keys_get_addr
 .text.bt_foreach_bond
                0x0000000000033b30       0x40 zephyr/subsys/bluetooth/host/libsubsys__bluetooth__host.a(keys.c.obj)
                0x0000000000033b30                bt_foreach_bond
 .text.bt_keys_foreach
                0x0000000000033b70       0x2c zephyr/subsys/bluetooth/host/libsubsys__bluetooth__host.a(keys.c.obj)
                0x0000000000033b70                bt_keys_foreach
 .text.keys_commit
                0x0000000000033b9c       0x14 zephyr/subsys/bluetooth/host/libsubsys__bluetooth__host.a(keys.c.obj)
 .text.bt_keys_find
                0x0000000000033bb0       0x4c zephyr/subsys/bluetooth/host/libsubsys__bluetooth__host.a(keys.c.obj)
                0x0000000000033bb0                bt_keys_find
 .text.bt_keys_find_irk
                0x0000000000033bfc       0xa4 zephyr/subsys/bluetooth/host/libsubsys__bluetooth__host.a(keys.c.obj)
                0x0000000000033bfc                bt_keys_find_irk
 .text.bt_keys_find_addr
                0x0000000000033ca0       0x3c zephyr/subsys/bluetooth/host/libsubsys__bluetooth__host.a(keys.c.obj)
                0x0000000000033ca0                bt_keys_find_addr
 .text.bt_keys_clear
                0x0000000000033cdc       0x50 zephyr/subsys/bluetooth/host/libsubsys__bluetooth__host.a(keys.c.obj)
                0x0000000000033cdc                bt_keys_clear
 .text.bt_keys_store
                0x0000000000033d2c       0x40 zephyr/subsys/bluetooth/host/libsubsys__bluetooth__host.a(keys.c.obj)
                0x0000000000033d2c                bt_keys_store
 .text.mem_init
                0x0000000000033d6c       0x60 zephyr/subsys/bluetooth/controller/libsubsys__bluetooth__controller.a(mem.c.obj)
                0x0000000000033d6c                mem_init
 .text.mem_acquire
                0x0000000000033dcc       0x34 zephyr/subsys/bluetooth/controller/libsubsys__bluetooth__controller.a(mem.c.obj)
                0x0000000000033dcc                mem_acquire
 .text.mem_release
                0x0000000000033e00       0x30 zephyr/subsys/bluetooth/controller/libsubsys__bluetooth__controller.a(mem.c.obj)
                0x0000000000033e00                mem_release
 .text.mem_get  0x0000000000033e30        0x8 zephyr/subsys/bluetooth/controller/libsubsys__bluetooth__controller.a(mem.c.obj)
                0x0000000000033e30                mem_get
 .text.mem_index_get
                0x0000000000033e38        0xc zephyr/subsys/bluetooth/controller/libsubsys__bluetooth__controller.a(mem.c.obj)
                0x0000000000033e38                mem_index_get
 .text.mem_rcopy
                0x0000000000033e44       0x1c zephyr/subsys/bluetooth/controller/libsubsys__bluetooth__controller.a(mem.c.obj)
                0x0000000000033e44                mem_rcopy
 .text.mem_nz   0x0000000000033e60       0x18 zephyr/subsys/bluetooth/controller/libsubsys__bluetooth__controller.a(mem.c.obj)
                0x0000000000033e60                mem_nz
 .text.memq_init
                0x0000000000033e78        0x8 zephyr/subsys/bluetooth/controller/libsubsys__bluetooth__controller.a(memq.c.obj)
                0x0000000000033e78                memq_init
 .text.memq_deinit
                0x0000000000033e80       0x14 zephyr/subsys/bluetooth/controller/libsubsys__bluetooth__controller.a(memq.c.obj)
                0x0000000000033e80                memq_deinit
 .text.memq_enqueue
                0x0000000000033e94       0x14 zephyr/subsys/bluetooth/controller/libsubsys__bluetooth__controller.a(memq.c.obj)
                0x0000000000033e94                memq_enqueue
 .text.memq_peek
                0x0000000000033ea8       0x10 zephyr/subsys/bluetooth/controller/libsubsys__bluetooth__controller.a(memq.c.obj)
                0x0000000000033ea8                memq_peek
 .text.memq_dequeue
                0x0000000000033eb8       0x20 zephyr/subsys/bluetooth/controller/libsubsys__bluetooth__controller.a(memq.c.obj)
                0x0000000000033eb8                memq_dequeue
 .text.mayfly_init
                0x0000000000033ed8       0x40 zephyr/subsys/bluetooth/controller/libsubsys__bluetooth__controller.a(mayfly.c.obj)
                0x0000000000033ed8                mayfly_init
 .text.mayfly_enable
                0x0000000000033f18       0x68 zephyr/subsys/bluetooth/controller/libsubsys__bluetooth__controller.a(mayfly.c.obj)
                0x0000000000033f18                mayfly_enable
 .text.mayfly_enqueue
                0x0000000000033f80       0xbc zephyr/subsys/bluetooth/controller/libsubsys__bluetooth__controller.a(mayfly.c.obj)
                0x0000000000033f80                mayfly_enqueue
 .text.mayfly_run
                0x000000000003403c      0x150 zephyr/subsys/bluetooth/controller/libsubsys__bluetooth__controller.a(mayfly.c.obj)
                0x000000000003403c                mayfly_run
 .text.util_ones_count_get
                0x000000000003418c       0x28 zephyr/subsys/bluetooth/controller/libsubsys__bluetooth__controller.a(util.c.obj)
                0x000000000003418c                util_ones_count_get
 .text.util_aa_le32
                0x00000000000341b4      0x14c zephyr/subsys/bluetooth/controller/libsubsys__bluetooth__controller.a(util.c.obj)
                0x00000000000341b4                util_aa_le32
 .text.ticker_dequeue
                0x0000000000034300       0x78 zephyr/subsys/bluetooth/controller/libsubsys__bluetooth__controller.a(ticker.c.obj)
 .text.ticks_to_expire_prep
                0x0000000000034378       0x48 zephyr/subsys/bluetooth/controller/libsubsys__bluetooth__controller.a(ticker.c.obj)
 .text.ticker_job_list_insert
                0x00000000000343c0      0x1f4 zephyr/subsys/bluetooth/controller/libsubsys__bluetooth__controller.a(ticker.c.obj)
 .text.ticker_worker
                0x00000000000345b4      0x2c4 zephyr/subsys/bluetooth/controller/libsubsys__bluetooth__controller.a(ticker.c.obj)
                0x00000000000345b4                ticker_worker
 .text.ticker_job
                0x0000000000034878      0xa18 zephyr/subsys/bluetooth/controller/libsubsys__bluetooth__controller.a(ticker.c.obj)
                0x0000000000034878                ticker_job
 .text.ticker_init
                0x0000000000035290       0x88 zephyr/subsys/bluetooth/controller/libsubsys__bluetooth__controller.a(ticker.c.obj)
                0x0000000000035290                ticker_init
 .text.ticker_is_initialized
                0x0000000000035318       0x18 zephyr/subsys/bluetooth/controller/libsubsys__bluetooth__controller.a(ticker.c.obj)
                0x0000000000035318                ticker_is_initialized
 .text.ticker_trigger
                0x0000000000035330       0x30 zephyr/subsys/bluetooth/controller/libsubsys__bluetooth__controller.a(ticker.c.obj)
                0x0000000000035330                ticker_trigger
 .text.ticker_start_ext
                0x0000000000035360       0xac zephyr/subsys/bluetooth/controller/libsubsys__bluetooth__controller.a(ticker.c.obj)
                0x0000000000035360                ticker_start_ext
 .text.ticker_start
                0x000000000003540c       0x38 zephyr/subsys/bluetooth/controller/libsubsys__bluetooth__controller.a(ticker.c.obj)
                0x000000000003540c                ticker_start
 .text.ticker_update_ext
                0x0000000000035444       0xb0 zephyr/subsys/bluetooth/controller/libsubsys__bluetooth__controller.a(ticker.c.obj)
                0x0000000000035444                ticker_update_ext
 .text.ticker_update
                0x00000000000354f4       0x30 zephyr/subsys/bluetooth/controller/libsubsys__bluetooth__controller.a(ticker.c.obj)
                0x00000000000354f4                ticker_update
 .text.ticker_stop
                0x0000000000035524       0x84 zephyr/subsys/bluetooth/controller/libsubsys__bluetooth__controller.a(ticker.c.obj)
                0x0000000000035524                ticker_stop
 .text.ticker_next_slot_get
                0x00000000000355a8       0x8c zephyr/subsys/bluetooth/controller/libsubsys__bluetooth__controller.a(ticker.c.obj)
                0x00000000000355a8                ticker_next_slot_get
 .text.ticker_job_sched
                0x0000000000035634       0x30 zephyr/subsys/bluetooth/controller/libsubsys__bluetooth__controller.a(ticker.c.obj)
                0x0000000000035634                ticker_job_sched
 .text.ticker_ticks_now_get
                0x0000000000035664        0x4 zephyr/subsys/bluetooth/controller/libsubsys__bluetooth__controller.a(ticker.c.obj)
                0x0000000000035664                ticker_ticks_now_get
 .text.ticker_ticks_diff_get
                0x0000000000035668        0x8 zephyr/subsys/bluetooth/controller/libsubsys__bluetooth__controller.a(ticker.c.obj)
                0x0000000000035668                ticker_ticks_diff_get
 .text.ll_addr_set
                0x0000000000035670       0x40 zephyr/subsys/bluetooth/controller/libsubsys__bluetooth__controller.a(ll_addr.c.obj)
                0x0000000000035670                ll_addr_set
 .text.ll_addr_get
                0x00000000000356b0       0x20 zephyr/subsys/bluetooth/controller/libsubsys__bluetooth__controller.a(ll_addr.c.obj)
                0x00000000000356b0                ll_addr_get
 .text.ll_addr_read
                0x00000000000356d0       0x30 zephyr/subsys/bluetooth/controller/libsubsys__bluetooth__controller.a(ll_addr.c.obj)
                0x00000000000356d0                ll_addr_read
 .text.ll_tx_pwr_lvl_get
                0x0000000000035700       0x20 zephyr/subsys/bluetooth/controller/libsubsys__bluetooth__controller.a(ll_tx_pwr.c.obj)
                0x0000000000035700                ll_tx_pwr_lvl_get
 .text.ll_tx_pwr_get
                0x0000000000035720        0x8 zephyr/subsys/bluetooth/controller/libsubsys__bluetooth__controller.a(ll_tx_pwr.c.obj)
                0x0000000000035720                ll_tx_pwr_get
 .text.hci_driver_init
                0x0000000000035728       0x10 zephyr/subsys/bluetooth/controller/libsubsys__bluetooth__controller.a(hci_driver.c.obj)
 .text.hci_driver_send
                0x0000000000035738       0x6c zephyr/subsys/bluetooth/controller/libsubsys__bluetooth__controller.a(hci_driver.c.obj)
 .text.recv_thread
                0x00000000000357a4      0x120 zephyr/subsys/bluetooth/controller/libsubsys__bluetooth__controller.a(hci_driver.c.obj)
 .text.prio_recv_thread
                0x00000000000358c4       0xc8 zephyr/subsys/bluetooth/controller/libsubsys__bluetooth__controller.a(hci_driver.c.obj)
 .text.hci_driver_open
                0x000000000003598c       0x90 zephyr/subsys/bluetooth/controller/libsubsys__bluetooth__controller.a(hci_driver.c.obj)
 .text.dup_found.constprop.0
                0x0000000000035a1c       0xb8 zephyr/subsys/bluetooth/controller/libsubsys__bluetooth__controller.a(hci.c.obj)
 .text.le_remote_feat_complete
                0x0000000000035ad4       0x6c zephyr/subsys/bluetooth/controller/libsubsys__bluetooth__controller.a(hci.c.obj)
 .text.hci_vendor_cmd_handle_common
                0x0000000000035b40      0x160 zephyr/subsys/bluetooth/controller/libsubsys__bluetooth__controller.a(hci.c.obj)
                0x0000000000035b40                hci_vendor_cmd_handle_common
 .text.hci_cmd_handle
                0x0000000000035ca0      0x974 zephyr/subsys/bluetooth/controller/libsubsys__bluetooth__controller.a(hci.c.obj)
                0x0000000000035ca0                hci_cmd_handle
 .text.hci_acl_handle
                0x0000000000036614       0xbc zephyr/subsys/bluetooth/controller/libsubsys__bluetooth__controller.a(hci.c.obj)
                0x0000000000036614                hci_acl_handle
 .text.hci_disconn_complete_encode
                0x00000000000366d0       0x40 zephyr/subsys/bluetooth/controller/libsubsys__bluetooth__controller.a(hci.c.obj)
                0x00000000000366d0                hci_disconn_complete_encode
 .text.hci_disconn_complete_process
                0x0000000000036710       0x10 zephyr/subsys/bluetooth/controller/libsubsys__bluetooth__controller.a(hci.c.obj)
                0x0000000000036710                hci_disconn_complete_process
 .text.hci_acl_encode
                0x0000000000036720       0x74 zephyr/subsys/bluetooth/controller/libsubsys__bluetooth__controller.a(hci.c.obj)
                0x0000000000036720                hci_acl_encode
 .text.hci_evt_encode
                0x0000000000036794      0x7bc zephyr/subsys/bluetooth/controller/libsubsys__bluetooth__controller.a(hci.c.obj)
                0x0000000000036794                hci_evt_encode
 .text.hci_num_cmplt_encode
                0x0000000000036f50       0x30 zephyr/subsys/bluetooth/controller/libsubsys__bluetooth__controller.a(hci.c.obj)
                0x0000000000036f50                hci_num_cmplt_encode
 .text.hci_get_class
                0x0000000000036f80       0x2c zephyr/subsys/bluetooth/controller/libsubsys__bluetooth__controller.a(hci.c.obj)
                0x0000000000036f80                hci_get_class
 .text.hci_init
                0x0000000000036fac       0x4c zephyr/subsys/bluetooth/controller/libsubsys__bluetooth__controller.a(hci.c.obj)
                0x0000000000036fac                hci_init
 .text.bt_rand  0x0000000000036ff8        0x4 zephyr/subsys/bluetooth/controller/libsubsys__bluetooth__controller.a(crypto.c.obj)
                0x0000000000036ff8                bt_rand
 .text.bt_encrypt_le
                0x0000000000036ffc        0xc zephyr/subsys/bluetooth/controller/libsubsys__bluetooth__controller.a(crypto.c.obj)
                0x0000000000036ffc                bt_encrypt_le
 .text.ll_feat_get
                0x0000000000037008        0xc zephyr/subsys/bluetooth/controller/libsubsys__bluetooth__controller.a(ll_feat.c.obj)
                0x0000000000037008                ll_feat_get
 .text.perform_lll_reset
                0x0000000000037014       0xc0 zephyr/subsys/bluetooth/controller/libsubsys__bluetooth__controller.a(ull.c.obj)
 .text.ull_ticker_status_give
                0x00000000000370d4        0xc zephyr/subsys/bluetooth/controller/libsubsys__bluetooth__controller.a(ull.c.obj)
                0x00000000000370d4                ull_ticker_status_give
 .text.disabled_cb
                0x00000000000370e0        0x4 zephyr/subsys/bluetooth/controller/libsubsys__bluetooth__controller.a(ull.c.obj)
 .text.tx_cmplt_get
                0x00000000000370e4       0xb8 zephyr/subsys/bluetooth/controller/libsubsys__bluetooth__controller.a(ull.c.obj)
 .text.ull_done
                0x000000000003719c      0x114 zephyr/subsys/bluetooth/controller/libsubsys__bluetooth__controller.a(ull.c.obj)
 .text.rx_alloc
                0x00000000000372b0      0x108 zephyr/subsys/bluetooth/controller/libsubsys__bluetooth__controller.a(ull.c.obj)
 .text.rx_demux
                0x00000000000373b8      0x1d4 zephyr/subsys/bluetooth/controller/libsubsys__bluetooth__controller.a(ull.c.obj)
 .text.ll_rx_get
                0x000000000003758c      0x1d8 zephyr/subsys/bluetooth/controller/libsubsys__bluetooth__controller.a(ull.c.obj)
                0x000000000003758c                ll_rx_get
 .text.ll_rx_dequeue
                0x0000000000037764      0x188 zephyr/subsys/bluetooth/controller/libsubsys__bluetooth__controller.a(ull.c.obj)
                0x0000000000037764                ll_rx_dequeue
 .text.ll_rx_mem_release
                0x00000000000378ec      0x1a4 zephyr/subsys/bluetooth/controller/libsubsys__bluetooth__controller.a(ull.c.obj)
                0x00000000000378ec                ll_rx_mem_release
 .text.ll_rx_link_alloc
                0x0000000000037a90        0xc zephyr/subsys/bluetooth/controller/libsubsys__bluetooth__controller.a(ull.c.obj)
                0x0000000000037a90                ll_rx_link_alloc
 .text.ll_rx_link_release
                0x0000000000037a9c        0xc zephyr/subsys/bluetooth/controller/libsubsys__bluetooth__controller.a(ull.c.obj)
                0x0000000000037a9c                ll_rx_link_release
 .text.ll_rx_alloc
                0x0000000000037aa8        0xc zephyr/subsys/bluetooth/controller/libsubsys__bluetooth__controller.a(ull.c.obj)
                0x0000000000037aa8                ll_rx_alloc
 .text.ll_rx_release
                0x0000000000037ab4        0xc zephyr/subsys/bluetooth/controller/libsubsys__bluetooth__controller.a(ull.c.obj)
                0x0000000000037ab4                ll_rx_release
 .text.ll_rx_put
                0x0000000000037ac0       0x14 zephyr/subsys/bluetooth/controller/libsubsys__bluetooth__controller.a(ull.c.obj)
                0x0000000000037ac0                ll_rx_put
 .text.ll_rx_sched
                0x0000000000037ad4        0xc zephyr/subsys/bluetooth/controller/libsubsys__bluetooth__controller.a(ull.c.obj)
                0x0000000000037ad4                ll_rx_sched
 .text.ll_pdu_rx_alloc_peek
                0x0000000000037ae0       0x40 zephyr/subsys/bluetooth/controller/libsubsys__bluetooth__controller.a(ull.c.obj)
                0x0000000000037ae0                ll_pdu_rx_alloc_peek
 .text.ll_pdu_rx_alloc
                0x0000000000037b20       0x2c zephyr/subsys/bluetooth/controller/libsubsys__bluetooth__controller.a(ull.c.obj)
                0x0000000000037b20                ll_pdu_rx_alloc
 .text.ll_tx_ack_put
                0x0000000000037b4c       0x64 zephyr/subsys/bluetooth/controller/libsubsys__bluetooth__controller.a(ull.c.obj)
                0x0000000000037b4c                ll_tx_ack_put
 .text.ll_timeslice_ticker_id_get
                0x0000000000037bb0        0xc zephyr/subsys/bluetooth/controller/libsubsys__bluetooth__controller.a(ull.c.obj)
                0x0000000000037bb0                ll_timeslice_ticker_id_get
 .text.ll_radio_state_abort
                0x0000000000037bbc       0x40 zephyr/subsys/bluetooth/controller/libsubsys__bluetooth__controller.a(ull.c.obj)
                0x0000000000037bbc                ll_radio_state_abort