Archive member included to satisfy reference by file (symbol)

app/libapp.a(stdlib.c.obj)    (--whole-archive)
app/libapp.a(activity.c.obj)  (--whole-archive)
app/libapp.a(kscan.c.obj)     (--whole-archive)
app/libapp.a(matrix_transform.c.obj)
                              (--whole-archive)
app/libapp.a(sensors.c.obj)   (--whole-archive)
app/libapp.a(event_manager.c.obj)
                              (--whole-archive)
app/libapp.a(ext_power_generic.c.obj)
                              (--whole-archive)
app/libapp.a(activity_state_changed.c.obj)
                              (--whole-archive)
app/libapp.a(position_state_changed.c.obj)
                              (--whole-archive)
app/libapp.a(sensor_event.c.obj)
                              (--whole-archive)
app/libapp.a(usb_conn_state_changed.c.obj)
                              (--whole-archive)
app/libapp.a(behavior_reset.c.obj)
                              (--whole-archive)
app/libapp.a(behavior_ext_power.c.obj)
                              (--whole-archive)
app/libapp.a(battery_state_changed.c.obj)
                              (--whole-archive)
app/libapp.a(battery.c.obj)   (--whole-archive)
app/libapp.a(split_peripheral_status_changed.c.obj)
                              (--whole-archive)
app/libapp.a(split_listener.c.obj)
                              (--whole-archive)
app/libapp.a(service.c.obj)   (--whole-archive)
app/libapp.a(peripheral.c.obj)
                              (--whole-archive)
app/libapp.a(usb.c.obj)       (--whole-archive)
app/libapp.a(main.c.obj)      (--whole-archive)
zephyr/libzephyr.a(cbprintf.c.obj)
                              (--whole-archive)
zephyr/libzephyr.a(cbprintf_packaged.c.obj)
                              (--whole-archive)
zephyr/libzephyr.a(crc32c_sw.c.obj)
                              (--whole-archive)
zephyr/libzephyr.a(crc32_sw.c.obj)
                              (--whole-archive)
zephyr/libzephyr.a(crc16_sw.c.obj)
                              (--whole-archive)
zephyr/libzephyr.a(crc8_sw.c.obj)
                              (--whole-archive)
zephyr/libzephyr.a(crc7_sw.c.obj)
                              (--whole-archive)
zephyr/libzephyr.a(dec.c.obj)
                              (--whole-archive)
zephyr/libzephyr.a(fdtable.c.obj)
                              (--whole-archive)
zephyr/libzephyr.a(hex.c.obj)
                              (--whole-archive)
zephyr/libzephyr.a(notify.c.obj)
                              (--whole-archive)
zephyr/libzephyr.a(printk.c.obj)
                              (--whole-archive)
zephyr/libzephyr.a(onoff.c.obj)
                              (--whole-archive)
zephyr/libzephyr.a(rb.c.obj)  (--whole-archive)
zephyr/libzephyr.a(sem.c.obj)
                              (--whole-archive)
zephyr/libzephyr.a(thread_entry.c.obj)
                              (--whole-archive)
zephyr/libzephyr.a(timeutil.c.obj)
                              (--whole-archive)
zephyr/libzephyr.a(heap.c.obj)
                              (--whole-archive)
zephyr/libzephyr.a(heap-validate.c.obj)
                              (--whole-archive)
zephyr/libzephyr.a(bitarray.c.obj)
                              (--whole-archive)
zephyr/libzephyr.a(multi_heap.c.obj)
                              (--whole-archive)
zephyr/libzephyr.a(cbprintf_nano.c.obj)
                              (--whole-archive)
zephyr/libzephyr.a(reboot.c.obj)
                              (--whole-archive)
zephyr/libzephyr.a(configs.c.obj)
                              (--whole-archive)
zephyr/libzephyr.a(soc_nrf_common.S.obj)
                              (--whole-archive)
zephyr/libzephyr.a(validate_base_addresses.c.obj)
                              (--whole-archive)
zephyr/libzephyr.a(validate_enabled_instances.c.obj)
                              (--whole-archive)
zephyr/libzephyr.a(dis.c.obj)
                              (--whole-archive)
zephyr/libzephyr.a(bas.c.obj)
                              (--whole-archive)
zephyr/libzephyr.a(nvs.c.obj)
                              (--whole-archive)
zephyr/libzephyr.a(addr_utils.c.obj)
                              (--whole-archive)
zephyr/libzephyr.a(usb_device.c.obj)
                              (--whole-archive)
zephyr/libzephyr.a(usb_descriptor.c.obj)
                              (--whole-archive)
zephyr/libzephyr.a(usb_transfer.c.obj)
                              (--whole-archive)
zephyr/libzephyr.a(flash_map.c.obj)
                              (--whole-archive)
zephyr/libzephyr.a(flash_map_default.c.obj)
                              (--whole-archive)
zephyr/libzephyr.a(flash_map_layout.c.obj)
                              (--whole-archive)
zephyr/libzephyr.a(settings_store.c.obj)
                              (--whole-archive)
zephyr/libzephyr.a(settings.c.obj)
                              (--whole-archive)
zephyr/libzephyr.a(settings_init.c.obj)
                              (--whole-archive)
zephyr/libzephyr.a(settings_line.c.obj)
[...]
Memory Configuration

Name             Origin             Length             Attributes
FLASH            0x0000000000026000 0x00000000000c6000 xr
SRAM             0x0000000020000000 0x0000000000040000 xw
IDT_LIST         0x00000000fffff7ff 0x0000000000000800 xw
*default*        0x0000000000000000 0xffffffffffffffff

Linker script and memory map

LOAD zephyr/CMakeFiles/zephyr_pre0.dir/misc/empty_file.c.obj
LOAD zephyr/CMakeFiles/offsets.dir/./arch/arm/core/offsets/offsets.c.obj
                0x0000000000000020                _region_min_align = 0x20

.rel.plt        0x0000000000026000        0x0
 *(SORT_BY_ALIGNMENT(.rel.plt))
                [!provide]                        PROVIDE (__rel_iplt_start = .)
 *(SORT_BY_ALIGNMENT(.rel.iplt))
 .rel.iplt      0x0000000000026000        0x0 app/libapp.a(activity.c.obj)
                [!provide]                        PROVIDE (__rel_iplt_end = .)

.rela.plt       0x0000000000000000        0x0
 *(SORT_BY_ALIGNMENT(.rela.plt))
                [!provide]                        PROVIDE (__rela_iplt_start = .)
 *(SORT_BY_ALIGNMENT(.rela.iplt))
                [!provide]                        PROVIDE (__rela_iplt_end = .)

.rel.dyn
 *(SORT_BY_ALIGNMENT(.rel.*))

.rela.dyn
 *(SORT_BY_ALIGNMENT(.rela.*))

/DISCARD/
 *(SORT_BY_ALIGNMENT(.plt))

/DISCARD/
 *(SORT_BY_ALIGNMENT(.iplt))
                0x0000000000026000                __rom_region_start = 0x26000

rom_start       0x0000000000026000      0x100
                0x0000000000000000                . = 0x0
                0x0000000000000000                . = ALIGN (0x4)
                0x0000000000000000                . = ALIGN (0x80)
                0x0000000000000000                . = ALIGN (0x100)
                0x0000000000026000                _vector_start = .
 *(SORT_BY_ALIGNMENT(.exc_vector_table))
 *(SORT_BY_ALIGNMENT(.exc_vector_table.*))
 .exc_vector_table._vector_table_section
                0x0000000000026000       0x40 zephyr/arch/arch/arm/core/aarch32/cortex_m/libarch__arm__core__aarch32__cortex_m.a(vector_table.S.obj)
                0x0000000000026000                _vector_table
 *(SORT_BY_ALIGNMENT(.gnu.linkonce.irq_vector_table*))
 .gnu.linkonce.irq_vector_table
                0x0000000000026040       0xc0 zephyr/arch/common/libisr_tables.a(isr_tables.c.obj)
                0x0000000000026040                _irq_vector_table
 *(SORT_BY_ALIGNMENT(.vectors))
                0x0000000000026100                _vector_end = .

text            0x0000000000026100    0x22e5c
                0x0000000000026100                __text_region_start = .
 *(SORT_BY_ALIGNMENT(.text))
 .text          0x0000000000026100       0x30 /opt/zephyr-sdk/arm-zephyr-eabi/bin/../lib/gcc/arm-zephyr-eabi/12.1.0/thumb/v7e-m/nofp/libgcc.a(_aeabi_uldivmod.o)
                0x0000000000026100                __aeabi_uldivmod
 .text          0x0000000000026130        0x4 /opt/zephyr-sdk/arm-zephyr-eabi/bin/../lib/gcc/arm-zephyr-eabi/12.1.0/thumb/v7e-m/nofp/libgcc.a(_dvmd_tls.o)
                0x0000000000026130                __aeabi_ldiv0
                0x0000000000026130                __aeabi_idiv0
 .text          0x0000000000026134      0x2a0 /opt/zephyr-sdk/arm-zephyr-eabi/bin/../lib/gcc/arm-zephyr-eabi/12.1.0/thumb/v7e-m/nofp/libgcc.a(_udivmoddi4.o)
                0x0000000000026134                __udivmoddi4
 *(SORT_BY_ALIGNMENT(.text.*))
 *fill*         0x00000000000263d4        0x4 
 .text.bt_init  0x00000000000263d8      0x418 zephyr/subsys/bluetooth/host/libsubsys__bluetooth__host.a(hci_core.c.obj)
 .text.ull_drift_ticks_get
                0x00000000000267f0       0x94 zephyr/subsys/bluetooth/controller/libsubsys__bluetooth__controller.a(ull.c.obj)
                0x00000000000267f0                ull_drift_ticks_get
 *fill*         0x0000000000026884        0x4 
 .text.ll_adv_enable
                0x0000000000026888      0x408 zephyr/subsys/bluetooth/controller/libsubsys__bluetooth__controller.a(ull_adv.c.obj)
                0x0000000000026888                ll_adv_enable
 .text.ull_adv_time_update
                0x0000000000026c90       0xb0 zephyr/subsys/bluetooth/controller/libsubsys__bluetooth__controller.a(ull_adv.c.obj)
                0x0000000000026c90                ull_adv_time_update
 .text.event_conn_upd_prep
                0x0000000000026d40      0x584 zephyr/subsys/bluetooth/controller/libsubsys__bluetooth__controller.a(ull_conn.c.obj)
 *fill*         0x00000000000272c4        0x4 
 .text.ull_periph_setup
                0x00000000000272c8      0x474 zephyr/subsys/bluetooth/controller/libsubsys__bluetooth__controller.a(ull_peripheral.c.obj)
                0x00000000000272c8                ull_periph_setup
 *fill*         0x000000000002773c        0x4 
 .text.nrf_flash_sync_exe
                0x0000000000027740       0xf8 zephyr/drivers/flash/libdrivers__flash.a(soc_flash_nrf_ticker.c.obj)
                0x0000000000027740                nrf_flash_sync_exe
 .text.nrf_flash_sync_check_time_limit
                0x0000000000027838       0x48 zephyr/drivers/flash/libdrivers__flash.a(soc_flash_nrf_ticker.c.obj)
                0x0000000000027838                nrf_flash_sync_check_time_limit
 .text.activity_expiry_function
                0x0000000000027880        0xc app/libapp.a(activity.c.obj)
                0x0000000000027880                activity_expiry_function
 .text.activity_init
                0x000000000002788c       0x3c app/libapp.a(activity.c.obj)
                0x000000000002788c                activity_init
 .text.raise_event
                0x00000000000278c8       0x18 app/libapp.a(activity.c.obj)
                0x00000000000278c8                raise_event
 .text.set_state
                0x00000000000278e0       0x18 app/libapp.a(activity.c.obj)
                0x00000000000278e0                set_state
 .text.activity_event_listener
                0x00000000000278f8       0x2c app/libapp.a(activity.c.obj)
                0x00000000000278f8                activity_event_listener
 .text.activity_work_handler
                0x0000000000027924       0x38 app/libapp.a(activity.c.obj)
                0x0000000000027924                activity_work_handler
 .text.zmk_kscan_process_msgq
                0x000000000002795c       0x68 app/libapp.a(kscan.c.obj)
                0x000000000002795c                zmk_kscan_process_msgq
 .text.zmk_kscan_callback
                0x00000000000279c4       0x2c app/libapp.a(kscan.c.obj)
 .text.zmk_kscan_init
                0x00000000000279f0       0x3c app/libapp.a(kscan.c.obj)
                0x00000000000279f0                zmk_kscan_init
 .text.zmk_matrix_transform_row_column_to_position
                0x0000000000027a2c       0x14 app/libapp.a(matrix_transform.c.obj)
                0x0000000000027a2c                zmk_matrix_transform_row_column_to_position
 .text.zmk_event_manager_handle_from
                0x0000000000027a40       0x5c app/libapp.a(event_manager.c.obj)
                0x0000000000027a40                zmk_event_manager_handle_from
 .text.new_zmk_activity_state_changed
                0x0000000000027a9c       0x18 app/libapp.a(activity_state_changed.c.obj)
                0x0000000000027a9c                new_zmk_activity_state_changed
 .text.new_zmk_position_state_changed
                0x0000000000027ab4       0x38 app/libapp.a(position_state_changed.c.obj)
                0x0000000000027ab4                new_zmk_position_state_changed
 .text.as_zmk_position_state_changed
                0x0000000000027aec       0x14 app/libapp.a(position_state_changed.c.obj)
                0x0000000000027aec                as_zmk_position_state_changed
 .text.new_zmk_usb_conn_state_changed
                0x0000000000027b00       0x18 app/libapp.a(usb_conn_state_changed.c.obj)
                0x0000000000027b00                new_zmk_usb_conn_state_changed
 .text.on_keymap_binding_pressed
                0x0000000000027b18       0x58 app/libapp.a(behavior_ext_power.c.obj)
 .text.on_keymap_binding_convert_central_state_dependent_params
                0x0000000000027b70       0x40 app/libapp.a(behavior_ext_power.c.obj)
 .text.new_zmk_battery_state_changed
                0x0000000000027bb0       0x18 app/libapp.a(battery_state_changed.c.obj)
                0x0000000000027bb0                new_zmk_battery_state_changed
 .text.zmk_battery_timer
                0x0000000000027bc8        0xc app/libapp.a(battery.c.obj)
 .text.zmk_battery_update.constprop.0
                0x0000000000027bd4       0x48 app/libapp.a(battery.c.obj)
 .text.zmk_battery_init
                0x0000000000027c1c       0x38 app/libapp.a(battery.c.obj)
 .text.new_zmk_split_peripheral_status_changed
                0x0000000000027c54       0x18 app/libapp.a(split_peripheral_status_changed.c.obj)
                0x0000000000027c54                new_zmk_split_peripheral_status_changed
 .text.split_svc_pos_state
                0x0000000000027c6c       0x1c app/libapp.a(service.c.obj)
 .text.service_init
                0x0000000000027c88       0x28 app/libapp.a(service.c.obj)
                0x0000000000027c88                service_init
 .text.send_position_state_callback
                0x0000000000027cb0       0x48 app/libapp.a(service.c.obj)
                0x0000000000027cb0                send_position_state_callback
 .text.send_position_state
                0x0000000000027cf8       0x4c app/libapp.a(service.c.obj)
                0x0000000000027cf8                send_position_state
 .text.zmk_split_bt_position_pressed
                0x0000000000027d44       0x1c app/libapp.a(service.c.obj)
                0x0000000000027d44                zmk_split_bt_position_pressed
 .text.zmk_split_bt_position_released
                0x0000000000027d60       0x20 app/libapp.a(service.c.obj)
                0x0000000000027d60                zmk_split_bt_position_released
 .text.connected
                0x0000000000027d80       0x1c app/libapp.a(peripheral.c.obj)
 .text.bt_addr_le_to_str.constprop.0.isra.0
                0x0000000000027d9c       0x78 app/libapp.a(peripheral.c.obj)
 .text.disconnected
                0x0000000000027e14       0x28 app/libapp.a(peripheral.c.obj)
 .text.zmk_peripheral_ble_init
                0x0000000000027e3c       0x58 app/libapp.a(peripheral.c.obj)
 .text.usb_status_cb
                0x0000000000027e94       0x14 app/libapp.a(usb.c.obj)
                0x0000000000027e94                usb_status_cb
 .text.zmk_usb_init
                0x0000000000027ea8       0x18 app/libapp.a(usb.c.obj)
 .text.zmk_usb_get_conn_state
                0x0000000000027ec0       0x28 app/libapp.a(usb.c.obj)
                0x0000000000027ec0                zmk_usb_get_conn_state
 .text.main     0x0000000000027ee8        0xc app/libapp.a(main.c.obj)
                0x0000000000027ee8                main
 .text.crc8_ccitt
                0x0000000000027ef4       0x2c zephyr/libzephyr.a(crc8_sw.c.obj)
                0x0000000000027ef4                crc8_ccitt
 .text.char_out
                0x0000000000027f20       0x10 zephyr/libzephyr.a(printk.c.obj)
 .text.vprintk  0x0000000000027f30       0x1c zephyr/libzephyr.a(printk.c.obj)
                0x0000000000027f30                vprintk
 .text.vsnprintk
                0x0000000000027f4c       0x28 zephyr/libzephyr.a(printk.c.obj)
                0x0000000000027f4c                vsnprintk
 .text.process_event
                0x0000000000027f74      0x21c zephyr/libzephyr.a(onoff.c.obj)
 .text.cbvprintf
                0x0000000000028190      0x448 zephyr/libzephyr.a(cbprintf_nano.c.obj)
                0x0000000000028190                cbvprintf
 .text.sys_reboot
                0x00000000000285d8       0x28 zephyr/libzephyr.a(reboot.c.obj)
                0x00000000000285d8                sys_reboot
 .text.read_pnp_id
                0x0000000000028600       0x1c zephyr/libzephyr.a(dis.c.obj)
 .text.read_blvl
                0x000000000002861c       0x28 zephyr/libzephyr.a(bas.c.obj)
 .text.bt_bas_set_battery_level
                0x0000000000028644       0x50 zephyr/libzephyr.a(bas.c.obj)
                0x0000000000028644                bt_bas_set_battery_level
 .text.nvs_recover_last_ate
                0x0000000000028694       0x64 zephyr/libzephyr.a(nvs.c.obj)
 .text.nvs_init
                0x00000000000286f8      0x2d0 zephyr/libzephyr.a(nvs.c.obj)
                0x00000000000286f8                nvs_init
 .text.nvs_write
                0x00000000000289c8      0x1a0 zephyr/libzephyr.a(nvs.c.obj)
                0x00000000000289c8                nvs_write
 .text.class_handler
                0x0000000000028b68       0x40 zephyr/libzephyr.a(usb_device.c.obj)
 .text.custom_handler
                0x0000000000028ba8       0x60 zephyr/libzephyr.a(usb_device.c.obj)
 .text.vendor_handler
                0x0000000000028c08       0x3c zephyr/libzephyr.a(usb_device.c.obj)
 .text.set_endpoint
                0x0000000000028c44       0x54 zephyr/libzephyr.a(usb_device.c.obj)
 .text.usb_reset_alt_setting
                0x0000000000028c98       0x10 zephyr/libzephyr.a(usb_device.c.obj)
 .text.is_ep_valid.part.0
                0x0000000000028ca8       0x38 zephyr/libzephyr.a(usb_device.c.obj)
 .text.usb_handle_request.constprop.0
                0x0000000000028ce0       0x2c zephyr/libzephyr.a(usb_device.c.obj)
 .text.forward_status_cb
                0x0000000000028d0c       0xa0 zephyr/libzephyr.a(usb_device.c.obj)
 .text.usb_halt_endpoint_req.isra.0
                0x0000000000028dac       0x50 zephyr/libzephyr.a(usb_device.c.obj)
 .text.usb_handle_standard_request
                0x0000000000028dfc      0x2f0 zephyr/libzephyr.a(usb_device.c.obj)
 .text.usb_data_to_host
                0x00000000000290ec       0x54 zephyr/libzephyr.a(usb_device.c.obj)
 .text.usb_handle_control_transfer
                0x0000000000029140       0xdc zephyr/libzephyr.a(usb_device.c.obj)
 .text.usb_set_config
                0x000000000002921c       0x2c zephyr/libzephyr.a(usb_device.c.obj)
                0x000000000002921c                usb_set_config
 .text.usb_device_init
                0x0000000000029248       0x28 zephyr/libzephyr.a(usb_device.c.obj)
 .text.usb_enable
                0x0000000000029270       0xf4 zephyr/libzephyr.a(usb_device.c.obj)
                0x0000000000029270                usb_enable
 .text.usb_update_sn_string_descriptor
                0x0000000000029364       0x88 zephyr/libzephyr.a(usb_descriptor.c.obj)
                0x0000000000029364                usb_update_sn_string_descriptor
 .text.usb_get_device_descriptor
                0x00000000000293ec      0x1ac zephyr/libzephyr.a(usb_descriptor.c.obj)
                0x00000000000293ec                usb_get_device_descriptor
 .text.usb_ep_get_transfer
                0x0000000000029598       0x2c zephyr/libzephyr.a(usb_transfer.c.obj)
 .text.usb_transfer_work
                0x00000000000295c4      0x110 zephyr/libzephyr.a(usb_transfer.c.obj)
 .text.usb_cancel_transfer
                0x00000000000296d4       0x3c zephyr/libzephyr.a(usb_transfer.c.obj)
                0x00000000000296d4                usb_cancel_transfer
 .text.usb_cancel_transfers
                0x0000000000029710       0x48 zephyr/libzephyr.a(usb_transfer.c.obj)
                0x0000000000029710                usb_cancel_transfers
 .text.usb_transfer_init
                0x0000000000029758       0x34 zephyr/libzephyr.a(usb_transfer.c.obj)
                0x0000000000029758                usb_transfer_init
 .text.flash_area_open
                0x000000000002978c       0x3c zephyr/libzephyr.a(flash_map.c.obj)
                0x000000000002978c                flash_area_open
 .text.flash_area_get_sectors
                0x00000000000297c8       0x68 zephyr/libzephyr.a(flash_map_layout.c.obj)
                0x00000000000297c8                flash_area_get_sectors
 .text.settings_save_one
                0x0000000000029830       0x4c zephyr/libzephyr.a(settings_store.c.obj)
                0x0000000000029830                settings_save_one
 .text.settings_src_register
                0x000000000002987c       0x1c zephyr/libzephyr.a(settings_store.c.obj)
                0x000000000002987c                settings_src_register
 .text.settings_dst_register
                0x0000000000029898        0xc zephyr/libzephyr.a(settings_store.c.obj)
                0x0000000000029898                settings_dst_register
 .text.settings_load_subtree
                0x00000000000298a4       0x4c zephyr/libzephyr.a(settings_store.c.obj)
                0x00000000000298a4                settings_load_subtree
 .text.settings_load_subtree_direct
                0x00000000000298f0       0x40 zephyr/libzephyr.a(settings_store.c.obj)
                0x00000000000298f0                settings_load_subtree_direct
 .text.settings_store_init
                0x0000000000029930       0x10 zephyr/libzephyr.a(settings_store.c.obj)
                0x0000000000029930                settings_store_init
 .text.settings_init
                0x0000000000029940       0x10 zephyr/libzephyr.a(settings.c.obj)
                0x0000000000029940                settings_init
 .text.settings_parse_and_lookup
                0x0000000000029950       0x98 zephyr/libzephyr.a(settings.c.obj)
                0x0000000000029950                settings_parse_and_lookup
 .text.settings_commit_subtree
                0x00000000000299e8       0x70 zephyr/libzephyr.a(settings.c.obj)
                0x00000000000299e8                settings_commit_subtree
 .text.settings_subsys_init
                0x0000000000029a58       0x24 zephyr/libzephyr.a(settings_init.c.obj)
                0x0000000000029a58                settings_subsys_init
 .text.settings_nvs_load
                0x0000000000029a7c       0xbc zephyr/libzephyr.a(settings_nvs.c.obj)
 .text.settings_backend_init
                0x0000000000029b38       0x98 zephyr/libzephyr.a(settings_nvs.c.obj)
                0x0000000000029b38                settings_backend_init
 .text.pm_state_notify
                0x0000000000029bd0       0x5c zephyr/libzephyr.a(pm.c.obj)
 .text.atomic_clear_bit.constprop.0
                0x0000000000029c2c       0x30 zephyr/libzephyr.a(pm.c.obj)
 .text.pm_system_resume
                0x0000000000029c5c       0x84 zephyr/libzephyr.a(pm.c.obj)
                0x0000000000029c5c                pm_system_resume
 .text.pm_system_suspend
                0x0000000000029ce0       0xf8 zephyr/libzephyr.a(pm.c.obj)
                0x0000000000029ce0                pm_system_suspend
 .text.pm_constraint_get
                0x0000000000029dd8       0x1c zephyr/libzephyr.a(constraint.c.obj)
                0x0000000000029dd8                pm_constraint_get
 .text.pm_state_cpu_get_all
                0x0000000000029df4       0x10 zephyr/libzephyr.a(state.c.obj)
                0x0000000000029df4                pm_state_cpu_get_all
 .text.pm_policy_next_state
                0x0000000000029e04       0x80 zephyr/libzephyr.a(residency.c.obj)
                0x0000000000029e04                pm_policy_next_state
 .text.uECC_get_rng
                0x0000000000029e84        0xc zephyr/libzephyr.a(ecc.c.obj)
                0x0000000000029e84                uECC_get_rng
 .text.vli_mmod_fast_secp256r1
                0x0000000000029e90      0x184 zephyr/libzephyr.a(ecc.c.obj)
                0x0000000000029e90                vli_mmod_fast_secp256r1
 .text.sub_bytes
                0x000000000002a014       0x18 zephyr/libzephyr.a(aes_encrypt.c.obj)
 .text.tc_aes128_set_encrypt_key
                0x000000000002a02c       0xa4 zephyr/libzephyr.a(aes_encrypt.c.obj)
                0x000000000002a02c                tc_aes128_set_encrypt_key
 .text.z_arm_cpu_idle_init
                0x000000000002a0d0        0xc zephyr/arch/arch/arm/core/aarch32/libarch__arm__core__aarch32.a(cpu_idle.S.obj)
                0x000000000002a0d0                z_arm_cpu_idle_init
 .text.arch_cpu_idle
                0x000000000002a0dc       0x1c zephyr/arch/arch/arm/core/aarch32/libarch__arm__core__aarch32.a(cpu_idle.S.obj)
                0x000000000002a0dc                arch_cpu_idle
 .text.arch_cpu_atomic_idle
                0x000000000002a0f8       0x14 zephyr/arch/arch/arm/core/aarch32/libarch__arm__core__aarch32.a(cpu_idle.S.obj)
                0x000000000002a0f8                arch_cpu_atomic_idle
 .text.arch_irq_enable
                0x000000000002a10c       0x1c zephyr/arch/arch/arm/core/aarch32/libarch__arm__core__aarch32.a(irq_manage.c.obj)
                0x000000000002a10c                arch_irq_enable
 .text.arch_irq_disable
                0x000000000002a128       0x28 zephyr/arch/arch/arm/core/aarch32/libarch__arm__core__aarch32.a(irq_manage.c.obj)
                0x000000000002a128                arch_irq_disable
 .text.arch_irq_is_enabled
                0x000000000002a150       0x1c zephyr/arch/arch/arm/core/aarch32/libarch__arm__core__aarch32.a(irq_manage.c.obj)
                0x000000000002a150                arch_irq_is_enabled
 .text.z_arm_irq_priority_set
                0x000000000002a16c       0x30 zephyr/arch/arch/arm/core/aarch32/libarch__arm__core__aarch32.a(irq_manage.c.obj)
                0x000000000002a16c                z_arm_irq_priority_set
 .text._arch_isr_direct_pm
                0x000000000002a19c       0x1c zephyr/arch/arch/arm/core/aarch32/libarch__arm__core__aarch32.a(irq_manage.c.obj)
                0x000000000002a19c                _arch_isr_direct_pm
 .text.z_SysNmiOnReset
                0x000000000002a1b8        0x8 zephyr/arch/arch/arm/core/aarch32/libarch__arm__core__aarch32.a(nmi_on_reset.S.obj)
                0x000000000002a1b8                z_SysNmiOnReset
 .text.z_arm_prep_c
                0x000000000002a1c0       0x48 zephyr/arch/arch/arm/core/aarch32/libarch__arm__core__aarch32.a(prep_c.c.obj)
                0x000000000002a1c0                z_arm_prep_c
 .text.arch_swap
                0x000000000002a208       0x34 zephyr/arch/arch/arm/core/aarch32/libarch__arm__core__aarch32.a(swap.c.obj)
                0x000000000002a208                arch_swap
 .text.z_arm_pendsv
                0x000000000002a23c       0x48 zephyr/arch/arch/arm/core/aarch32/libarch__arm__core__aarch32.a(swap_helper.S.obj)
                0x000000000002a23c                z_arm_pendsv
 .text.z_arm_svc
                0x000000000002a284       0x20 zephyr/arch/arch/arm/core/aarch32/libarch__arm__core__aarch32.a(swap_helper.S.obj)
                0x000000000002a284                z_arm_svc
 .text.arch_new_thread
                0x000000000002a2a4       0x38 zephyr/arch/arch/arm/core/aarch32/libarch__arm__core__aarch32.a(thread.c.obj)
                0x000000000002a2a4                arch_new_thread
 .text.arch_switch_to_main_thread
                0x000000000002a2dc       0x24 zephyr/arch/arch/arm/core/aarch32/libarch__arm__core__aarch32.a(thread.c.obj)
                0x000000000002a2dc                arch_switch_to_main_thread
 .text._isr_wrapper
                0x000000000002a300       0x40 zephyr/arch/arch/arm/core/aarch32/libarch__arm__core__aarch32.a(isr_wrapper.S.obj)
                0x000000000002a300                _isr_wrapper
 .text._HandlerModeExit
                0x000000000002a340       0x1c zephyr/arch/arch/arm/core/aarch32/cortex_m/libarch__arm__core__aarch32__cortex_m.a(exc_exit.S.obj)
                0x000000000002a340                z_arm_exc_exit
                0x000000000002a340                z_arm_int_exit
 .text.bus_fault.constprop.0
                0x000000000002a35c       0x3c zephyr/arch/arch/arm/core/aarch32/cortex_m/libarch__arm__core__aarch32__cortex_m.a(fault.c.obj)
 .text.mem_manage_fault.constprop.0
                0x000000000002a398       0x40 zephyr/arch/arch/arm/core/aarch32/cortex_m/libarch__arm__core__aarch32__cortex_m.a(fault.c.obj)
 .text.z_arm_fault
                0x000000000002a3d8      0x108 zephyr/arch/arch/arm/core/aarch32/cortex_m/libarch__arm__core__aarch32__cortex_m.a(fault.c.obj)
                0x000000000002a3d8                z_arm_fault
 .text.z_arm_fault_init
                0x000000000002a4e0       0x10 zephyr/arch/arch/arm/core/aarch32/cortex_m/libarch__arm__core__aarch32__cortex_m.a(fault.c.obj)
                0x000000000002a4e0                z_arm_fault_init
 .text.__fault  0x000000000002a4f0       0x14 zephyr/arch/arch/arm/core/aarch32/cortex_m/libarch__arm__core__aarch32__cortex_m.a(fault_s.S.obj)
                0x000000000002a4f0                z_arm_bus_fault
                0x000000000002a4f0                z_arm_usage_fault
                0x000000000002a4f0                z_arm_mpu_fault
                0x000000000002a4f0                z_arm_exc_spurious
                0x000000000002a4f0                z_arm_debug_monitor
                0x000000000002a4f0                z_arm_hard_fault
 .text.z_arm_interrupt_init
                0x000000000002a504       0x18 zephyr/arch/arch/arm/core/aarch32/cortex_m/libarch__arm__core__aarch32__cortex_m.a(irq_init.c.obj)
                0x000000000002a504                z_arm_interrupt_init
 .text._reset_section
                0x000000000002a51c       0x30 zephyr/arch/arch/arm/core/aarch32/cortex_m/libarch__arm__core__aarch32__cortex_m.a(reset.S.obj)
                0x000000000002a51c                z_arm_reset
                0x000000000002a51c                __start
 .text.z_impl_k_thread_abort
                0x000000000002a54c       0x24 zephyr/arch/arch/arm/core/aarch32/cortex_m/libarch__arm__core__aarch32__cortex_m.a(thread_abort.c.obj)
                0x000000000002a54c                z_impl_k_thread_abort
 .text.z_arm_configure_static_mpu_regions
                0x000000000002a570       0x18 zephyr/arch/arch/arm/core/aarch32/mpu/libarch__arm__core__aarch32__mpu.a(arm_core_mpu.c.obj)
                0x000000000002a570                z_arm_configure_static_mpu_regions
 .text.mpu_configure_regions
                0x000000000002a588       0x88 zephyr/arch/arch/arm/core/aarch32/mpu/libarch__arm__core__aarch32__mpu.a(arm_mpu.c.obj)
 .text.arm_core_mpu_enable
                0x000000000002a610       0x18 zephyr/arch/arch/arm/core/aarch32/mpu/libarch__arm__core__aarch32__mpu.a(arm_mpu.c.obj)
                0x000000000002a610                arm_core_mpu_enable
 .text.arm_core_mpu_disable
                0x000000000002a628       0x14 zephyr/arch/arch/arm/core/aarch32/mpu/libarch__arm__core__aarch32__mpu.a(arm_mpu.c.obj)
                0x000000000002a628                arm_core_mpu_disable
 .text.arm_core_mpu_configure_static_mpu_regions
                0x000000000002a63c       0x14 zephyr/arch/arch/arm/core/aarch32/mpu/libarch__arm__core__aarch32__mpu.a(arm_mpu.c.obj)
                0x000000000002a63c                arm_core_mpu_configure_static_mpu_regions
 .text.z_arm_mpu_init
                0x000000000002a650       0x60 zephyr/arch/arch/arm/core/aarch32/mpu/libarch__arm__core__aarch32__mpu.a(arm_mpu.c.obj)
                0x000000000002a650                z_arm_mpu_init
 .text.nordicsemi_nrf52_init
                0x000000000002a6b0       0x30 zephyr/soc/arm/nordic_nrf/nrf52/libsoc__arm__nordic_nrf__nrf52.a(soc.c.obj)
 .text.sys_arch_reboot
                0x000000000002a6e0       0x2c zephyr/soc/arm/nordic_nrf/nrf52/libsoc__arm__nordic_nrf__nrf52.a(soc.c.obj)
                0x000000000002a6e0                sys_arch_reboot
 .text.arch_busy_wait
                0x000000000002a70c       0x14 zephyr/soc/arm/nordic_nrf/nrf52/libsoc__arm__nordic_nrf__nrf52.a(soc.c.obj)
                0x000000000002a70c                arch_busy_wait
 .text.pinmux_borne_init
                0x000000000002a720       0x64 zephyr/boards/boards/arm/borne/lib..__app__boards__arm__borne-keyboard.a(pinmux.c.obj)
 .text.le_gen_dhkey
                0x000000000002a784       0x98 zephyr/subsys/bluetooth/host/libsubsys__bluetooth__host.a(hci_ecc.c.obj)
 .text.ecc_thread
                0x000000000002a81c      0x19c zephyr/subsys/bluetooth/host/libsubsys__bluetooth__host.a(hci_ecc.c.obj)
 .text.bt_hci_ecc_send
                0x000000000002a9b8       0xdc zephyr/subsys/bluetooth/host/libsubsys__bluetooth__host.a(hci_ecc.c.obj)
                0x000000000002a9b8                bt_hci_ecc_send
 .text.bt_hci_ecc_init
                0x000000000002aa94       0x48 zephyr/subsys/bluetooth/host/libsubsys__bluetooth__host.a(hci_ecc.c.obj)
                0x000000000002aa94                bt_hci_ecc_init
 .text.save_id  0x000000000002aadc       0x18 zephyr/subsys/bluetooth/host/libsubsys__bluetooth__host.a(settings.c.obj)
 .text.set      0x000000000002aaf4       0x68 zephyr/subsys/bluetooth/host/libsubsys__bluetooth__host.a(settings.c.obj)
 .text.bt_settings_encode_key
                0x000000000002ab5c       0x60 zephyr/subsys/bluetooth/host/libsubsys__bluetooth__host.a(settings.c.obj)
                0x000000000002ab5c                bt_settings_encode_key
 .text.bt_settings_save_id
                0x000000000002abbc        0xc zephyr/subsys/bluetooth/host/libsubsys__bluetooth__host.a(settings.c.obj)
                0x000000000002abbc                bt_settings_save_id
 .text.commit   0x000000000002abc8       0x60 zephyr/subsys/bluetooth/host/libsubsys__bluetooth__host.a(settings.c.obj)
 .text.uuid_to_uuid128
                0x000000000002ac28       0x6c zephyr/subsys/bluetooth/host/libsubsys__bluetooth__host.a(uuid.c.obj)
 .text.bt_buf_get_rx
                0x000000000002ac94       0x20 zephyr/subsys/bluetooth/host/libsubsys__bluetooth__host.a(buf.c.obj)
                0x000000000002ac94                bt_buf_get_rx
 .text.bt_buf_get_cmd_complete
                0x000000000002acb4       0x34 zephyr/subsys/bluetooth/host/libsubsys__bluetooth__host.a(buf.c.obj)
                0x000000000002acb4                bt_buf_get_cmd_complete
 .text.bt_buf_get_evt
                0x000000000002ace8       0x58 zephyr/subsys/bluetooth/host/libsubsys__bluetooth__host.a(buf.c.obj)
                0x000000000002ace8                bt_buf_get_evt
 .text.hci_disconn_complete_prio
                0x000000000002ad40       0x3c zephyr/subsys/bluetooth/host/libsubsys__bluetooth__host.a(hci_core.c.obj)
 .text.hci_le_meta_event
                0x000000000002ad7c       0x20 zephyr/subsys/bluetooth/host/libsubsys__bluetooth__host.a(hci_core.c.obj)
 .text.find_pending_connect.part.0
                0x000000000002ad9c       0x3c zephyr/subsys/bluetooth/host/libsubsys__bluetooth__host.a(hci_core.c.obj)
 .text.hci_cmd_done
                0x000000000002add8       0xd0 zephyr/subsys/bluetooth/host/libsubsys__bluetooth__host.a(hci_core.c.obj)
 .text.hci_cmd_status
                0x000000000002aea8       0x2c zephyr/subsys/bluetooth/host/libsubsys__bluetooth__host.a(hci_core.c.obj)
 .text.hci_cmd_complete
                0x000000000002aed4       0x30 zephyr/subsys/bluetooth/host/libsubsys__bluetooth__host.a(hci_core.c.obj)
 .text.hci_tx_thread
                0x000000000002af04      0x130 zephyr/subsys/bluetooth/host/libsubsys__bluetooth__host.a(hci_core.c.obj)
 .text.bt_hci_cmd_state_set_init
                0x000000000002b034       0x24 zephyr/subsys/bluetooth/host/libsubsys__bluetooth__host.a(hci_core.c.obj)
                0x000000000002b034                bt_hci_cmd_state_set_init
 .text.bt_hci_cmd_create
                0x000000000002b058       0x74 zephyr/subsys/bluetooth/host/libsubsys__bluetooth__host.a(hci_core.c.obj)
                0x000000000002b058                bt_hci_cmd_create
 .text.bt_hci_cmd_send
                0x000000000002b0cc       0x44 zephyr/subsys/bluetooth/host/libsubsys__bluetooth__host.a(hci_core.c.obj)
                0x000000000002b0cc                bt_hci_cmd_send
 .text.bt_hci_cmd_send_sync
                0x000000000002b110       0xc4 zephyr/subsys/bluetooth/host/libsubsys__bluetooth__host.a(hci_core.c.obj)
                0x000000000002b110                bt_hci_cmd_send_sync
 .text.bt_get_phy
                0x000000000002b1d4       0x14 zephyr/subsys/bluetooth/host/libsubsys__bluetooth__host.a(hci_core.c.obj)
                0x000000000002b1d4                bt_get_phy
 .text.conn_auto_initiate
                0x000000000002b1e8       0xc8 zephyr/subsys/bluetooth/host/libsubsys__bluetooth__host.a(hci_core.c.obj)
 .text.bt_hci_le_enh_conn_complete
                0x000000000002b2b0      0x1c0 zephyr/subsys/bluetooth/host/libsubsys__bluetooth__host.a(hci_core.c.obj)
                0x000000000002b2b0                bt_hci_le_enh_conn_complete
 .text.bt_security_err_get
                0x000000000002b470       0x10 zephyr/subsys/bluetooth/host/libsubsys__bluetooth__host.a(hci_core.c.obj)
                0x000000000002b470                bt_security_err_get
 .text.hci_event_prio
                0x000000000002b480       0xa4 zephyr/subsys/bluetooth/host/libsubsys__bluetooth__host.a(hci_core.c.obj)
                0x000000000002b480                hci_event_prio
 .text.bt_recv  0x000000000002b524      0x108 zephyr/subsys/bluetooth/host/libsubsys__bluetooth__host.a(hci_core.c.obj)
                0x000000000002b524                bt_recv
 .text.bt_recv_prio
                0x000000000002b62c       0x3c zephyr/subsys/bluetooth/host/libsubsys__bluetooth__host.a(hci_core.c.obj)
                0x000000000002b62c                bt_recv_prio
 .text.bt_hci_driver_register
                0x000000000002b668       0x28 zephyr/subsys/bluetooth/host/libsubsys__bluetooth__host.a(hci_core.c.obj)
                0x000000000002b668                bt_hci_driver_register
 .text.bt_finalize_init
                0x000000000002b690        0xc zephyr/subsys/bluetooth/host/libsubsys__bluetooth__host.a(hci_core.c.obj)
                0x000000000002b690                bt_finalize_init
 .text.init_work
                0x000000000002b69c       0x18 zephyr/subsys/bluetooth/host/libsubsys__bluetooth__host.a(hci_core.c.obj)
 .text.bt_enable
                0x000000000002b6b4       0xa4 zephyr/subsys/bluetooth/host/libsubsys__bluetooth__host.a(hci_core.c.obj)
                0x000000000002b6b4                bt_enable
 .text.bt_get_name
                0x000000000002b758        0x8 zephyr/subsys/bluetooth/host/libsubsys__bluetooth__host.a(hci_core.c.obj)
                0x000000000002b758                bt_get_name
 .text.id_find  0x000000000002b760       0x34 zephyr/subsys/bluetooth/host/libsubsys__bluetooth__host.a(id.c.obj)
 .text.set_random_address
                0x000000000002b794       0x58 zephyr/subsys/bluetooth/host/libsubsys__bluetooth__host.a(id.c.obj)
 .text.id_create.constprop.0
                0x000000000002b7ec       0x78 zephyr/subsys/bluetooth/host/libsubsys__bluetooth__host.a(id.c.obj)
 .text.bt_id_pending_keys_update
                0x000000000002b864       0x34 zephyr/subsys/bluetooth/host/libsubsys__bluetooth__host.a(id.c.obj)
                0x000000000002b864                bt_id_pending_keys_update
 .text.bt_id_add
                0x000000000002b898      0x128 zephyr/subsys/bluetooth/host/libsubsys__bluetooth__host.a(id.c.obj)
                0x000000000002b898                bt_id_add
 .text.bt_id_del
                0x000000000002b9c0      0x108 zephyr/subsys/bluetooth/host/libsubsys__bluetooth__host.a(id.c.obj)
                0x000000000002b9c0                bt_id_del
 .text.bt_id_create
                0x000000000002bac8       0x94 zephyr/subsys/bluetooth/host/libsubsys__bluetooth__host.a(id.c.obj)
                0x000000000002bac8                bt_id_create
 .text.bt_id_read_public_addr
                0x000000000002bb5c       0x70 zephyr/subsys/bluetooth/host/libsubsys__bluetooth__host.a(id.c.obj)
                0x000000000002bb5c                bt_id_read_public_addr
 .text.bt_setup_public_id_addr
                0x000000000002bbcc       0x20 zephyr/subsys/bluetooth/host/libsubsys__bluetooth__host.a(id.c.obj)
                0x000000000002bbcc                bt_setup_public_id_addr
 .text.bt_read_static_addr
                0x000000000002bbec       0x60 zephyr/subsys/bluetooth/host/libsubsys__bluetooth__host.a(id.c.obj)
                0x000000000002bbec                bt_read_static_addr
 .text.bt_setup_random_id_addr
                0x000000000002bc4c       0x5c zephyr/subsys/bluetooth/host/libsubsys__bluetooth__host.a(id.c.obj)
                0x000000000002bc4c                bt_setup_random_id_addr
 .text.bt_id_set_adv_own_addr
                0x000000000002bca8       0x9c zephyr/subsys/bluetooth/host/libsubsys__bluetooth__host.a(id.c.obj)
                0x000000000002bca8                bt_id_set_adv_own_addr
 .text.valid_adv_param
                0x000000000002bd44       0x88 zephyr/subsys/bluetooth/host/libsubsys__bluetooth__host.a(adv.c.obj)
 .text.le_adv_start_add_conn
                0x000000000002bdcc       0x88 zephyr/subsys/bluetooth/host/libsubsys__bluetooth__host.a(adv.c.obj)
 .text.bt_le_ext_adv_foreach
                0x000000000002be54        0xc zephyr/subsys/bluetooth/host/libsubsys__bluetooth__host.a(adv.c.obj)
                0x000000000002be54                bt_le_ext_adv_foreach
 .text.bt_le_adv_lookup_legacy
                0x000000000002be60        0x8 zephyr/subsys/bluetooth/host/libsubsys__bluetooth__host.a(adv.c.obj)
                0x000000000002be60                bt_le_adv_lookup_legacy
 .text.bt_le_adv_start_legacy
                0x000000000002be68      0x24c zephyr/subsys/bluetooth/host/libsubsys__bluetooth__host.a(adv.c.obj)
                0x000000000002be68                bt_le_adv_start_legacy
 .text.bt_le_adv_start
                0x000000000002c0b4       0x64 zephyr/subsys/bluetooth/host/libsubsys__bluetooth__host.a(adv.c.obj)
                0x000000000002c0b4                bt_le_adv_start
 .text.bt_le_adv_stop
                0x000000000002c118       0xa0 zephyr/subsys/bluetooth/host/libsubsys__bluetooth__host.a(adv.c.obj)
                0x000000000002c118                bt_le_adv_stop
 .text.bt_le_adv_resume
                0x000000000002c1b8       0x88 zephyr/subsys/bluetooth/host/libsubsys__bluetooth__host.a(adv.c.obj)
                0x000000000002c1b8                bt_le_adv_resume
 .text.bt_pub_key_is_debug
                0x000000000002c240       0x18 zephyr/subsys/bluetooth/host/libsubsys__bluetooth__host.a(ecc.c.obj)
                0x000000000002c240                bt_pub_key_is_debug
 .text.bt_pub_key_gen
                0x000000000002c258       0xd4 zephyr/subsys/bluetooth/host/libsubsys__bluetooth__host.a(ecc.c.obj)
                0x000000000002c258                bt_pub_key_gen
 .text.bt_pub_key_get
                0x000000000002c32c       0x20 zephyr/subsys/bluetooth/host/libsubsys__bluetooth__host.a(ecc.c.obj)
                0x000000000002c32c                bt_pub_key_get
 .text.bt_dh_key_gen
                0x000000000002c34c       0x88 zephyr/subsys/bluetooth/host/libsubsys__bluetooth__host.a(ecc.c.obj)
                0x000000000002c34c                bt_dh_key_gen
 .text.bt_hci_evt_le_pkey_complete
                0x000000000002c3d4       0x7c zephyr/subsys/bluetooth/host/libsubsys__bluetooth__host.a(ecc.c.obj)
                0x000000000002c3d4                bt_hci_evt_le_pkey_complete
 .text.bt_hci_evt_le_dhkey_complete
                0x000000000002c450       0x1c zephyr/subsys/bluetooth/host/libsubsys__bluetooth__host.a(ecc.c.obj)
                0x000000000002c450                bt_hci_evt_le_dhkey_complete
 .text.tx_free  0x000000000002c46c       0x14 zephyr/subsys/bluetooth/host/libsubsys__bluetooth__host.a(conn.c.obj)
 .text.notify_connected
                0x000000000002c480       0x48 zephyr/subsys/bluetooth/host/libsubsys__bluetooth__host.a(conn.c.obj)
 .text.send_frag
                0x000000000002c4c8      0x128 zephyr/subsys/bluetooth/host/libsubsys__bluetooth__host.a(conn.c.obj)
 .text.bt_conn_get_pkts
                0x000000000002c5f0        0x8 zephyr/subsys/bluetooth/host/libsubsys__bluetooth__host.a(conn.c.obj)
                0x000000000002c5f0                bt_conn_get_pkts
 .text.bt_conn_new
                0x000000000002c5f8       0x64 zephyr/subsys/bluetooth/host/libsubsys__bluetooth__host.a(conn.c.obj)
                0x000000000002c5f8                bt_conn_new
 .text.bt_conn_send_cb
                0x000000000002c65c       0x6c zephyr/subsys/bluetooth/host/libsubsys__bluetooth__host.a(conn.c.obj)
                0x000000000002c65c                bt_conn_send_cb
 .text.bt_conn_prepare_events
                0x000000000002c6c8       0x68 zephyr/subsys/bluetooth/host/libsubsys__bluetooth__host.a(conn.c.obj)
                0x000000000002c6c8                bt_conn_prepare_events
 .text.bt_conn_lookup_handle
                0x000000000002c730       0x10 zephyr/subsys/bluetooth/host/libsubsys__bluetooth__host.a(conn.c.obj)
                0x000000000002c730                bt_conn_lookup_handle
 .text.bt_conn_set_state
                0x000000000002c740      0x158 zephyr/subsys/bluetooth/host/libsubsys__bluetooth__host.a(conn.c.obj)
                0x000000000002c740                bt_conn_set_state
 .text.bt_conn_index
                0x000000000002c898       0x18 zephyr/subsys/bluetooth/host/libsubsys__bluetooth__host.a(conn.c.obj)
                0x000000000002c898                bt_conn_index
 .text.bt_conn_create_pdu_timeout
                0x000000000002c8b0       0x24 zephyr/subsys/bluetooth/host/libsubsys__bluetooth__host.a(conn.c.obj)
                0x000000000002c8b0                bt_conn_create_pdu_timeout
 .text.notify_le_param_updated
                0x000000000002c8d4       0x84 zephyr/subsys/bluetooth/host/libsubsys__bluetooth__host.a(conn.c.obj)
                0x000000000002c8d4                notify_le_param_updated
 .text.notify_le_phy_updated
                0x000000000002c958       0x44 zephyr/subsys/bluetooth/host/libsubsys__bluetooth__host.a(conn.c.obj)
                0x000000000002c958                notify_le_phy_updated
 .text.le_param_req
                0x000000000002c99c       0x74 zephyr/subsys/bluetooth/host/libsubsys__bluetooth__host.a(conn.c.obj)
                0x000000000002c99c                le_param_req
 .text.bt_conn_identity_resolved
                0x000000000002ca10       0x5c zephyr/subsys/bluetooth/host/libsubsys__bluetooth__host.a(conn.c.obj)
                0x000000000002ca10                bt_conn_identity_resolved
 .text.bt_conn_security_changed
                0x000000000002ca6c       0x4c zephyr/subsys/bluetooth/host/libsubsys__bluetooth__host.a(conn.c.obj)
                0x000000000002ca6c                bt_conn_security_changed
 .text.bt_conn_cb_register
                0x000000000002cab8       0x10 zephyr/subsys/bluetooth/host/libsubsys__bluetooth__host.a(conn.c.obj)
                0x000000000002cab8                bt_conn_cb_register
 .text.bt_conn_add_le
                0x000000000002cac8       0x38 zephyr/subsys/bluetooth/host/libsubsys__bluetooth__host.a(conn.c.obj)
                0x000000000002cac8                bt_conn_add_le
 .text.bt_conn_lookup_addr_le
                0x000000000002cb00       0x34 zephyr/subsys/bluetooth/host/libsubsys__bluetooth__host.a(conn.c.obj)
                0x000000000002cb00                bt_conn_lookup_addr_le
 .text.bt_conn_lookup_state_le
                0x000000000002cb34       0x44 zephyr/subsys/bluetooth/host/libsubsys__bluetooth__host.a(conn.c.obj)
                0x000000000002cb34                bt_conn_lookup_state_le
 .text.send_conn_le_param_update
                0x000000000002cb78       0x68 zephyr/subsys/bluetooth/host/libsubsys__bluetooth__host.a(conn.c.obj)
 .text.deferred_work
                0x000000000002cbe0       0xb0 zephyr/subsys/bluetooth/host/libsubsys__bluetooth__host.a(conn.c.obj)
 .text.bt_conn_create_frag_timeout
                0x000000000002cc90        0xc zephyr/subsys/bluetooth/host/libsubsys__bluetooth__host.a(conn.c.obj)
                0x000000000002cc90                bt_conn_create_frag_timeout
 .text.create_frag
                0x000000000002cc9c       0x6c zephyr/subsys/bluetooth/host/libsubsys__bluetooth__host.a(conn.c.obj)
 .text.bt_conn_process_tx
                0x000000000002cd08       0xc0 zephyr/subsys/bluetooth/host/libsubsys__bluetooth__host.a(conn.c.obj)
                0x000000000002cd08                bt_conn_process_tx
 .text.bt_conn_init
                0x000000000002cdc8       0x40 zephyr/subsys/bluetooth/host/libsubsys__bluetooth__host.a(conn.c.obj)
                0x000000000002cdc8                bt_conn_init
 .text.l2cap_accept
                0x000000000002ce08       0x1c zephyr/subsys/bluetooth/host/libsubsys__bluetooth__host.a(l2cap.c.obj)
 .text.bt_l2cap_connected
                0x000000000002ce24       0xb8 zephyr/subsys/bluetooth/host/libsubsys__bluetooth__host.a(l2cap.c.obj)
                0x000000000002ce24                bt_l2cap_connected
 .text.bt_l2cap_update_conn_param
                0x000000000002cedc       0x64 zephyr/subsys/bluetooth/host/libsubsys__bluetooth__host.a(l2cap.c.obj)
                0x000000000002cedc                bt_l2cap_update_conn_param
 .text.att_cfm_sent
                0x000000000002cf40       0x10 zephyr/subsys/bluetooth/host/libsubsys__bluetooth__host.a(att.c.obj)
 .text.att_rsp_sent
                0x000000000002cf50       0x10 zephyr/subsys/bluetooth/host/libsubsys__bluetooth__host.a(att.c.obj)
 .text.att_req_sent
                0x000000000002cf60       0x10 zephyr/subsys/bluetooth/host/libsubsys__bluetooth__host.a(att.c.obj)
 .text.att_op_get_type
                0x000000000002cf70       0x64 zephyr/subsys/bluetooth/host/libsubsys__bluetooth__host.a(att.c.obj)
 .text.bt_att_released
                0x000000000002cfd4       0x18 zephyr/subsys/bluetooth/host/libsubsys__bluetooth__host.a(att.c.obj)
 .text.bt_att_accept
                0x000000000002cfec       0x90 zephyr/subsys/bluetooth/host/libsubsys__bluetooth__host.a(att.c.obj)
 .text.read_group_cb
                0x000000000002d07c       0xac zephyr/subsys/bluetooth/host/libsubsys__bluetooth__host.a(att.c.obj)
 .text.chan_send
                0x000000000002d128       0xc4 zephyr/subsys/bluetooth/host/libsubsys__bluetooth__host.a(att.c.obj)
 .text.bt_att_chan_send_rsp.constprop.0
                0x000000000002d1ec       0x24 zephyr/subsys/bluetooth/host/libsubsys__bluetooth__host.a(att.c.obj)
 .text.read_type_cb
                0x000000000002d210       0xa0 zephyr/subsys/bluetooth/host/libsubsys__bluetooth__host.a(att.c.obj)
 .text.bt_att_connected
                0x000000000002d2b0       0x68 zephyr/subsys/bluetooth/host/libsubsys__bluetooth__host.a(att.c.obj)
 .text.bt_att_recv
                0x000000000002d318       0xf8 zephyr/subsys/bluetooth/host/libsubsys__bluetooth__host.a(att.c.obj)
 .text.att_write_rsp.constprop.0
                0x000000000002d410       0xb0 zephyr/subsys/bluetooth/host/libsubsys__bluetooth__host.a(att.c.obj)
 .text.att_read_group_req
                0x000000000002d4c0       0xf0 zephyr/subsys/bluetooth/host/libsubsys__bluetooth__host.a(att.c.obj)
 .text.att_read_mult_req
                0x000000000002d5b0       0x94 zephyr/subsys/bluetooth/host/libsubsys__bluetooth__host.a(att.c.obj)
 .text.att_read_rsp
                0x000000000002d644       0x8c zephyr/subsys/bluetooth/host/libsubsys__bluetooth__host.a(att.c.obj)
 .text.att_read_type_req
                0x000000000002d6d0       0xbc zephyr/subsys/bluetooth/host/libsubsys__bluetooth__host.a(att.c.obj)
 .text.att_find_type_req
                0x000000000002d78c       0xc8 zephyr/subsys/bluetooth/host/libsubsys__bluetooth__host.a(att.c.obj)
 .text.att_find_info_req
                0x000000000002d854       0x70 zephyr/subsys/bluetooth/host/libsubsys__bluetooth__host.a(att.c.obj)
 .text.bt_att_req_alloc
                0x000000000002d8c4       0x44 zephyr/subsys/bluetooth/host/libsubsys__bluetooth__host.a(att.c.obj)
                0x000000000002d8c4                bt_att_req_alloc
 .text.bt_att_req_free
                0x000000000002d908       0x24 zephyr/subsys/bluetooth/host/libsubsys__bluetooth__host.a(att.c.obj)
                0x000000000002d908                bt_att_req_free
 .text.att_handle_rsp
                0x000000000002d92c       0x70 zephyr/subsys/bluetooth/host/libsubsys__bluetooth__host.a(att.c.obj)
 .text.bt_att_disconnected
                0x000000000002d99c       0xb4 zephyr/subsys/bluetooth/host/libsubsys__bluetooth__host.a(att.c.obj)
 .text.db_hash_set
                0x000000000002da50       0x18 zephyr/subsys/bluetooth/host/libsubsys__bluetooth__host.a(gatt.c.obj)
 .text.find_cf_cfg
                0x000000000002da68       0x44 zephyr/subsys/bluetooth/host/libsubsys__bluetooth__host.a(gatt.c.obj)
 .text.sc_store
                0x000000000002daac       0x40 zephyr/subsys/bluetooth/host/libsubsys__bluetooth__host.a(gatt.c.obj)
 .text.db_hash_commit
                0x000000000002daec       0x20 zephyr/subsys/bluetooth/host/libsubsys__bluetooth__host.a(gatt.c.obj)
 .text.read_ppcp
                0x000000000002db0c       0x3c zephyr/subsys/bluetooth/host/libsubsys__bluetooth__host.a(gatt.c.obj)
 .text.sc_commit
                0x000000000002db48       0x30 zephyr/subsys/bluetooth/host/libsubsys__bluetooth__host.a(gatt.c.obj)
 .text.find_cf_cfg_by_addr
                0x000000000002db78       0x44 zephyr/subsys/bluetooth/host/libsubsys__bluetooth__host.a(gatt.c.obj)
 .text.ccc_load
                0x000000000002dbbc       0x88 zephyr/subsys/bluetooth/host/libsubsys__bluetooth__host.a(gatt.c.obj)
 .text.remove_peer_from_attr
                0x000000000002dc44       0x28 zephyr/subsys/bluetooth/host/libsubsys__bluetooth__host.a(gatt.c.obj)
 .text.ccc_save
                0x000000000002dc6c       0x38 zephyr/subsys/bluetooth/host/libsubsys__bluetooth__host.a(gatt.c.obj)
 .text.bt_gatt_attr_write_ccc
                0x000000000002dca4       0xe8 zephyr/subsys/bluetooth/host/libsubsys__bluetooth__host.a(gatt.c.obj)
                0x000000000002dca4                bt_gatt_attr_write_ccc
 .text.find_sc_cfg
                0x000000000002dd8c       0x44 zephyr/subsys/bluetooth/host/libsubsys__bluetooth__host.a(gatt.c.obj)
 .text.bt_gatt_clear_sc
                0x000000000002ddd0       0x4c zephyr/subsys/bluetooth/host/libsubsys__bluetooth__host.a(gatt.c.obj)
 .text.disconnected_cb
                0x000000000002de1c       0x94 zephyr/subsys/bluetooth/host/libsubsys__bluetooth__host.a(gatt.c.obj)
 .text.sc_indicate_rsp
                0x000000000002deb0       0x48 zephyr/subsys/bluetooth/host/libsubsys__bluetooth__host.a(gatt.c.obj)
 .text.bt_gatt_init
                0x000000000002def8       0xc8 zephyr/subsys/bluetooth/host/libsubsys__bluetooth__host.a(gatt.c.obj)
                0x000000000002def8                bt_gatt_init
 .text.bt_gatt_attr_get_handle
                0x000000000002dfc0       0x60 zephyr/subsys/bluetooth/host/libsubsys__bluetooth__host.a(gatt.c.obj)
                0x000000000002dfc0                bt_gatt_attr_get_handle
 .text.bt_gatt_foreach_attr_type
                0x000000000002e020       0xb4 zephyr/subsys/bluetooth/host/libsubsys__bluetooth__host.a(gatt.c.obj)
                0x000000000002e020                bt_gatt_foreach_attr_type
 .text.db_hash_gen
                0x000000000002e0d4       0x74 zephyr/subsys/bluetooth/host/libsubsys__bluetooth__host.a(gatt.c.obj)
 .text.db_hash_process
                0x000000000002e148       0xc0 zephyr/subsys/bluetooth/host/libsubsys__bluetooth__host.a(gatt.c.obj)
 .text.ccc_set_direct
                0x000000000002e208       0x98 zephyr/subsys/bluetooth/host/libsubsys__bluetooth__host.a(gatt.c.obj)
 .text.gatt_indicate
                0x000000000002e2a0       0x9c zephyr/subsys/bluetooth/host/libsubsys__bluetooth__host.a(gatt.c.obj)
 .text.bt_gatt_indicate
                0x000000000002e33c       0xf0 zephyr/subsys/bluetooth/host/libsubsys__bluetooth__host.a(gatt.c.obj)
                0x000000000002e33c                bt_gatt_indicate
 .text.sc_process
                0x000000000002e42c       0x5c zephyr/subsys/bluetooth/host/libsubsys__bluetooth__host.a(gatt.c.obj)
 .text.bt_gatt_notify_cb
                0x000000000002e488       0xe8 zephyr/subsys/bluetooth/host/libsubsys__bluetooth__host.a(gatt.c.obj)
                0x000000000002e488                bt_gatt_notify_cb
 .text.notify_cb
                0x000000000002e570       0xfc zephyr/subsys/bluetooth/host/libsubsys__bluetooth__host.a(gatt.c.obj)
 .text.update_ccc
                0x000000000002e66c       0xe0 zephyr/subsys/bluetooth/host/libsubsys__bluetooth__host.a(gatt.c.obj)
 .text.bt_gatt_connected
                0x000000000002e74c       0x7c zephyr/subsys/bluetooth/host/libsubsys__bluetooth__host.a(gatt.c.obj)
                0x000000000002e74c                bt_gatt_connected
 .text.bt_gatt_att_max_mtu_changed
                0x000000000002e7c8       0x28 zephyr/subsys/bluetooth/host/libsubsys__bluetooth__host.a(gatt.c.obj)
                0x000000000002e7c8                bt_gatt_att_max_mtu_changed
 .text.bt_gatt_encrypt_change
                0x000000000002e7f0       0x20 zephyr/subsys/bluetooth/host/libsubsys__bluetooth__host.a(gatt.c.obj)
                0x000000000002e7f0                bt_gatt_encrypt_change
 .text.db_hash_read
                0x000000000002e810       0x60 zephyr/subsys/bluetooth/host/libsubsys__bluetooth__host.a(gatt.c.obj)
 .text.bt_gatt_store_ccc
                0x000000000002e870       0x60 zephyr/subsys/bluetooth/host/libsubsys__bluetooth__host.a(gatt.c.obj)
                0x000000000002e870                bt_gatt_store_ccc
 .text.bt_gatt_disconnected
                0x000000000002e8d0      0x110 zephyr/subsys/bluetooth/host/libsubsys__bluetooth__host.a(gatt.c.obj)
                0x000000000002e8d0                bt_gatt_disconnected
 .text.get_io_capa
                0x000000000002e9e0       0x4c zephyr/subsys/bluetooth/host/libsubsys__bluetooth__host.a(smp.c.obj)
 .text.bt_smp_accept
                0x000000000002ea2c       0x24 zephyr/subsys/bluetooth/host/libsubsys__bluetooth__host.a(smp.c.obj)
 .text.get_auth.constprop.0
                0x000000000002ea50       0x3c zephyr/subsys/bluetooth/host/libsubsys__bluetooth__host.a(smp.c.obj)
 .text.smp_init
                0x000000000002ea8c       0x38 zephyr/subsys/bluetooth/host/libsubsys__bluetooth__host.a(smp.c.obj)
 .text.smp_dhkey_generate
                0x000000000002eac4       0x2c zephyr/subsys/bluetooth/host/libsubsys__bluetooth__host.a(smp.c.obj)
 .text.smp_find
                0x000000000002eaf0       0x1c zephyr/subsys/bluetooth/host/libsubsys__bluetooth__host.a(smp.c.obj)
 .text.smp_pairing_random
                0x000000000002eb0c      0x1a4 zephyr/subsys/bluetooth/host/libsubsys__bluetooth__host.a(smp.c.obj)
 .text.compute_and_check_and_send_periph_dhcheck
                0x000000000002ecb0      0x1cc zephyr/subsys/bluetooth/host/libsubsys__bluetooth__host.a(smp.c.obj)
 .text.smp_send_pairing_confirm
                0x000000000002ee7c       0x78 zephyr/subsys/bluetooth/host/libsubsys__bluetooth__host.a(smp.c.obj)
 .text.smp_public_key_periph
                0x000000000002eef4      0x148 zephyr/subsys/bluetooth/host/libsubsys__bluetooth__host.a(smp.c.obj)
 .text.smp_public_key
                0x000000000002f03c       0x84 zephyr/subsys/bluetooth/host/libsubsys__bluetooth__host.a(smp.c.obj)
 .text.bt_smp_connected
                0x000000000002f0c0       0x1c zephyr/subsys/bluetooth/host/libsubsys__bluetooth__host.a(smp.c.obj)
 .text.smp_pairing_req
                0x000000000002f0dc      0x240 zephyr/subsys/bluetooth/host/libsubsys__bluetooth__host.a(smp.c.obj)
 .text.bt_smp_start_security
                0x000000000002f31c      0x17c zephyr/subsys/bluetooth/host/libsubsys__bluetooth__host.a(smp.c.obj)
                0x000000000002f31c                bt_smp_start_security
 .text.smp_pairing_complete
                0x000000000002f498       0xc0 zephyr/subsys/bluetooth/host/libsubsys__bluetooth__host.a(smp.c.obj)
 .text.bt_smp_recv
                0x000000000002f558       0x78 zephyr/subsys/bluetooth/host/libsubsys__bluetooth__host.a(smp.c.obj)
 .text.bt_smp_pkey_ready
                0x000000000002f5d0       0x3c zephyr/subsys/bluetooth/host/libsubsys__bluetooth__host.a(smp.c.obj)
 .text.smp_pairing_failed
                0x000000000002f60c       0x48 zephyr/subsys/bluetooth/host/libsubsys__bluetooth__host.a(smp.c.obj)
 .text.bt_smp_encrypt_change
                0x000000000002f654       0xec zephyr/subsys/bluetooth/host/libsubsys__bluetooth__host.a(smp.c.obj)
 .text.bt_smp_init
                0x000000000002f740       0x38 zephyr/subsys/bluetooth/host/libsubsys__bluetooth__host.a(smp.c.obj)
                0x000000000002f740                bt_smp_init
 .text.bt_keys_get_addr
                0x000000000002f778       0x54 zephyr/subsys/bluetooth/host/libsubsys__bluetooth__host.a(keys.c.obj)
                0x000000000002f778                bt_keys_get_addr
 .text.bt_keys_foreach
                0x000000000002f7cc       0x1c zephyr/subsys/bluetooth/host/libsubsys__bluetooth__host.a(keys.c.obj)
                0x000000000002f7cc                bt_keys_foreach
 .text.keys_commit
                0x000000000002f7e8       0x14 zephyr/subsys/bluetooth/host/libsubsys__bluetooth__host.a(keys.c.obj)
 .text.bt_keys_find
                0x000000000002f7fc       0x48 zephyr/subsys/bluetooth/host/libsubsys__bluetooth__host.a(keys.c.obj)
                0x000000000002f7fc                bt_keys_find
 .text.bt_keys_find_irk
                0x000000000002f844       0x88 zephyr/subsys/bluetooth/host/libsubsys__bluetooth__host.a(keys.c.obj)
                0x000000000002f844                bt_keys_find_irk
 .text.bt_keys_find_addr
                0x000000000002f8cc       0x20 zephyr/subsys/bluetooth/host/libsubsys__bluetooth__host.a(keys.c.obj)
                0x000000000002f8cc                bt_keys_find_addr
 .text.bt_keys_clear
                0x000000000002f8ec       0x50 zephyr/subsys/bluetooth/host/libsubsys__bluetooth__host.a(keys.c.obj)
                0x000000000002f8ec                bt_keys_clear
 .text.bt_keys_store
                0x000000000002f93c       0x40 zephyr/subsys/bluetooth/host/libsubsys__bluetooth__host.a(keys.c.obj)
                0x000000000002f93c                bt_keys_store
 .text.mem_init
                0x000000000002f97c       0x60 zephyr/subsys/bluetooth/controller/libsubsys__bluetooth__controller.a(mem.c.obj)
                0x000000000002f97c                mem_init
 .text.mem_acquire
                0x000000000002f9dc       0x34 zephyr/subsys/bluetooth/controller/libsubsys__bluetooth__controller.a(mem.c.obj)
                0x000000000002f9dc                mem_acquire
 .text.mem_release
                0x000000000002fa10       0x30 zephyr/subsys/bluetooth/controller/libsubsys__bluetooth__controller.a(mem.c.obj)
                0x000000000002fa10                mem_release
 .text.mem_get  0x000000000002fa40        0x8 zephyr/subsys/bluetooth/controller/libsubsys__bluetooth__controller.a(mem.c.obj)
                0x000000000002fa40                mem_get
 .text.mem_index_get
                0x000000000002fa48        0xc zephyr/subsys/bluetooth/controller/libsubsys__bluetooth__controller.a(mem.c.obj)
                0x000000000002fa48                mem_index_get
 .text.mem_rcopy
                0x000000000002fa54       0x1c zephyr/subsys/bluetooth/controller/libsubsys__bluetooth__controller.a(mem.c.obj)
                0x000000000002fa54                mem_rcopy
 .text.mem_nz   0x000000000002fa70       0x18 zephyr/subsys/bluetooth/controller/libsubsys__bluetooth__controller.a(mem.c.obj)
                0x000000000002fa70                mem_nz
 .text.memq_init
                0x000000000002fa88        0x8 zephyr/subsys/bluetooth/controller/libsubsys__bluetooth__controller.a(memq.c.obj)
                0x000000000002fa88                memq_init
 .text.memq_deinit
                0x000000000002fa90       0x14 zephyr/subsys/bluetooth/controller/libsubsys__bluetooth__controller.a(memq.c.obj)
                0x000000000002fa90                memq_deinit
 .text.memq_enqueue
                0x000000000002faa4       0x14 zephyr/subsys/bluetooth/controller/libsubsys__bluetooth__controller.a(memq.c.obj)
                0x000000000002faa4                memq_enqueue
 .text.memq_peek
                0x000000000002fab8       0x10 zephyr/subsys/bluetooth/controller/libsubsys__bluetooth__controller.a(memq.c.obj)
                0x000000000002fab8                memq_peek
 .text.memq_dequeue
                0x000000000002fac8       0x20 zephyr/subsys/bluetooth/controller/libsubsys__bluetooth__controller.a(memq.c.obj)
                0x000000000002fac8                memq_dequeue
 .text.mayfly_init
                0x000000000002fae8       0x40 zephyr/subsys/bluetooth/controller/libsubsys__bluetooth__controller.a(mayfly.c.obj)
                0x000000000002fae8                mayfly_init
 .text.mayfly_enable
                0x000000000002fb28       0x68 zephyr/subsys/bluetooth/controller/libsubsys__bluetooth__controller.a(mayfly.c.obj)
                0x000000000002fb28                mayfly_enable
 .text.mayfly_enqueue
                0x000000000002fb90       0xbc zephyr/subsys/bluetooth/controller/libsubsys__bluetooth__controller.a(mayfly.c.obj)
                0x000000000002fb90                mayfly_enqueue
 .text.mayfly_run
                0x000000000002fc4c      0x150 zephyr/subsys/bluetooth/controller/libsubsys__bluetooth__controller.a(mayfly.c.obj)
                0x000000000002fc4c                mayfly_run
 .text.util_ones_count_get
                0x000000000002fd9c       0x28 zephyr/subsys/bluetooth/controller/libsubsys__bluetooth__controller.a(util.c.obj)
                0x000000000002fd9c                util_ones_count_get
 .text.ticker_dequeue
                0x000000000002fdc4       0x78 zephyr/subsys/bluetooth/controller/libsubsys__bluetooth__controller.a(ticker.c.obj)
 .text.ticks_to_expire_prep
                0x000000000002fe3c       0x48 zephyr/subsys/bluetooth/controller/libsubsys__bluetooth__controller.a(ticker.c.obj)
 .text.ticker_job_list_insert
                0x000000000002fe84      0x1f4 zephyr/subsys/bluetooth/controller/libsubsys__bluetooth__controller.a(ticker.c.obj)
 .text.ticker_worker
                0x0000000000030078      0x2c4 zephyr/subsys/bluetooth/controller/libsubsys__bluetooth__controller.a(ticker.c.obj)
                0x0000000000030078                ticker_worker
 .text.ticker_job
                0x000000000003033c      0xa18 zephyr/subsys/bluetooth/controller/libsubsys__bluetooth__controller.a(ticker.c.obj)
                0x000000000003033c                ticker_job
 .text.ticker_init
                0x0000000000030d54       0x88 zephyr/subsys/bluetooth/controller/libsubsys__bluetooth__controller.a(ticker.c.obj)
                0x0000000000030d54                ticker_init
 .text.ticker_is_initialized
                0x0000000000030ddc       0x18 zephyr/subsys/bluetooth/controller/libsubsys__bluetooth__controller.a(ticker.c.obj)
                0x0000000000030ddc                ticker_is_initialized
 .text.ticker_trigger
                0x0000000000030df4       0x30 zephyr/subsys/bluetooth/controller/libsubsys__bluetooth__controller.a(ticker.c.obj)
                0x0000000000030df4                ticker_trigger
 .text.ticker_start_ext
                0x0000000000030e24       0xac zephyr/subsys/bluetooth/controller/libsubsys__bluetooth__controller.a(ticker.c.obj)
                0x0000000000030e24                ticker_start_ext
 .text.ticker_start
                0x0000000000030ed0       0x38 zephyr/subsys/bluetooth/controller/libsubsys__bluetooth__controller.a(ticker.c.obj)
                0x0000000000030ed0                ticker_start
 .text.ticker_update_ext
                0x0000000000030f08       0xb0 zephyr/subsys/bluetooth/controller/libsubsys__bluetooth__controller.a(ticker.c.obj)
                0x0000000000030f08                ticker_update_ext
 .text.ticker_update
                0x0000000000030fb8       0x30 zephyr/subsys/bluetooth/controller/libsubsys__bluetooth__controller.a(ticker.c.obj)
                0x0000000000030fb8                ticker_update
 .text.ticker_stop
                0x0000000000030fe8       0x84 zephyr/subsys/bluetooth/controller/libsubsys__bluetooth__controller.a(ticker.c.obj)
                0x0000000000030fe8                ticker_stop
 .text.ticker_ticks_now_get
                0x000000000003106c        0x4 zephyr/subsys/bluetooth/controller/libsubsys__bluetooth__controller.a(ticker.c.obj)
                0x000000000003106c                ticker_ticks_now_get
 .text.ticker_ticks_diff_get
                0x0000000000031070        0x8 zephyr/subsys/bluetooth/controller/libsubsys__bluetooth__controller.a(ticker.c.obj)
                0x0000000000031070                ticker_ticks_diff_get
 .text.ll_addr_set
                0x0000000000031078       0x38 zephyr/subsys/bluetooth/controller/libsubsys__bluetooth__controller.a(ll_addr.c.obj)
                0x0000000000031078                ll_addr_set
 .text.ll_addr_get
                0x00000000000310b0       0x20 zephyr/subsys/bluetooth/controller/libsubsys__bluetooth__controller.a(ll_addr.c.obj)
                0x00000000000310b0                ll_addr_get
 .text.ll_addr_read
                0x00000000000310d0       0x30 zephyr/subsys/bluetooth/controller/libsubsys__bluetooth__controller.a(ll_addr.c.obj)
                0x00000000000310d0                ll_addr_read
 .text.ll_tx_pwr_lvl_get
                0x0000000000031100       0x20 zephyr/subsys/bluetooth/controller/libsubsys__bluetooth__controller.a(ll_tx_pwr.c.obj)
                0x0000000000031100                ll_tx_pwr_lvl_get
 .text.ll_tx_pwr_get
                0x0000000000031120        0x8 zephyr/subsys/bluetooth/controller/libsubsys__bluetooth__controller.a(ll_tx_pwr.c.obj)
                0x0000000000031120                ll_tx_pwr_get
 .text.hci_driver_init
                0x0000000000031128       0x10 zephyr/subsys/bluetooth/controller/libsubsys__bluetooth__controller.a(hci_driver.c.obj)
 .text.hci_driver_send
                0x0000000000031138       0x6c zephyr/subsys/bluetooth/controller/libsubsys__bluetooth__controller.a(hci_driver.c.obj)
 .text.recv_thread
                0x00000000000311a4      0x120 zephyr/subsys/bluetooth/controller/libsubsys__bluetooth__controller.a(hci_driver.c.obj)
 .text.prio_recv_thread
                0x00000000000312c4       0xc8 zephyr/subsys/bluetooth/controller/libsubsys__bluetooth__controller.a(hci_driver.c.obj)
 .text.hci_driver_open
                0x000000000003138c       0x90 zephyr/subsys/bluetooth/controller/libsubsys__bluetooth__controller.a(hci_driver.c.obj)
 .text.le_remote_feat_complete
                0x000000000003141c       0x6c zephyr/subsys/bluetooth/controller/libsubsys__bluetooth__controller.a(hci.c.obj)
 .text.hci_vendor_cmd_handle_common
                0x0000000000031488      0x160 zephyr/subsys/bluetooth/controller/libsubsys__bluetooth__controller.a(hci.c.obj)
                0x0000000000031488                hci_vendor_cmd_handle_common
 .text.hci_cmd_handle
                0x00000000000315e8      0x8b8 zephyr/subsys/bluetooth/controller/libsubsys__bluetooth__controller.a(hci.c.obj)
                0x00000000000315e8                hci_cmd_handle
 .text.hci_acl_handle
                0x0000000000031ea0       0xbc zephyr/subsys/bluetooth/controller/libsubsys__bluetooth__controller.a(hci.c.obj)
                0x0000000000031ea0                hci_acl_handle
 .text.hci_disconn_complete_encode
                0x0000000000031f5c       0x40 zephyr/subsys/bluetooth/controller/libsubsys__bluetooth__controller.a(hci.c.obj)
                0x0000000000031f5c                hci_disconn_complete_encode
 .text.hci_disconn_complete_process
                0x0000000000031f9c       0x10 zephyr/subsys/bluetooth/controller/libsubsys__bluetooth__controller.a(hci.c.obj)
                0x0000000000031f9c                hci_disconn_complete_process
 .text.hci_acl_encode
                0x0000000000031fac       0x74 zephyr/subsys/bluetooth/controller/libsubsys__bluetooth__controller.a(hci.c.obj)
                0x0000000000031fac                hci_acl_encode
 .text.hci_evt_encode
                0x0000000000032020      0x59c zephyr/subsys/bluetooth/controller/libsubsys__bluetooth__controller.a(hci.c.obj)
                0x0000000000032020                hci_evt_encode
 .text.hci_num_cmplt_encode
                0x00000000000325bc       0x30 zephyr/subsys/bluetooth/controller/libsubsys__bluetooth__controller.a(hci.c.obj)
                0x00000000000325bc                hci_num_cmplt_encode
 .text.hci_get_class
                0x00000000000325ec       0x2c zephyr/subsys/bluetooth/controller/libsubsys__bluetooth__controller.a(hci.c.obj)
                0x00000000000325ec                hci_get_class
 .text.hci_init
                0x0000000000032618       0x40 zephyr/subsys/bluetooth/controller/libsubsys__bluetooth__controller.a(hci.c.obj)
                0x0000000000032618                hci_init
 .text.bt_rand  0x0000000000032658        0x4 zephyr/subsys/bluetooth/controller/libsubsys__bluetooth__controller.a(crypto.c.obj)
                0x0000000000032658                bt_rand
 .text.bt_encrypt_le
                0x000000000003265c        0xc zephyr/subsys/bluetooth/controller/libsubsys__bluetooth__controller.a(crypto.c.obj)
                0x000000000003265c                bt_encrypt_le
 .text.ll_feat_get
                0x0000000000032668        0xc zephyr/subsys/bluetooth/controller/libsubsys__bluetooth__controller.a(ll_feat.c.obj)
                0x0000000000032668                ll_feat_get
 .text.perform_lll_reset
                0x0000000000032674       0x94 zephyr/subsys/bluetooth/controller/libsubsys__bluetooth__controller.a(ull.c.obj)
 .text.ull_ticker_status_give
                0x0000000000032708        0xc zephyr/subsys/bluetooth/controller/libsubsys__bluetooth__controller.a(ull.c.obj)
                0x0000000000032708                ull_ticker_status_give
 .text.disabled_cb
                0x0000000000032714        0x4 zephyr/subsys/bluetooth/controller/libsubsys__bluetooth__controller.a(ull.c.obj)
 .text.tx_cmplt_get
                0x0000000000032718       0xb8 zephyr/subsys/bluetooth/controller/libsubsys__bluetooth__controller.a(ull.c.obj)
 .text.ull_done
                0x00000000000327d0      0x114 zephyr/subsys/bluetooth/controller/libsubsys__bluetooth__controller.a(ull.c.obj)
 .text.rx_alloc
                0x00000000000328e4      0x108 zephyr/subsys/bluetooth/controller/libsubsys__bluetooth__controller.a(ull.c.obj)
 .text.rx_demux
                0x00000000000329ec      0x1d4 zephyr/subsys/bluetooth/controller/libsubsys__bluetooth__controller.a(ull.c.obj)
 .text.ll_rx_get
                0x0000000000032bc0      0x1d8 zephyr/subsys/bluetooth/controller/libsubsys__bluetooth__controller.a(ull.c.obj)
                0x0000000000032bc0                ll_rx_get
 .text.ll_rx_dequeue
                0x0000000000032d98      0x1a0 zephyr/subsys/bluetooth/controller/libsubsys__bluetooth__controller.a(ull.c.obj)
                0x0000000000032d98                ll_rx_dequeue
 .text.ll_rx_mem_release
                0x0000000000032f38      0x18c zephyr/subsys/bluetooth/controller/libsubsys__bluetooth__controller.a(ull.c.obj)
                0x0000000000032f38                ll_rx_mem_release
 .text.ll_rx_link_alloc
                0x00000000000330c4        0xc zephyr/subsys/bluetooth/controller/libsubsys__bluetooth__controller.a(ull.c.obj)
                0x00000000000330c4                ll_rx_link_alloc
 .text.ll_rx_link_release
                0x00000000000330d0        0xc zephyr/subsys/bluetooth/controller/libsubsys__bluetooth__controller.a(ull.c.obj)
                0x00000000000330d0                ll_rx_link_release
 .text.ll_rx_alloc
                0x00000000000330dc        0xc zephyr/subsys/bluetooth/controller/libsubsys__bluetooth__controller.a(ull.c.obj)
                0x00000000000330dc                ll_rx_alloc
 .text.ll_rx_release
                0x00000000000330e8        0xc zephyr/subsys/bluetooth/controller/libsubsys__bluetooth__controller.a(ull.c.obj)
                0x00000000000330e8                ll_rx_release
 .text.ll_rx_put
                0x00000000000330f4       0x14 zephyr/subsys/bluetooth/controller/libsubsys__bluetooth__controller.a(ull.c.obj)
                0x00000000000330f4                ll_rx_put
 .text.ll_rx_sched
                0x0000000000033108        0xc zephyr/subsys/bluetooth/controller/libsubsys__bluetooth__controller.a(ull.c.obj)
                0x0000000000033108                ll_rx_sched
 .text.ll_pdu_rx_alloc_peek
                0x0000000000033114       0x40 zephyr/subsys/bluetooth/controller/libsubsys__bluetooth__controller.a(ull.c.obj)
                0x0000000000033114                ll_pdu_rx_alloc_peek
 .text.ll_pdu_rx_alloc
                0x0000000000033154       0x2c zephyr/subsys/bluetooth/controller/libsubsys__bluetooth__controller.a(ull.c.obj)
                0x0000000000033154                ll_pdu_rx_alloc
 .text.ll_tx_ack_put
                0x0000000000033180       0x64 zephyr/subsys/bluetooth/controller/libsubsys__bluetooth__controller.a(ull.c.obj)
                0x0000000000033180                ll_tx_ack_put
 .text.ll_timeslice_ticker_id_get
                0x00000000000331e4        0xc zephyr/subsys/bluetooth/controller/libsubsys__bluetooth__controller.a(ull.c.obj)
                0x00000000000331e4                ll_timeslice_ticker_id_get
 .text.ll_radio_state_abort
                0x00000000000331f0       0x40 zephyr/subsys/bluetooth/controller/libsubsys__bluetooth__controller.a(ull.c.obj)
                0x00000000000331f0                ll_radio_state_abort
 .text.ull_ticker_status_take
                0x0000000000033230       0x50 zephyr/subsys/bluetooth/controller/libsubsys__bluetooth__controller.a(ull.c.obj)
                0x0000000000033230                ull_ticker_status_take
 .text.ull_disable_mark
                0x0000000000033280       0x18 zephyr/subsys/bluetooth/controller/libsubsys__bluetooth__controller.a(ull.c.obj)
                0x0000000000033280                ull_disable_mark
 .text.ull_disable_unmark
                0x0000000000033298       0x18 zephyr/subsys/bluetooth/controller/libsubsys__bluetooth__controller.a(ull.c.obj)
                0x0000000000033298                ull_disable_unmark
 .text.ull_disable_mark_get
                0x00000000000332b0        0xc zephyr/subsys/bluetooth/controller/libsubsys__bluetooth__controller.a(ull.c.obj)
                0x00000000000332b0                ull_disable_mark_get
 .text.ull_update_mark
                0x00000000000332bc       0x18 zephyr/subsys/bluetooth/controller/libsubsys__bluetooth__controller.a(ull.c.obj)
                0x00000000000332bc                ull_update_mark
 .text.ull_update_unmark
                0x00000000000332d4       0x18 zephyr/subsys/bluetooth/controller/libsubsys__bluetooth__controller.a(ull.c.obj)
                0x00000000000332d4                ull_update_unmark
 .text.ull_update_mark_get
                0x00000000000332ec        0xc zephyr/subsys/bluetooth/controller/libsubsys__bluetooth__controller.a(ull.c.obj)
                0x00000000000332ec                ull_update_mark_get
 .text.ull_disable
                0x00000000000332f8       0x7c zephyr/subsys/bluetooth/controller/libsubsys__bluetooth__controller.a(ull.c.obj)
                0x00000000000332f8                ull_disable
 .text.ull_ticker_stop_with_mark
                0x0000000000033374       0x84 zephyr/subsys/bluetooth/controller/libsubsys__bluetooth__controller.a(ull.c.obj)
                0x0000000000033374                ull_ticker_stop_with_mark
 .text.ull_pdu_rx_alloc_peek
                0x00000000000333f8       0x40 zephyr/subsys/bluetooth/controller/libsubsys__bluetooth__controller.a(ull.c.obj)
                0x00000000000333f8                ull_pdu_rx_alloc_peek
 .text.ull_pdu_rx_alloc
                0x0000000000033438       0x2c zephyr/subsys/bluetooth/controller/libsubsys__bluetooth__controller.a(ull.c.obj)
                0x0000000000033438                ull_pdu_rx_alloc
 .text.ull_rx_put
                0x0000000000033464       0x20 zephyr/subsys/bluetooth/controller/libsubsys__bluetooth__controller.a(ull.c.obj)
                0x0000000000033464                ull_rx_put
 .text.ull_rx_sched
                0x0000000000033484       0x10 zephyr/subsys/bluetooth/controller/libsubsys__bluetooth__controller.a(ull.c.obj)
                0x0000000000033484                ull_rx_sched
 .text.ull_prepare_enqueue
                0x0000000000033494       0x64 zephyr/subsys/bluetooth/controller/libsubsys__bluetooth__controller.a(ull.c.obj)
                0x0000000000033494                ull_prepare_enqueue
 .text.ull_prepare_dequeue_get
                0x00000000000334f8       0x1c zephyr/subsys/bluetooth/controller/libsubsys__bluetooth__controller.a(ull.c.obj)
                0x00000000000334f8                ull_prepare_dequeue_get
 .text.ull_prepare_dequeue_iter
                0x0000000000033514       0x40 zephyr/subsys/bluetooth/controller/libsubsys__bluetooth__controller.a(ull.c.obj)
                0x0000000000033514                ull_prepare_dequeue_iter
 .text.ull_prepare_dequeue
                0x0000000000033554       0xa8 zephyr/subsys/bluetooth/controller/libsubsys__bluetooth__controller.a(ull.c.obj)
                0x0000000000033554                ull_prepare_dequeue
 .text.ull_event_done_extra_get
                0x00000000000335fc       0x20 zephyr/subsys/bluetooth/controller/libsubsys__bluetooth__controller.a(ull.c.obj)
                0x00000000000335fc                ull_event_done_extra_get
 .text.ull_event_done
                0x000000000003361c       0x5c zephyr/subsys/bluetooth/controller/libsubsys__bluetooth__controller.a(ull.c.obj)
                0x000000000003361c                ull_event_done
 .text.ull_rxfifo_alloc
                0x0000000000033678       0x88 zephyr/subsys/bluetooth/controller/libsubsys__bluetooth__controller.a(ull.c.obj)
                0x0000000000033678                ull_rxfifo_alloc
 .text.init_reset
                0x0000000000033700      0x130 zephyr/subsys/bluetooth/controller/libsubsys__bluetooth__controller.a(ull.c.obj)
 .text.ll_init  0x0000000000033830       0xe0 zephyr/subsys/bluetooth/controller/libsubsys__bluetooth__controller.a(ull.c.obj)
                0x0000000000033830                ll_init
 .text.ll_reset
                0x0000000000033910      0x120 zephyr/subsys/bluetooth/controller/libsubsys__bluetooth__controller.a(ull.c.obj)
                0x0000000000033910                ll_reset
 .text.lll_prepare
                0x0000000000033a30       0x14 zephyr/subsys/bluetooth/controller/libsubsys__bluetooth__controller.a(lll_common.c.obj)
                0x0000000000033a30                lll_prepare
 .text.lll_resume
                0x0000000000033a44       0x4c zephyr/subsys/bluetooth/controller/libsubsys__bluetooth__controller.a(lll_common.c.obj)
                0x0000000000033a44                lll_resume
 .text.ticker_stop_cb
                0x0000000000033a90       0x88 zephyr/subsys/bluetooth/controller/libsubsys__bluetooth__controller.a(ull_adv.c.obj)
 .text.disabled_cb
                0x0000000000033b18       0x94 zephyr/subsys/bluetooth/controller/libsubsys__bluetooth__controller.a(ull_adv.c.obj)
 .text.ticker_stop_op_cb
                0x0000000000033bac       0x48 zephyr/subsys/bluetooth/controller/libsubsys__bluetooth__controller.a(ull_adv.c.obj)
 .text.adv_disable
                0x0000000000033bf4       0x80 zephyr/subsys/bluetooth/controller/libsubsys__bluetooth__controller.a(ull_adv.c.obj)
 .text.ticker_update_op_cb
                0x0000000000033c74       0x38 zephyr/subsys/bluetooth/controller/libsubsys__bluetooth__controller.a(ull_adv.c.obj)
 .text.init_set.constprop.0
                0x0000000000033cac       0x54 zephyr/subsys/bluetooth/controller/libsubsys__bluetooth__controller.a(ull_adv.c.obj)
 .text.conn_release.constprop.0
                0x0000000000033d00       0x84 zephyr/subsys/bluetooth/controller/libsubsys__bluetooth__controller.a(ull_adv.c.obj)
 .text.disable.constprop.0
                0x0000000000033d84      0x15c zephyr/subsys/bluetooth/controller/libsubsys__bluetooth__controller.a(ull_adv.c.obj)
 .text.adv_time_get.constprop.0.isra.0
                0x0000000000033ee0       0x70 zephyr/subsys/bluetooth/controller/libsubsys__bluetooth__controller.a(ull_adv.c.obj)
 .text.ticker_cb
                0x0000000000033f50      0x134 zephyr/subsys/bluetooth/controller/libsubsys__bluetooth__controller.a(ull_adv.c.obj)
 .text.ll_adv_params_set
                0x0000000000034084      0x1dc zephyr/subsys/bluetooth/controller/libsubsys__bluetooth__controller.a(ull_adv.c.obj)
                0x0000000000034084                ll_adv_params_set
 .text.ull_adv_init
                0x0000000000034260       0x20 zephyr/subsys/bluetooth/controller/libsubsys__bluetooth__controller.a(ull_adv.c.obj)
                0x0000000000034260                ull_adv_init
 .text.ull_adv_reset
                0x0000000000034280        0xc zephyr/subsys/bluetooth/controller/libsubsys__bluetooth__controller.a(ull_adv.c.obj)
                0x0000000000034280                ull_adv_reset
 .text.ull_adv_reset_finalize
                0x000000000003428c       0x2c zephyr/subsys/bluetooth/controller/libsubsys__bluetooth__controller.a(ull_adv.c.obj)
                0x000000000003428c                ull_adv_reset_finalize
 .text.ull_adv_handle_get
                0x00000000000342b8       0x18 zephyr/subsys/bluetooth/controller/libsubsys__bluetooth__controller.a(ull_adv.c.obj)
                0x00000000000342b8                ull_adv_handle_get
 .text.ull_adv_lll_handle_get
                0x00000000000342d0       0x1c zephyr/subsys/bluetooth/controller/libsubsys__bluetooth__controller.a(ull_adv.c.obj)
                0x00000000000342d0                ull_adv_lll_handle_get
 .text.ull_adv_is_enabled_get
                0x00000000000342ec       0x1c zephyr/subsys/bluetooth/controller/libsubsys__bluetooth__controller.a(ull_adv.c.obj)
                0x00000000000342ec                ull_adv_is_enabled_get
 .text.ull_adv_is_enabled
                0x0000000000034308       0x18 zephyr/subsys/bluetooth/controller/libsubsys__bluetooth__controller.a(ull_adv.c.obj)
                0x0000000000034308                ull_adv_is_enabled
 .text.ull_adv_filter_pol_get
                0x0000000000034320       0x20 zephyr/subsys/bluetooth/controller/libsubsys__bluetooth__controller.a(ull_adv.c.obj)
                0x0000000000034320                ull_adv_filter_pol_get
 .text.ull_adv_pdu_update_addrs
                0x0000000000034340       0x64 zephyr/subsys/bluetooth/controller/libsubsys__bluetooth__controller.a(ull_adv.c.obj)
                0x0000000000034340                ull_adv_pdu_update_addrs
 .text.ull_adv_data_set
                0x00000000000343a4       0xac zephyr/subsys/bluetooth/controller/libsubsys__bluetooth__controller.a(ull_adv.c.obj)
                0x00000000000343a4                ull_adv_data_set
 .text.ll_adv_data_set
                0x0000000000034450       0x10 zephyr/subsys/bluetooth/controller/libsubsys__bluetooth__controller.a(ull_adv.c.obj)
                0x0000000000034450                ll_adv_data_set
 .text.ull_scan_rsp_set.part.0
                0x0000000000034460       0x88 zephyr/subsys/bluetooth/controller/libsubsys__bluetooth__controller.a(ull_adv.c.obj)
 .text.ll_adv_scan_rsp_set
                0x00000000000344e8       0x18 zephyr/subsys/bluetooth/controller/libsubsys__bluetooth__controller.a(ull_adv.c.obj)
                0x00000000000344e8                ll_adv_scan_rsp_set
 .text.init_reset
                0x0000000000034500       0x7c zephyr/subsys/bluetooth/controller/libsubsys__bluetooth__controller.a(ull_conn.c.obj)
 .text.ctrl_tx_pause_enqueue
                0x000000000003457c       0xf0 zephyr/subsys/bluetooth/controller/libsubsys__bluetooth__controller.a(ull_conn.c.obj)
 .text.tx_lll_flush
                0x000000000003466c       0xf4 zephyr/subsys/bluetooth/controller/libsubsys__bluetooth__controller.a(ull_conn.c.obj)
 .text.ctrl_tx_sec_enqueue
                0x0000000000034760       0x84 zephyr/subsys/bluetooth/controller/libsubsys__bluetooth__controller.a(ull_conn.c.obj)
 .text.ticker_stop_op_cb
                0x00000000000347e4       0x64 zephyr/subsys/bluetooth/controller/libsubsys__bluetooth__controller.a(ull_conn.c.obj)
 .text.disabled_cb
                0x0000000000034848       0x40 zephyr/subsys/bluetooth/controller/libsubsys__bluetooth__controller.a(ull_conn.c.obj)
 .text.conn_disable
                0x0000000000034888       0x80 zephyr/subsys/bluetooth/controller/libsubsys__bluetooth__controller.a(ull_conn.c.obj)
 .text.conn_setup_adv_scan_disabled_cb
                0x0000000000034908       0x40 zephyr/subsys/bluetooth/controller/libsubsys__bluetooth__controller.a(ull_conn.c.obj)
 .text.ticker_start_conn_op_cb
                0x0000000000034948       0x58 zephyr/subsys/bluetooth/controller/libsubsys__bluetooth__controller.a(ull_conn.c.obj)
 .text.ticker_stop_conn_op_cb
                0x00000000000349a0       0x58 zephyr/subsys/bluetooth/controller/libsubsys__bluetooth__controller.a(ull_conn.c.obj)
 .text.ticker_update_conn_op_cb
                0x00000000000349f8       0x40 zephyr/subsys/bluetooth/controller/libsubsys__bluetooth__controller.a(ull_conn.c.obj)
 .text.tx_ull_dequeue
                0x0000000000034a38       0x78 zephyr/subsys/bluetooth/controller/libsubsys__bluetooth__controller.a(ull_conn.c.obj)
 .text.reject_ext_ind_send
                0x0000000000034ab0      0x104 zephyr/subsys/bluetooth/controller/libsubsys__bluetooth__controller.a(ull_conn.c.obj)
 .text.event_len_prep
                0x0000000000034bb4      0x208 zephyr/subsys/bluetooth/controller/libsubsys__bluetooth__controller.a(ull_conn.c.obj)
 .text.event_phy_upd_ind_prep
                0x0000000000034dbc      0x3f4 zephyr/subsys/bluetooth/controller/libsubsys__bluetooth__controller.a(ull_conn.c.obj)
 .text.ll_conn_acquire
                0x00000000000351b0        0xc zephyr/subsys/bluetooth/controller/libsubsys__bluetooth__controller.a(ull_conn.c.obj)
                0x00000000000351b0                ll_conn_acquire
 .text.ll_conn_release
                0x00000000000351bc        0xc zephyr/subsys/bluetooth/controller/libsubsys__bluetooth__controller.a(ull_conn.c.obj)
                0x00000000000351bc                ll_conn_release
 .text.ll_conn_handle_get
                0x00000000000351c8       0x10 zephyr/subsys/bluetooth/controller/libsubsys__bluetooth__controller.a(ull_conn.c.obj)
                0x00000000000351c8                ll_conn_handle_get
 .text.ll_conn_get
                0x00000000000351d8       0x10 zephyr/subsys/bluetooth/controller/libsubsys__bluetooth__controller.a(ull_conn.c.obj)
                0x00000000000351d8                ll_conn_get
 .text.ll_connected_get
                0x00000000000351e8       0x24 zephyr/subsys/bluetooth/controller/libsubsys__bluetooth__controller.a(ull_conn.c.obj)
                0x00000000000351e8                ll_connected_get
 .text.ll_tx_mem_acquire
                0x000000000003520c        0xc zephyr/subsys/bluetooth/controller/libsubsys__bluetooth__controller.a(ull_conn.c.obj)
                0x000000000003520c                ll_tx_mem_acquire
 .text.ll_tx_mem_release
                0x0000000000035218        0xc zephyr/subsys/bluetooth/controller/libsubsys__bluetooth__controller.a(ull_conn.c.obj)
                0x0000000000035218                ll_tx_mem_release
 .text.ll_tx_mem_enqueue
                0x0000000000035224       0x94 zephyr/subsys/bluetooth/controller/libsubsys__bluetooth__controller.a(ull_conn.c.obj)
                0x0000000000035224                ll_tx_mem_enqueue
 .text.ll_conn_update
                0x00000000000352b8      0x124 zephyr/subsys/bluetooth/controller/libsubsys__bluetooth__controller.a(ull_conn.c.obj)
                0x00000000000352b8                ll_conn_update
 .text.ll_chm_get
                0x00000000000353dc       0x40 zephyr/subsys/bluetooth/controller/libsubsys__bluetooth__controller.a(ull_conn.c.obj)
                0x00000000000353dc                ll_chm_get
 .text.ll_terminate_ind_send
                0x000000000003541c       0x74 zephyr/subsys/bluetooth/controller/libsubsys__bluetooth__controller.a(ull_conn.c.obj)
                0x000000000003541c                ll_terminate_ind_send
 .text.ll_feature_req_send
                0x0000000000035490       0x4c zephyr/subsys/bluetooth/controller/libsubsys__bluetooth__controller.a(ull_conn.c.obj)
                0x0000000000035490                ll_feature_req_send
 .text.ll_version_ind_send
                0x00000000000354dc       0x4c zephyr/subsys/bluetooth/controller/libsubsys__bluetooth__controller.a(ull_conn.c.obj)
                0x00000000000354dc                ll_version_ind_send
 .text.ll_length_req_send
                0x0000000000035528       0xa0 zephyr/subsys/bluetooth/controller/libsubsys__bluetooth__controller.a(ull_conn.c.obj)
                0x0000000000035528                ll_length_req_send
 .text.ll_length_default_get
                0x00000000000355c8       0x18 zephyr/subsys/bluetooth/controller/libsubsys__bluetooth__controller.a(ull_conn.c.obj)
                0x00000000000355c8                ll_length_default_get
 .text.ll_length_default_set
                0x00000000000355e0       0x14 zephyr/subsys/bluetooth/controller/libsubsys__bluetooth__controller.a(ull_conn.c.obj)
                0x00000000000355e0                ll_length_default_set
 .text.ll_length_max_get
                0x00000000000355f4       0x18 zephyr/subsys/bluetooth/controller/libsubsys__bluetooth__controller.a(ull_conn.c.obj)
                0x00000000000355f4                ll_length_max_get
 .text.ll_phy_get
                0x000000000003560c       0x3c zephyr/subsys/bluetooth/controller/libsubsys__bluetooth__controller.a(ull_conn.c.obj)
                0x000000000003560c                ll_phy_get
 .text.ll_phy_default_set
                0x0000000000035648       0x14 zephyr/subsys/bluetooth/controller/libsubsys__bluetooth__controller.a(ull_conn.c.obj)
                0x0000000000035648                ll_phy_default_set
 .text.ll_phy_req_send
                0x000000000003565c       0xa4 zephyr/subsys/bluetooth/controller/libsubsys__bluetooth__controller.a(ull_conn.c.obj)
                0x000000000003565c                ll_phy_req_send
 .text.ll_apto_get
                0x0000000000035700       0x48 zephyr/subsys/bluetooth/controller/libsubsys__bluetooth__controller.a(ull_conn.c.obj)
                0x0000000000035700                ll_apto_get
 .text.ll_apto_set
                0x0000000000035748       0x44 zephyr/subsys/bluetooth/controller/libsubsys__bluetooth__controller.a(ull_conn.c.obj)
                0x0000000000035748                ll_apto_set
 .text.ull_conn_init
                0x000000000003578c        0x4 zephyr/subsys/bluetooth/controller/libsubsys__bluetooth__controller.a(ull_conn.c.obj)
                0x000000000003578c                ull_conn_init
 .text.ull_conn_reset
                0x0000000000035790       0x7c zephyr/subsys/bluetooth/controller/libsubsys__bluetooth__controller.a(ull_conn.c.obj)
                0x0000000000035790                ull_conn_reset
 .text.ull_conn_default_tx_octets_get
                0x000000000003580c        0xc zephyr/subsys/bluetooth/controller/libsubsys__bluetooth__controller.a(ull_conn.c.obj)
                0x000000000003580c                ull_conn_default_tx_octets_get
 .text.ull_conn_default_tx_time_get
                0x0000000000035818        0xc zephyr/subsys/bluetooth/controller/libsubsys__bluetooth__controller.a(ull_conn.c.obj)
                0x0000000000035818                ull_conn_default_tx_time_get
 .text.ull_conn_default_phy_tx_get
                0x0000000000035824        0xc zephyr/subsys/bluetooth/controller/libsubsys__bluetooth__controller.a(ull_conn.c.obj)
                0x0000000000035824                ull_conn_default_phy_tx_get
 .text.ull_conn_default_phy_rx_get
                0x0000000000035830        0xc zephyr/subsys/bluetooth/controller/libsubsys__bluetooth__controller.a(ull_conn.c.obj)
                0x0000000000035830                ull_conn_default_phy_rx_get
 .text.ull_conn_setup
                0x000000000003583c       0x50 zephyr/subsys/bluetooth/controller/libsubsys__bluetooth__controller.a(ull_conn.c.obj)
                0x000000000003583c                ull_conn_setup
 .text.ull_conn_rx
                0x000000000003588c     0x164c zephyr/subsys/bluetooth/controller/libsubsys__bluetooth__controller.a(ull_conn.c.obj)
                0x000000000003588c                ull_conn_rx
 .text.ull_conn_llcp
                0x0000000000036ed8     0x14b4 zephyr/subsys/bluetooth/controller/libsubsys__bluetooth__controller.a(ull_conn.c.obj)
                0x0000000000036ed8                ull_conn_llcp
 .text.ull_conn_tx_demux
                0x000000000003838c       0xa0 zephyr/subsys/bluetooth/controller/libsubsys__bluetooth__controller.a(ull_conn.c.obj)
                0x000000000003838c                ull_conn_tx_demux
 .text.conn_cleanup
                0x000000000003842c      0x104 zephyr/subsys/bluetooth/controller/libsubsys__bluetooth__controller.a(ull_conn.c.obj)
 .text.ull_conn_done
                0x0000000000038530      0x2fc zephyr/subsys/bluetooth/controller/libsubsys__bluetooth__controller.a(ull_conn.c.obj)
                0x0000000000038530                ull_conn_done
 .text.ull_conn_tx_lll_enqueue
                0x000000000003882c      0x198 zephyr/subsys/bluetooth/controller/libsubsys__bluetooth__controller.a(ull_conn.c.obj)
                0x000000000003882c                ull_conn_tx_lll_enqueue
 .text.tx_demux
                0x00000000000389c4       0x18 zephyr/subsys/bluetooth/controller/libsubsys__bluetooth__controller.a(ull_conn.c.obj)
 .text.ull_conn_link_tx_release
                0x00000000000389dc        0xc zephyr/subsys/bluetooth/controller/libsubsys__bluetooth__controller.a(ull_conn.c.obj)
                0x00000000000389dc                ull_conn_link_tx_release
 .text.ull_conn_ack_last_idx_get
                0x00000000000389e8        0xc zephyr/subsys/bluetooth/controller/libsubsys__bluetooth__controller.a(ull_conn.c.obj)
                0x00000000000389e8                ull_conn_ack_last_idx_get
 .text.ull_conn_ack_peek
                0x00000000000389f4       0x38 zephyr/subsys/bluetooth/controller/libsubsys__bluetooth__controller.a(ull_conn.c.obj)
                0x00000000000389f4                ull_conn_ack_peek
 .text.ull_conn_ack_by_last_peek